// Jest Snapshot v1, https://goo.gl/fbAQLP

exports[`useBook should return book 1`] = `
Object {
  "data": Object {
    "cover": "https://loremflickr.com/1280/1910/animals",
    "desc": Object {
      "is_folded": true,
      "text": "Rerum distinctio atque consequatur amet iure sequi voluptas dolorem. Suscipit non quam. Deserunt omnis sint similique cum aliquid est sunt odio nemo. Inventore est ut ut magnam ea dolores ipsum ea recusandae. Et facere cumque quae fuga dolor ipsa dolor. Unde sit cupiditate. Sint aspernatur ullam a est repellendus ducimus. Maxime id est dolor nobis fuga. Voluptatem veniam maiores aut laborum perferendis harum quo minus. Consequatur natus nihil dicta et. Placeat et aut earum harum a. Impedit occaecati magni fuga et cumque excepturi enim voluptas. Quasi ipsum ut.",
    },
    "digest": Object {
      "is_folded": true,
      "text": "Sequi voluptates delectus ullam laborum. Porro et consequuntur harum. Hic praesentium maiores qui asperiores qui vero accusantium nemo voluptas. Sequi voluptatum perferendis aperiam qui assumenda velit necessitatibus. Adipisci animi molestias aspernatur quas vel consequatur veniam. Nisi voluptas eos. Facere laboriosam rerum quidem possimus nisi sit totam veniam. Repellendus magni et similique consequatur vel officiis ullam. Est quidem ullam eum voluptas porro et voluptates doloribus. Aut minima reprehenderit commodi nemo ducimus atque.",
    },
    "id": "bk1000",
    "mate": Object {
      "author": "Gardner",
      "isbn": "978-1798832496",
      "language": "English",
      "paperback": 349,
      "publication_date": "2021-10-14T11:31:41.496Z",
      "publisher": "Mante Inc",
      "subtitle": "Officiis adipisci rerum dolorum cum et totam eveniet culpa qui.",
    },
    "rates": 41,
    "tags": Array [
      "deleniti quia",
      "doloremque dolorum",
      "et sed",
      "ut facilis",
      "et dolorem",
      "non omnis",
      "qui neque",
    ],
    "title": "text",
  },
  "error": undefined,
  "isLoading": false,
  "isValidating": false,
  "mutate": [Function],
}
`;

exports[`useBooks should return books 1`] = `
Object {
  "data": Array [
    Object {
      "cover": "https://loremflickr.com/1280/1910/sports",
      "desc": Object {
        "text": "Quis dolore similique accusantium officiis adipisci. Dolorum cum et totam eveniet culpa qui quibusdam ad facere. Rerum distinctio atque consequatur amet iure sequi voluptas dolorem. Suscipit non quam. Deserunt omnis sint similique cum aliquid est sunt odio nemo. Inventore est ut ut magnam ea dolores ipsum ea recusandae. Et facere cumque quae fuga dolor ipsa dolor. Unde sit cupiditate. Sint aspernatur ullam a est repellendus ducimus. Maxime id est dolor nobis fuga.",
      },
      "id": "bk90",
      "mate": Object {
        "author": "Gracie",
      },
      "rates": 78,
      "tags": Array [
        "quia doloremque",
        "dolorum et",
        "sed ut",
        "facilis et",
        "dolorem non",
      ],
      "title": "catch",
    },
    Object {
      "cover": "https://loremflickr.com/1280/1910/cats",
      "desc": Object {
        "text": "Impedit occaecati magni fuga et cumque excepturi enim voluptas. Quasi ipsum ut. Quia exercitationem sequi voluptates delectus ullam laborum. Porro et consequuntur harum. Hic praesentium maiores qui asperiores qui vero accusantium nemo voluptas. Sequi voluptatum perferendis aperiam qui assumenda velit necessitatibus. Adipisci animi molestias aspernatur quas vel consequatur veniam. Nisi voluptas eos. Facere laboriosam rerum quidem possimus nisi sit totam veniam. Repellendus magni et similique consequatur vel officiis ullam. Est quidem ullam eum voluptas porro et voluptates doloribus. Aut minima reprehenderit commodi nemo ducimus atque. Minima neque natus consequatur pariatur odit quaerat.",
      },
      "id": "bk88",
      "mate": Object {
        "author": "Lonnie",
      },
      "rates": 95,
      "tags": Array [
        "aut laborum",
        "perferendis harum",
        "quo minus",
        "quis consequatur",
        "natus nihil",
        "dicta et",
        "voluptate placeat",
        "et aut",
      ],
      "title": "cheek",
    },
    Object {
      "cover": "https://loremflickr.com/1280/1910/city",
      "desc": Object {
        "text": "Dolor ut quos odio quam nihil rerum quia assumenda. Perspiciatis exercitationem in reprehenderit. Molestiae aut quia voluptatem. Voluptatum dolore officiis facere ea hic nihil voluptatem ut. Consequuntur accusamus similique odit. Repellat culpa explicabo. In ex harum veniam. Corporis fuga saepe facilis. Ut labore similique molestias nihil. Aspernatur reprehenderit neque natus. Consequatur blanditiis odio ad blanditiis ab.",
      },
      "id": "bk41",
      "mate": Object {
        "author": "Raegan",
      },
      "rates": 4,
      "tags": Array [
        "quia omnis",
        "et ducimus",
        "neque cum",
        "eveniet magnam",
        "vitae sint",
        "molestiae fugit",
      ],
      "title": "rivulet",
    },
    Object {
      "cover": "https://loremflickr.com/1280/1910/nature",
      "desc": Object {
        "text": "Natus qui eius magni autem iusto. Libero fugit consequatur voluptatibus nisi voluptas enim hic voluptate. Aliquam impedit consectetur. Praesentium libero quisquam. In eligendi labore. Numquam quis voluptas. Aut aut perferendis laborum autem. Sunt et dolore reprehenderit rerum dolorem itaque. In modi minima. Quisquam velit asperiores nemo ipsam iste amet at cumque rerum. Velit est id autem soluta deleniti voluptas. Aut libero nihil iusto deserunt qui id eveniet officia totam.",
      },
      "id": "bk60",
      "mate": Object {
        "author": "Urban",
      },
      "rates": 85,
      "tags": Array [
        "sit dignissimos",
        "voluptas veniam",
      ],
      "title": "ceramic",
    },
    Object {
      "cover": "https://loremflickr.com/1280/1910/abstract",
      "desc": Object {
        "text": "Alias aliquid quidem. Iste ab repellendus sunt suscipit. Nulla odit debitis est. Exercitationem non quia ratione itaque molestias qui libero aspernatur. Corporis in repudiandae aut ipsam soluta. Vel vel facere autem modi quos qui eaque. Ea quibusdam totam dolor officiis et aut est corporis. Voluptas est non fugit occaecati numquam dolor fugit ipsa consequatur. Repellat laboriosam nulla eveniet voluptatem fugiat tempore veritatis vitae cumque. Voluptatum est tempora itaque. Nesciunt unde doloribus est est sed et pariatur. Aut vero impedit quidem pariatur non sequi voluptas. Illo nemo voluptatibus deserunt amet dolorum soluta culpa itaque esse.",
      },
      "id": "bk61",
      "mate": Object {
        "author": "Janet",
      },
      "rates": 74,
      "tags": Array [
        "itaque quos",
        "assumenda et",
        "quia impedit",
        "rerum enim",
      ],
      "title": "downforce",
    },
    Object {
      "cover": "https://loremflickr.com/1280/1910/nightlife",
      "desc": Object {
        "text": "Et tempore accusamus et porro doloribus. Voluptatibus minus voluptatibus omnis quo. Voluptas unde neque sit sit id aut voluptas maxime. Inventore quasi impedit deleniti nobis sed perferendis repellendus. Occaecati illo voluptates perspiciatis sequi a. Sint tenetur quod. Quod eaque ducimus aperiam mollitia. Ullam voluptas ad temporibus fugiat qui. Corrupti amet at quidem cumque facilis. Perspiciatis quo placeat aspernatur quos.",
      },
      "id": "bk92",
      "mate": Object {
        "author": "Bria",
      },
      "rates": 97,
      "tags": Array [
        "quia consequatur",
        "excepturi vel",
        "doloribus tempora",
        "porro illum",
        "est aliquid",
      ],
      "title": "dueling",
    },
    Object {
      "cover": "https://loremflickr.com/1280/1910/nature",
      "desc": Object {
        "text": "Esse autem iusto quia rem maxime reprehenderit autem ea optio. Dolorum autem porro. Aut consequatur pariatur soluta magnam laborum exercitationem eligendi. Dolor corrupti earum rerum non. Vero aperiam animi eum vero aspernatur officiis repellendus commodi. Qui in maxime. Ipsa eaque debitis ab consequatur provident nihil fuga qui. Delectus tenetur sint et et nemo. Deleniti fuga eveniet sit fugiat ea consequatur repellendus. Autem quis fugit est nihil itaque inventore aut. Est placeat delectus veritatis veritatis ipsa voluptatum ut ratione. Aut rerum vel sit blanditiis voluptatum autem occaecati ratione animi. Iure odio delectus veniam neque tenetur natus.",
      },
      "id": "bk92",
      "mate": Object {
        "author": "Marta",
      },
      "rates": 0,
      "tags": Array [
        "sit inventore",
        "aspernatur fugiat",
        "molestiae distinctio",
        "vel soluta",
        "quasi saepe",
        "quo nihil",
        "perspiciatis eveniet",
      ],
      "title": "fortune",
    },
    Object {
      "cover": "https://loremflickr.com/1280/1910/sports",
      "desc": Object {
        "text": "Quod ex cum qui sit qui eum qui exercitationem autem. Quae eligendi cupiditate sed nihil deserunt. Consequuntur aut placeat sequi magni. Voluptatem unde occaecati animi eum molestiae a sunt labore. Corporis quia et sed ullam. Id et officiis aut. Blanditiis eveniet doloribus ea. Autem dolorem tenetur reprehenderit ut excepturi qui. Delectus est nihil quidem hic est. Provident cumque est esse totam voluptas et in dolores. Quo et id ea minima repellendus quia sed porro necessitatibus.",
      },
      "id": "bk57",
      "mate": Object {
        "author": "Florida",
      },
      "rates": 34,
      "tags": Array [
        "beatae natus",
        "sequi accusamus",
      ],
      "title": "mist",
    },
    Object {
      "cover": "https://loremflickr.com/1280/1910/technics",
      "desc": Object {
        "text": "Ut esse nihil aut possimus. Fuga illo rerum et quia molestiae. Non quis numquam alias quos provident quis eum molestiae et. Ullam occaecati omnis hic magni. Autem consequatur reiciendis voluptatibus doloremque ut. Iusto aut tenetur atque sed placeat. Et omnis praesentium sed quod aspernatur tempore. Libero modi dolorem et eum ipsum vel tenetur. Velit veritatis veniam suscipit possimus. Alias corrupti tempore sapiente modi et necessitatibus quos ut. Molestiae alias accusantium atque. Iusto aut minus ad ab inventore repellendus.",
      },
      "id": "bk33",
      "mate": Object {
        "author": "Muhammad",
      },
      "rates": 29,
      "tags": Array [
        "est ea",
        "iste vitae",
        "et eaque",
        "magnam sed",
        "quidem modi",
        "id voluptate",
        "aperiam qui",
      ],
      "title": "tablecloth",
    },
    Object {
      "cover": "https://loremflickr.com/1280/1910/cats",
      "desc": Object {
        "text": "Totam quia voluptatum voluptas. Nobis nulla molestias autem quia consequatur commodi. Qui quia ipsam velit est. Temporibus voluptas et deserunt nemo voluptate et inventore facere. Atque tempora qui ab atque incidunt assumenda similique laborum. Facilis eius quo temporibus sequi omnis quidem. Soluta et error mollitia aut amet ut facere maiores. Dolor voluptas vel et. At molestias debitis est. Veritatis veniam iste.",
      },
      "id": "bk92",
      "mate": Object {
        "author": "Lenora",
      },
      "rates": 48,
      "tags": Array [
        "enim quae",
        "ut voluptates",
        "voluptates ad",
        "vitae explicabo",
        "et repudiandae",
        "aliquam magni",
        "quia suscipit",
        "deserunt perferendis",
      ],
      "title": "sake",
    },
  ],
  "error": undefined,
  "isLoading": false,
  "isValidating": false,
  "mutate": [Function],
}
`;

exports[`useBooksInfinite should return books 1`] = `
Object {
  "data": Array [
    Array [
      Object {
        "cover": "https://loremflickr.com/1280/1910/sports",
        "desc": Object {
          "text": "Quis dolore similique accusantium officiis adipisci. Dolorum cum et totam eveniet culpa qui quibusdam ad facere. Rerum distinctio atque consequatur amet iure sequi voluptas dolorem. Suscipit non quam. Deserunt omnis sint similique cum aliquid est sunt odio nemo. Inventore est ut ut magnam ea dolores ipsum ea recusandae. Et facere cumque quae fuga dolor ipsa dolor. Unde sit cupiditate. Sint aspernatur ullam a est repellendus ducimus. Maxime id est dolor nobis fuga.",
        },
        "id": "bk90",
        "mate": Object {
          "author": "Gracie",
        },
        "rates": 78,
        "tags": Array [
          "quia doloremque",
          "dolorum et",
          "sed ut",
          "facilis et",
          "dolorem non",
        ],
        "title": "catch",
      },
      Object {
        "cover": "https://loremflickr.com/1280/1910/cats",
        "desc": Object {
          "text": "Impedit occaecati magni fuga et cumque excepturi enim voluptas. Quasi ipsum ut. Quia exercitationem sequi voluptates delectus ullam laborum. Porro et consequuntur harum. Hic praesentium maiores qui asperiores qui vero accusantium nemo voluptas. Sequi voluptatum perferendis aperiam qui assumenda velit necessitatibus. Adipisci animi molestias aspernatur quas vel consequatur veniam. Nisi voluptas eos. Facere laboriosam rerum quidem possimus nisi sit totam veniam. Repellendus magni et similique consequatur vel officiis ullam. Est quidem ullam eum voluptas porro et voluptates doloribus. Aut minima reprehenderit commodi nemo ducimus atque. Minima neque natus consequatur pariatur odit quaerat.",
        },
        "id": "bk88",
        "mate": Object {
          "author": "Lonnie",
        },
        "rates": 95,
        "tags": Array [
          "aut laborum",
          "perferendis harum",
          "quo minus",
          "quis consequatur",
          "natus nihil",
          "dicta et",
          "voluptate placeat",
          "et aut",
        ],
        "title": "cheek",
      },
      Object {
        "cover": "https://loremflickr.com/1280/1910/city",
        "desc": Object {
          "text": "Dolor ut quos odio quam nihil rerum quia assumenda. Perspiciatis exercitationem in reprehenderit. Molestiae aut quia voluptatem. Voluptatum dolore officiis facere ea hic nihil voluptatem ut. Consequuntur accusamus similique odit. Repellat culpa explicabo. In ex harum veniam. Corporis fuga saepe facilis. Ut labore similique molestias nihil. Aspernatur reprehenderit neque natus. Consequatur blanditiis odio ad blanditiis ab.",
        },
        "id": "bk41",
        "mate": Object {
          "author": "Raegan",
        },
        "rates": 4,
        "tags": Array [
          "quia omnis",
          "et ducimus",
          "neque cum",
          "eveniet magnam",
          "vitae sint",
          "molestiae fugit",
        ],
        "title": "rivulet",
      },
      Object {
        "cover": "https://loremflickr.com/1280/1910/nature",
        "desc": Object {
          "text": "Natus qui eius magni autem iusto. Libero fugit consequatur voluptatibus nisi voluptas enim hic voluptate. Aliquam impedit consectetur. Praesentium libero quisquam. In eligendi labore. Numquam quis voluptas. Aut aut perferendis laborum autem. Sunt et dolore reprehenderit rerum dolorem itaque. In modi minima. Quisquam velit asperiores nemo ipsam iste amet at cumque rerum. Velit est id autem soluta deleniti voluptas. Aut libero nihil iusto deserunt qui id eveniet officia totam.",
        },
        "id": "bk60",
        "mate": Object {
          "author": "Urban",
        },
        "rates": 85,
        "tags": Array [
          "sit dignissimos",
          "voluptas veniam",
        ],
        "title": "ceramic",
      },
      Object {
        "cover": "https://loremflickr.com/1280/1910/abstract",
        "desc": Object {
          "text": "Alias aliquid quidem. Iste ab repellendus sunt suscipit. Nulla odit debitis est. Exercitationem non quia ratione itaque molestias qui libero aspernatur. Corporis in repudiandae aut ipsam soluta. Vel vel facere autem modi quos qui eaque. Ea quibusdam totam dolor officiis et aut est corporis. Voluptas est non fugit occaecati numquam dolor fugit ipsa consequatur. Repellat laboriosam nulla eveniet voluptatem fugiat tempore veritatis vitae cumque. Voluptatum est tempora itaque. Nesciunt unde doloribus est est sed et pariatur. Aut vero impedit quidem pariatur non sequi voluptas. Illo nemo voluptatibus deserunt amet dolorum soluta culpa itaque esse.",
        },
        "id": "bk61",
        "mate": Object {
          "author": "Janet",
        },
        "rates": 74,
        "tags": Array [
          "itaque quos",
          "assumenda et",
          "quia impedit",
          "rerum enim",
        ],
        "title": "downforce",
      },
      Object {
        "cover": "https://loremflickr.com/1280/1910/nightlife",
        "desc": Object {
          "text": "Et tempore accusamus et porro doloribus. Voluptatibus minus voluptatibus omnis quo. Voluptas unde neque sit sit id aut voluptas maxime. Inventore quasi impedit deleniti nobis sed perferendis repellendus. Occaecati illo voluptates perspiciatis sequi a. Sint tenetur quod. Quod eaque ducimus aperiam mollitia. Ullam voluptas ad temporibus fugiat qui. Corrupti amet at quidem cumque facilis. Perspiciatis quo placeat aspernatur quos.",
        },
        "id": "bk92",
        "mate": Object {
          "author": "Bria",
        },
        "rates": 97,
        "tags": Array [
          "quia consequatur",
          "excepturi vel",
          "doloribus tempora",
          "porro illum",
          "est aliquid",
        ],
        "title": "dueling",
      },
      Object {
        "cover": "https://loremflickr.com/1280/1910/nature",
        "desc": Object {
          "text": "Esse autem iusto quia rem maxime reprehenderit autem ea optio. Dolorum autem porro. Aut consequatur pariatur soluta magnam laborum exercitationem eligendi. Dolor corrupti earum rerum non. Vero aperiam animi eum vero aspernatur officiis repellendus commodi. Qui in maxime. Ipsa eaque debitis ab consequatur provident nihil fuga qui. Delectus tenetur sint et et nemo. Deleniti fuga eveniet sit fugiat ea consequatur repellendus. Autem quis fugit est nihil itaque inventore aut. Est placeat delectus veritatis veritatis ipsa voluptatum ut ratione. Aut rerum vel sit blanditiis voluptatum autem occaecati ratione animi. Iure odio delectus veniam neque tenetur natus.",
        },
        "id": "bk92",
        "mate": Object {
          "author": "Marta",
        },
        "rates": 0,
        "tags": Array [
          "sit inventore",
          "aspernatur fugiat",
          "molestiae distinctio",
          "vel soluta",
          "quasi saepe",
          "quo nihil",
          "perspiciatis eveniet",
        ],
        "title": "fortune",
      },
      Object {
        "cover": "https://loremflickr.com/1280/1910/sports",
        "desc": Object {
          "text": "Quod ex cum qui sit qui eum qui exercitationem autem. Quae eligendi cupiditate sed nihil deserunt. Consequuntur aut placeat sequi magni. Voluptatem unde occaecati animi eum molestiae a sunt labore. Corporis quia et sed ullam. Id et officiis aut. Blanditiis eveniet doloribus ea. Autem dolorem tenetur reprehenderit ut excepturi qui. Delectus est nihil quidem hic est. Provident cumque est esse totam voluptas et in dolores. Quo et id ea minima repellendus quia sed porro necessitatibus.",
        },
        "id": "bk57",
        "mate": Object {
          "author": "Florida",
        },
        "rates": 34,
        "tags": Array [
          "beatae natus",
          "sequi accusamus",
        ],
        "title": "mist",
      },
      Object {
        "cover": "https://loremflickr.com/1280/1910/technics",
        "desc": Object {
          "text": "Ut esse nihil aut possimus. Fuga illo rerum et quia molestiae. Non quis numquam alias quos provident quis eum molestiae et. Ullam occaecati omnis hic magni. Autem consequatur reiciendis voluptatibus doloremque ut. Iusto aut tenetur atque sed placeat. Et omnis praesentium sed quod aspernatur tempore. Libero modi dolorem et eum ipsum vel tenetur. Velit veritatis veniam suscipit possimus. Alias corrupti tempore sapiente modi et necessitatibus quos ut. Molestiae alias accusantium atque. Iusto aut minus ad ab inventore repellendus.",
        },
        "id": "bk33",
        "mate": Object {
          "author": "Muhammad",
        },
        "rates": 29,
        "tags": Array [
          "est ea",
          "iste vitae",
          "et eaque",
          "magnam sed",
          "quidem modi",
          "id voluptate",
          "aperiam qui",
        ],
        "title": "tablecloth",
      },
      Object {
        "cover": "https://loremflickr.com/1280/1910/cats",
        "desc": Object {
          "text": "Totam quia voluptatum voluptas. Nobis nulla molestias autem quia consequatur commodi. Qui quia ipsam velit est. Temporibus voluptas et deserunt nemo voluptate et inventore facere. Atque tempora qui ab atque incidunt assumenda similique laborum. Facilis eius quo temporibus sequi omnis quidem. Soluta et error mollitia aut amet ut facere maiores. Dolor voluptas vel et. At molestias debitis est. Veritatis veniam iste.",
        },
        "id": "bk92",
        "mate": Object {
          "author": "Lenora",
        },
        "rates": 48,
        "tags": Array [
          "enim quae",
          "ut voluptates",
          "voluptates ad",
          "vitae explicabo",
          "et repudiandae",
          "aliquam magni",
          "quia suscipit",
          "deserunt perferendis",
        ],
        "title": "sake",
      },
    ],
  ],
  "error": undefined,
  "isLoading": false,
  "isValidating": false,
  "mutate": [Function],
  "setSize": [Function],
  "size": 1,
}
`;
