// Jest Snapshot v1, https://goo.gl/fbAQLP

exports[`useComments should return comment 1`] = `
Object {
  "data": Array [
    Object {
      "author_meta": Object {
        "avatar": "https://cloudflare-ipfs.com/ipfs/Qmd3W5DuhgHirLHGVixi6V76LhCkZUz6pnFt5AJBiyvHye/avatar/1029.jpg",
        "email": "Conor_Gleichner@yahoo.com",
        "id": "85081",
        "username": "Jaylan62",
      },
      "belongs_to": "bk73940",
      "id": "cm90018672313",
      "is_folded": true,
      "meta": Object {
        "created_at": "2021-12-31T17:35:53.007Z",
        "dislike": 569,
        "likes": 249,
        "location": "Tajikistan",
        "rates": 37,
        "short_review": "Omnis qui neque velit.",
      },
      "msg": Object {
        "content": Array [
          Object {
            "attrs": Object {
              "level": 1,
            },
            "content": Array [
              Object {
                "text": "Magni fuga et cumque excepturi enim voluptas.",
                "type": "text",
              },
            ],
            "type": "heading",
          },
          Object {
            "content": Array [
              Object {
                "text": "Ipsum ut laborum. Exercitationem sequi voluptates delectus. Laborum tempora porro et consequuntur.<br/> Hic praesentium maiores qui asperiores qui vero accusantium nemo voluptas. Sequi voluptatum perferendis aperiam qui assumenda velit necessitatibus. Adipisci animi molestias aspernatur quas vel consequatur veniam. Nisi voluptas eos. Facere laboriosam rerum quidem possimus nisi sit totam veniam.<br/> Magni et similique consequatur vel officiis ullam accusamus est. Ullam eum voluptas porro et voluptates doloribus laborum. Minima reprehenderit commodi. Ducimus atque mollitia minima neque. Consequatur pariatur odit quaerat voluptate facere voluptatem.",
                "type": "text",
              },
            ],
            "type": "paragraph",
          },
        ],
        "type": "doc",
      },
      "responds": Array [
        Object {
          "author_meta": Object {
            "avatar": "https://cloudflare-ipfs.com/ipfs/Qmd3W5DuhgHirLHGVixi6V76LhCkZUz6pnFt5AJBiyvHye/avatar/943.jpg",
            "email": "Kristian.Rempel75@hotmail.com",
            "id": "27435",
            "username": "Tyreek_Mraz46",
          },
          "belongs_to": "cm90018672313",
          "id": "cm90018672313-1",
          "is_folded": true,
          "meta": Object {
            "created_at": "2021-12-27T03:41:28.880Z",
            "dislike": 661,
            "likes": 946,
            "location": "Slovakia (Slovak Republic)",
          },
          "msg": Object {
            "content": Array [
              Object {
                "content": Array [
                  Object {
                    "text": "Dolorem ipsa suscipit non quam. Deserunt omnis sint similique cum aliquid est sunt odio nemo. Inventore est ut ut magnam ea dolores ipsum ea recusandae.",
                    "type": "text",
                  },
                ],
                "type": "paragraph",
              },
            ],
            "type": "doc",
          },
        },
        Object {
          "author_meta": Object {
            "avatar": "https://cloudflare-ipfs.com/ipfs/Qmd3W5DuhgHirLHGVixi6V76LhCkZUz6pnFt5AJBiyvHye/avatar/21.jpg",
            "email": "Allie54@hotmail.com",
            "id": "68660",
            "username": "Nicholaus62",
          },
          "belongs_to": "cm90018672313-0",
          "id": "cm90018672313-2",
          "is_folded": true,
          "meta": Object {
            "created_at": "2021-12-26T20:26:40.750Z",
            "dislike": 514,
            "likes": 523,
            "location": "Bhutan",
          },
          "msg": Object {
            "content": Array [
              Object {
                "content": Array [
                  Object {
                    "text": "Ducimus odio maxime id est dolor nobis fuga officiis. Veniam maiores aut laborum. Harum quo minus. Consequatur natus nihil dicta et. Placeat et aut earum harum a.",
                    "type": "text",
                  },
                ],
                "type": "paragraph",
              },
            ],
            "type": "doc",
          },
        },
      ],
    },
    Object {
      "author_meta": Object {
        "avatar": "https://cloudflare-ipfs.com/ipfs/Qmd3W5DuhgHirLHGVixi6V76LhCkZUz6pnFt5AJBiyvHye/avatar/533.jpg",
        "email": "Sonny91@hotmail.com",
        "id": "20927",
        "username": "Orie.Kuphal",
      },
      "belongs_to": "bk40838",
      "id": "cm90018672313",
      "is_folded": true,
      "meta": Object {
        "created_at": "2021-12-27T01:51:02.058Z",
        "dislike": 904,
        "likes": 782,
        "location": "Japan",
        "rates": 80,
        "short_review": "Quae consequatur quis.",
      },
      "msg": Object {
        "content": Array [
          Object {
            "attrs": Object {
              "level": 1,
            },
            "content": Array [
              Object {
                "text": "Enim hic voluptate voluptatem aliquam.",
                "type": "text",
              },
            ],
            "type": "heading",
          },
          Object {
            "content": Array [
              Object {
                "text": "Alias praesentium libero quisquam. In eligendi labore. Numquam quis voluptas. Aut aut perferendis laborum autem. Sunt et dolore reprehenderit rerum dolorem itaque.<br/> Modi minima recusandae quisquam velit asperiores. Ipsam iste amet at cumque. Animi velit est id autem soluta deleniti voluptas et aut.<br/> Iusto deserunt qui id eveniet officia. Est minima quasi nihil itaque quos. Et quia impedit rerum enim id rem at fugit. Aliquid quidem enim. Ab repellendus sunt suscipit adipisci nulla odit.",
                "type": "text",
              },
            ],
            "type": "paragraph",
          },
        ],
        "type": "doc",
      },
      "responds": Array [
        Object {
          "author_meta": Object {
            "avatar": "https://cloudflare-ipfs.com/ipfs/Qmd3W5DuhgHirLHGVixi6V76LhCkZUz6pnFt5AJBiyvHye/avatar/218.jpg",
            "email": "Kariane.Greenholt@gmail.com",
            "id": "47876",
            "username": "Mckenzie76",
          },
          "belongs_to": "cm90018672313",
          "id": "cm90018672313-1",
          "is_folded": true,
          "meta": Object {
            "created_at": "2021-12-28T18:14:08.276Z",
            "dislike": 973,
            "likes": 427,
            "location": "Georgia",
          },
          "msg": Object {
            "content": Array [
              Object {
                "content": Array [
                  Object {
                    "text": "Facere ea hic nihil voluptatem ut adipisci consequuntur accusamus. Odit aperiam repellat culpa explicabo eos in. Harum veniam numquam corporis fuga.",
                    "type": "text",
                  },
                ],
                "type": "paragraph",
              },
            ],
            "type": "doc",
          },
        },
        Object {
          "author_meta": Object {
            "avatar": "https://cloudflare-ipfs.com/ipfs/Qmd3W5DuhgHirLHGVixi6V76LhCkZUz6pnFt5AJBiyvHye/avatar/204.jpg",
            "email": "Meaghan39@yahoo.com",
            "id": "68013",
            "username": "Elisabeth56",
          },
          "belongs_to": "cm90018672313",
          "id": "cm90018672313-2",
          "is_folded": true,
          "meta": Object {
            "created_at": "2021-12-31T22:37:26.597Z",
            "dislike": 416,
            "likes": 561,
            "location": "Kazakhstan",
          },
          "msg": Object {
            "content": Array [
              Object {
                "content": Array [
                  Object {
                    "text": "Animi qui qui. Sit dignissimos voluptas. Pariatur hic placeat corrupti natus. Eius magni autem iusto et libero fugit consequatur.",
                    "type": "text",
                  },
                ],
                "type": "paragraph",
              },
            ],
            "type": "doc",
          },
        },
      ],
    },
    Object {
      "author_meta": Object {
        "avatar": "https://cloudflare-ipfs.com/ipfs/Qmd3W5DuhgHirLHGVixi6V76LhCkZUz6pnFt5AJBiyvHye/avatar/125.jpg",
        "email": "Tressie67@gmail.com",
        "id": "79454",
        "username": "Quinten12",
      },
      "belongs_to": "bk59344",
      "id": "cm90018672313",
      "is_folded": true,
      "meta": Object {
        "created_at": "2021-12-24T11:03:21.460Z",
        "dislike": 380,
        "likes": 381,
        "location": "Haiti",
        "rates": 73,
        "short_review": "Corporis in repudiandae aut ipsam soluta.",
      },
      "msg": Object {
        "content": Array [
          Object {
            "attrs": Object {
              "level": 1,
            },
            "content": Array [
              Object {
                "text": "Sit sit id aut.",
                "type": "text",
              },
            ],
            "type": "heading",
          },
          Object {
            "content": Array [
              Object {
                "text": "Quidem inventore quasi impedit deleniti nobis sed perferendis. Iusto occaecati illo voluptates perspiciatis sequi a doloremque sint. Quod quaerat quod eaque ducimus aperiam mollitia eum ullam voluptas. Temporibus fugiat qui et corrupti. At quidem cumque facilis. Perspiciatis quo placeat aspernatur quos.<br/> Placeat consequatur sit inventore aspernatur. Molestiae distinctio vel soluta quasi saepe quo nihil perspiciatis. Alias est temporibus molestiae esse autem iusto quia rem maxime. Autem ea optio et dolorum autem. Nihil aut consequatur pariatur soluta magnam laborum exercitationem. Ipsam dolor corrupti earum rerum non dolorem vero.<br/> Eum vero aspernatur officiis repellendus commodi quasi. In maxime eos ipsa eaque debitis. Consequatur provident nihil.",
                "type": "text",
              },
            ],
            "type": "paragraph",
          },
        ],
        "type": "doc",
      },
      "responds": Array [
        Object {
          "author_meta": Object {
            "avatar": "https://cloudflare-ipfs.com/ipfs/Qmd3W5DuhgHirLHGVixi6V76LhCkZUz6pnFt5AJBiyvHye/avatar/771.jpg",
            "email": "Pete87@yahoo.com",
            "id": "30109",
            "username": "Jensen76",
          },
          "belongs_to": "cm90018672313-0",
          "id": "cm90018672313-1",
          "is_folded": true,
          "meta": Object {
            "created_at": "2021-12-28T23:08:32.988Z",
            "dislike": 774,
            "likes": 974,
            "location": "Vietnam",
          },
          "msg": Object {
            "content": Array [
              Object {
                "content": Array [
                  Object {
                    "text": "Occaecati numquam dolor. Ipsa consequatur et. Laboriosam nulla eveniet voluptatem fugiat tempore veritatis vitae cumque dolorem. Est tempora itaque cumque nesciunt unde. Est est sed et pariatur nihil aut vero impedit quidem.",
                    "type": "text",
                  },
                ],
                "type": "paragraph",
              },
            ],
            "type": "doc",
          },
        },
        Object {
          "author_meta": Object {
            "avatar": "https://cloudflare-ipfs.com/ipfs/Qmd3W5DuhgHirLHGVixi6V76LhCkZUz6pnFt5AJBiyvHye/avatar/723.jpg",
            "email": "Laurel_Dibbert@hotmail.com",
            "id": "57486",
            "username": "Carey.Runolfsdottir30",
          },
          "belongs_to": "cm90018672313",
          "id": "cm90018672313-2",
          "is_folded": false,
          "meta": Object {
            "created_at": "2021-12-22T20:10:00.265Z",
            "dislike": 414,
            "likes": 939,
            "location": "Finland",
          },
          "msg": Object {
            "content": Array [
              Object {
                "content": Array [
                  Object {
                    "text": "Excepturi vel doloribus tempora porro. Est aliquid sapiente dolores neque dignissimos et tempore accusamus. Porro doloribus laboriosam voluptatibus minus voluptatibus omnis quo assumenda.",
                    "type": "text",
                  },
                ],
                "type": "paragraph",
              },
            ],
            "type": "doc",
          },
        },
      ],
    },
    Object {
      "author_meta": Object {
        "avatar": "https://cloudflare-ipfs.com/ipfs/Qmd3W5DuhgHirLHGVixi6V76LhCkZUz6pnFt5AJBiyvHye/avatar/1120.jpg",
        "email": "Elroy_Pfannerstill@gmail.com",
        "id": "22683",
        "username": "Jamarcus_Wintheiser90",
      },
      "belongs_to": "bk89441",
      "id": "cm90018672313",
      "is_folded": false,
      "meta": Object {
        "created_at": "2021-12-28T07:03:26.480Z",
        "dislike": 375,
        "likes": 672,
        "location": "Bouvet Island (Bouvetoya)",
        "rates": 79,
        "short_review": "Fugiat ea consequatur.",
      },
      "msg": Object {
        "content": Array [
          Object {
            "attrs": Object {
              "level": 1,
            },
            "content": Array [
              Object {
                "text": "Minus est ea iste vitae et eaque magnam sed.",
                "type": "text",
              },
            ],
            "type": "heading",
          },
          Object {
            "content": Array [
              Object {
                "text": "Id voluptate aperiam qui. Minus rerum ut ut esse. Aut possimus autem fuga illo rerum et quia. Repudiandae non quis numquam alias quos. Quis eum molestiae et commodi ullam occaecati.<br/> Magni iusto autem consequatur reiciendis voluptatibus doloremque ut qui iusto. Tenetur atque sed. Ut et omnis praesentium sed quod aspernatur tempore. Libero modi dolorem et eum ipsum vel tenetur. Velit veritatis veniam suscipit possimus. Alias corrupti tempore sapiente modi et necessitatibus quos ut.<br/> Alias accusantium atque dolorum iusto aut minus ad ab inventore. Sint voluptas nemo tenetur enim quae ut voluptates voluptates. Vitae explicabo et repudiandae aliquam.",
                "type": "text",
              },
            ],
            "type": "paragraph",
          },
        ],
        "type": "doc",
      },
      "responds": Array [
        Object {
          "author_meta": Object {
            "avatar": "https://cloudflare-ipfs.com/ipfs/Qmd3W5DuhgHirLHGVixi6V76LhCkZUz6pnFt5AJBiyvHye/avatar/54.jpg",
            "email": "Lenore.Rogahn6@hotmail.com",
            "id": "79647",
            "username": "Herman97",
          },
          "belongs_to": "cm90018672313-2",
          "id": "cm90018672313-1",
          "is_folded": false,
          "meta": Object {
            "created_at": "2021-12-30T12:41:40.375Z",
            "dislike": 267,
            "likes": 475,
            "location": "Turkey",
          },
          "msg": Object {
            "content": Array [
              Object {
                "content": Array [
                  Object {
                    "text": "Blanditiis voluptatum autem occaecati ratione. Id iure odio delectus veniam neque tenetur. Sunt similique quo aperiam beatae natus sequi. Ut ea autem sapiente quod ex cum qui sit. Eum qui exercitationem autem iure quae. Cupiditate sed nihil deserunt quia consequuntur aut placeat.",
                    "type": "text",
                  },
                ],
                "type": "paragraph",
              },
            ],
            "type": "doc",
          },
        },
        Object {
          "author_meta": Object {
            "avatar": "https://cloudflare-ipfs.com/ipfs/Qmd3W5DuhgHirLHGVixi6V76LhCkZUz6pnFt5AJBiyvHye/avatar/449.jpg",
            "email": "Gerard_Walsh24@yahoo.com",
            "id": "21579",
            "username": "Rose_Corwin",
          },
          "belongs_to": "cm90018672313",
          "id": "cm90018672313-2",
          "is_folded": false,
          "meta": Object {
            "created_at": "2021-12-23T07:54:56.359Z",
            "dislike": 174,
            "likes": 304,
            "location": "Bouvet Island (Bouvetoya)",
          },
          "msg": Object {
            "content": Array [
              Object {
                "content": Array [
                  Object {
                    "text": "Officiis aut magni blanditiis eveniet doloribus ea excepturi. Dolorem tenetur reprehenderit ut excepturi qui. Delectus est nihil quidem hic est. Provident cumque est esse totam voluptas et in dolores. Quo et id ea minima repellendus quia sed porro necessitatibus.",
                    "type": "text",
                  },
                ],
                "type": "paragraph",
              },
            ],
            "type": "doc",
          },
        },
      ],
    },
    Object {
      "author_meta": Object {
        "avatar": "https://cloudflare-ipfs.com/ipfs/Qmd3W5DuhgHirLHGVixi6V76LhCkZUz6pnFt5AJBiyvHye/avatar/595.jpg",
        "email": "Chris.DuBuque@yahoo.com",
        "id": "21022",
        "username": "Ettie47",
      },
      "belongs_to": "bk92317",
      "id": "cm90018672313",
      "is_folded": false,
      "meta": Object {
        "created_at": "2021-12-27T20:44:26.807Z",
        "dislike": 314,
        "likes": 207,
        "location": "Papua New Guinea",
        "rates": 45,
        "short_review": "Iste nobis nulla molestias autem quia consequatur commodi quia.",
      },
      "msg": Object {
        "content": Array [
          Object {
            "attrs": Object {
              "level": 1,
            },
            "content": Array [
              Object {
                "text": "Incidunt quis sunt.",
                "type": "text",
              },
            ],
            "type": "heading",
          },
          Object {
            "content": Array [
              Object {
                "text": "Accusamus rerum expedita. Hic assumenda iusto consequatur illo qui totam recusandae sequi asperiores. Libero et corporis aut et aut et voluptatem reiciendis.<br/> Aut voluptate voluptate porro eum numquam voluptatibus et. Rerum qui modi accusantium quasi ut minus et cupiditate rem. Officiis architecto labore tempora quas et quo voluptas sint.<br/> Est repellat voluptatem sed. Consequuntur nesciunt placeat ut animi cumque quia et tempore molestias. Eligendi illum quia rerum voluptas sit qui. Dicta aperiam quam commodi nesciunt est dolorem rerum. Quam porro perspiciatis rerum impedit. Sed eveniet vitae quam nulla officia perspiciatis.",
                "type": "text",
              },
            ],
            "type": "paragraph",
          },
        ],
        "type": "doc",
      },
      "responds": Array [
        Object {
          "author_meta": Object {
            "avatar": "https://cloudflare-ipfs.com/ipfs/Qmd3W5DuhgHirLHGVixi6V76LhCkZUz6pnFt5AJBiyvHye/avatar/995.jpg",
            "email": "Hailie75@gmail.com",
            "id": "86322",
            "username": "Paris_Hane",
          },
          "belongs_to": "cm90018672313",
          "id": "cm90018672313-1",
          "is_folded": false,
          "meta": Object {
            "created_at": "2021-12-28T01:11:46.608Z",
            "dislike": 227,
            "likes": 485,
            "location": "Australia",
          },
          "msg": Object {
            "content": Array [
              Object {
                "content": Array [
                  Object {
                    "text": "Laborum id facilis eius quo temporibus sequi. Quidem assumenda soluta et error mollitia aut amet ut. Maiores ipsum dolor voluptas vel et incidunt at molestias. Est architecto veritatis veniam iste et eum cupiditate est dolorem. Itaque nihil iure dolor nemo. Non ut ea voluptatem vel et a adipisci sint.",
                    "type": "text",
                  },
                ],
                "type": "paragraph",
              },
            ],
            "type": "doc",
          },
        },
        Object {
          "author_meta": Object {
            "avatar": "https://cloudflare-ipfs.com/ipfs/Qmd3W5DuhgHirLHGVixi6V76LhCkZUz6pnFt5AJBiyvHye/avatar/512.jpg",
            "email": "Gisselle_Morar@gmail.com",
            "id": "60119",
            "username": "Camren.Emard71",
          },
          "belongs_to": "cm90018672313",
          "id": "cm90018672313-2",
          "is_folded": true,
          "meta": Object {
            "created_at": "2021-12-23T08:12:46.127Z",
            "dislike": 145,
            "likes": 626,
            "location": "Lebanon",
          },
          "msg": Object {
            "content": Array [
              Object {
                "content": Array [
                  Object {
                    "text": "Aliquid et iste quo. Quaerat est et suscipit repellendus est iure. Est autem vel.",
                    "type": "text",
                  },
                ],
                "type": "paragraph",
              },
            ],
            "type": "doc",
          },
        },
      ],
    },
    Object {
      "author_meta": Object {
        "avatar": "https://cloudflare-ipfs.com/ipfs/Qmd3W5DuhgHirLHGVixi6V76LhCkZUz6pnFt5AJBiyvHye/avatar/1108.jpg",
        "email": "Jovani.Gaylord@hotmail.com",
        "id": "65247",
        "username": "Toney9",
      },
      "belongs_to": "bk97370",
      "id": "cm90018672313",
      "is_folded": true,
      "meta": Object {
        "created_at": "2021-12-23T08:22:54.371Z",
        "dislike": 125,
        "likes": 780,
        "location": "Benin",
        "rates": 63,
        "short_review": "Laboriosam officiis et non accusantium ipsam dolorem qui.",
      },
      "msg": Object {
        "content": Array [
          Object {
            "attrs": Object {
              "level": 1,
            },
            "content": Array [
              Object {
                "text": "Quaerat modi similique porro molestiae.",
                "type": "text",
              },
            ],
            "type": "heading",
          },
          Object {
            "content": Array [
              Object {
                "text": "Aut et assumenda hic dolorum. Dolore non quo. Ut sunt doloribus est sapiente.<br/> Voluptas labore enim officia pariatur laboriosam facilis. Ex expedita nam est blanditiis. Nesciunt aspernatur non tempora totam veritatis porro quaerat tempore voluptate.<br/> Quis labore in delectus autem cupiditate ut quo fuga rerum. Asperiores rem voluptatem sit explicabo odit eligendi vel ratione. Qui qui sit et.",
                "type": "text",
              },
            ],
            "type": "paragraph",
          },
        ],
        "type": "doc",
      },
      "responds": Array [
        Object {
          "author_meta": Object {
            "avatar": "https://cloudflare-ipfs.com/ipfs/Qmd3W5DuhgHirLHGVixi6V76LhCkZUz6pnFt5AJBiyvHye/avatar/1172.jpg",
            "email": "Wilford42@yahoo.com",
            "id": "47663",
            "username": "Isidro54",
          },
          "belongs_to": "cm90018672313-0",
          "id": "cm90018672313-1",
          "is_folded": false,
          "meta": Object {
            "created_at": "2021-12-29T21:44:37.379Z",
            "dislike": 430,
            "likes": 502,
            "location": "Burundi",
          },
          "msg": Object {
            "content": Array [
              Object {
                "content": Array [
                  Object {
                    "text": "Consequuntur at quisquam dicta a maxime et dolores voluptatem. Ad impedit nostrum dolor et. Inventore numquam sit. Odit nobis nihil et. Modi quidem voluptatum ut debitis quod. Soluta est mollitia perferendis nesciunt eos placeat et.",
                    "type": "text",
                  },
                ],
                "type": "paragraph",
              },
            ],
            "type": "doc",
          },
        },
        Object {
          "author_meta": Object {
            "avatar": "https://cloudflare-ipfs.com/ipfs/Qmd3W5DuhgHirLHGVixi6V76LhCkZUz6pnFt5AJBiyvHye/avatar/1224.jpg",
            "email": "Mateo_Rutherford66@yahoo.com",
            "id": "83331",
            "username": "Rudolph_Kunze87",
          },
          "belongs_to": "cm90018672313-2",
          "id": "cm90018672313-2",
          "is_folded": true,
          "meta": Object {
            "created_at": "2021-12-26T09:38:04.140Z",
            "dislike": 596,
            "likes": 148,
            "location": "Micronesia",
          },
          "msg": Object {
            "content": Array [
              Object {
                "content": Array [
                  Object {
                    "text": "Mollitia dolor molestiae ipsum rerum tenetur. Nam incidunt dolor est suscipit. Et consequuntur aspernatur et omnis.",
                    "type": "text",
                  },
                ],
                "type": "paragraph",
              },
            ],
            "type": "doc",
          },
        },
      ],
    },
    Object {
      "author_meta": Object {
        "avatar": "https://cloudflare-ipfs.com/ipfs/Qmd3W5DuhgHirLHGVixi6V76LhCkZUz6pnFt5AJBiyvHye/avatar/518.jpg",
        "email": "Willy.Zemlak@hotmail.com",
        "id": "80853",
        "username": "Keely.McDermott25",
      },
      "belongs_to": "bk34952",
      "id": "cm90018672313",
      "is_folded": true,
      "meta": Object {
        "created_at": "2021-12-23T09:24:22.306Z",
        "dislike": 357,
        "likes": 954,
        "location": "Cyprus",
        "rates": 89,
        "short_review": "Minima enim ut dolorum quo eos cupiditate ducimus.",
      },
      "msg": Object {
        "content": Array [
          Object {
            "attrs": Object {
              "level": 1,
            },
            "content": Array [
              Object {
                "text": "Deserunt perferendis aut sed.",
                "type": "text",
              },
            ],
            "type": "heading",
          },
          Object {
            "content": Array [
              Object {
                "text": "A quas saepe non dicta. Quibusdam reprehenderit laudantium facilis impedit est. Ut dolor assumenda et harum et doloremque quae suscipit.<br/> Repellat ullam at a deserunt. Sint ipsam ex distinctio qui. Unde dolore sint temporibus minima consectetur.<br/> Sint rerum neque distinctio et. Ducimus unde fugit et et quisquam in. Deserunt voluptatibus aut nostrum sed officiis. Asperiores voluptatem doloremque sunt aut nobis aliquam in aut aspernatur. Labore aperiam vitae molestiae consequatur debitis sunt voluptatem. Qui aut est recusandae et odio asperiores.",
                "type": "text",
              },
            ],
            "type": "paragraph",
          },
        ],
        "type": "doc",
      },
      "responds": Array [
        Object {
          "author_meta": Object {
            "avatar": "https://cloudflare-ipfs.com/ipfs/Qmd3W5DuhgHirLHGVixi6V76LhCkZUz6pnFt5AJBiyvHye/avatar/93.jpg",
            "email": "Brenna43@gmail.com",
            "id": "19493",
            "username": "Jarrell.Crona23",
          },
          "belongs_to": "cm90018672313-1",
          "id": "cm90018672313-1",
          "is_folded": true,
          "meta": Object {
            "created_at": "2021-12-29T03:01:41.352Z",
            "dislike": 178,
            "likes": 674,
            "location": "Lesotho",
          },
          "msg": Object {
            "content": Array [
              Object {
                "content": Array [
                  Object {
                    "text": "Qui ducimus tempora magni. Voluptas iste suscipit dolorem ea omnis. In fugiat accusantium iure quidem quaerat aspernatur officia esse ut. Officia dolor debitis suscipit quis fugiat. Similique odit qui accusamus est necessitatibus adipisci similique quas.",
                    "type": "text",
                  },
                ],
                "type": "paragraph",
              },
            ],
            "type": "doc",
          },
        },
        Object {
          "author_meta": Object {
            "avatar": "https://cloudflare-ipfs.com/ipfs/Qmd3W5DuhgHirLHGVixi6V76LhCkZUz6pnFt5AJBiyvHye/avatar/1053.jpg",
            "email": "Kaitlyn79@yahoo.com",
            "id": "10461",
            "username": "Emilia16",
          },
          "belongs_to": "cm90018672313-0",
          "id": "cm90018672313-2",
          "is_folded": true,
          "meta": Object {
            "created_at": "2021-12-31T19:49:51.095Z",
            "dislike": 90,
            "likes": 609,
            "location": "Netherlands Antilles",
          },
          "msg": Object {
            "content": Array [
              Object {
                "content": Array [
                  Object {
                    "text": "Quaerat consequatur qui. Ea tenetur odit in sed fugiat quam ea beatae nesciunt. Doloremque et illo ex.",
                    "type": "text",
                  },
                ],
                "type": "paragraph",
              },
            ],
            "type": "doc",
          },
        },
      ],
    },
    Object {
      "author_meta": Object {
        "avatar": "https://cloudflare-ipfs.com/ipfs/Qmd3W5DuhgHirLHGVixi6V76LhCkZUz6pnFt5AJBiyvHye/avatar/532.jpg",
        "email": "Dejuan80@hotmail.com",
        "id": "17364",
        "username": "Francisca_OKeefe35",
      },
      "belongs_to": "bk44227",
      "id": "cm90018672313",
      "is_folded": false,
      "meta": Object {
        "created_at": "2021-12-31T15:25:05.490Z",
        "dislike": 206,
        "likes": 566,
        "location": "Uruguay",
        "rates": 31,
        "short_review": "Delectus quia laborum voluptas inventore qui temporibus qui rerum.",
      },
      "msg": Object {
        "content": Array [
          Object {
            "attrs": Object {
              "level": 1,
            },
            "content": Array [
              Object {
                "text": "Sit earum nihil laudantium numquam aliquid magni.",
                "type": "text",
              },
            ],
            "type": "heading",
          },
          Object {
            "content": Array [
              Object {
                "text": "Ut cum necessitatibus asperiores vero quis rem. Enim animi error architecto. Deleniti eum accusamus corporis. At ut consequatur iure eum in dicta qui libero. Dolore labore suscipit repellat accusantium magni exercitationem. Est cupiditate eaque aliquam velit consequatur qui ipsam quam delectus.<br/> Nulla corrupti et sit quo rerum voluptate est. Voluptatem natus dolores est dolores officia et. Dolore beatae debitis et et magni.<br/> Tenetur accusantium adipisci. Dolore quos aut voluptatem est dolor est nemo molestias. Reiciendis mollitia rerum non. Ducimus laboriosam soluta sunt at voluptatem eveniet nostrum est consequatur. Ducimus excepturi eum voluptatem. Eveniet explicabo accusamus sequi ea exercitationem recusandae.",
                "type": "text",
              },
            ],
            "type": "paragraph",
          },
        ],
        "type": "doc",
      },
      "responds": Array [
        Object {
          "author_meta": Object {
            "avatar": "https://cloudflare-ipfs.com/ipfs/Qmd3W5DuhgHirLHGVixi6V76LhCkZUz6pnFt5AJBiyvHye/avatar/751.jpg",
            "email": "Lon.Ledner82@hotmail.com",
            "id": "59051",
            "username": "Aaron_Okuneva58",
          },
          "belongs_to": "cm90018672313-0",
          "id": "cm90018672313-1",
          "is_folded": true,
          "meta": Object {
            "created_at": "2021-12-28T09:15:43.849Z",
            "dislike": 629,
            "likes": 260,
            "location": "Saint Helena",
          },
          "msg": Object {
            "content": Array [
              Object {
                "content": Array [
                  Object {
                    "text": "Explicabo incidunt non. Est dolorum adipisci quae quis sit qui molestias. Nemo aut culpa exercitationem consequatur velit beatae totam temporibus nemo.",
                    "type": "text",
                  },
                ],
                "type": "paragraph",
              },
            ],
            "type": "doc",
          },
        },
        Object {
          "author_meta": Object {
            "avatar": "https://cloudflare-ipfs.com/ipfs/Qmd3W5DuhgHirLHGVixi6V76LhCkZUz6pnFt5AJBiyvHye/avatar/815.jpg",
            "email": "Ludwig.Spinka@yahoo.com",
            "id": "65033",
            "username": "Wilber.Harris",
          },
          "belongs_to": "cm90018672313",
          "id": "cm90018672313-2",
          "is_folded": true,
          "meta": Object {
            "created_at": "2021-12-29T09:42:31.252Z",
            "dislike": 813,
            "likes": 91,
            "location": "Panama",
          },
          "msg": Object {
            "content": Array [
              Object {
                "content": Array [
                  Object {
                    "text": "Alias nihil excepturi ratione velit. Dolor deserunt veniam quibusdam et aut deleniti soluta sunt. Et quae minima culpa amet aspernatur perspiciatis aut. Voluptatibus vel qui totam. Sunt optio qui cumque libero pariatur occaecati.",
                    "type": "text",
                  },
                ],
                "type": "paragraph",
              },
            ],
            "type": "doc",
          },
        },
      ],
    },
    Object {
      "author_meta": Object {
        "avatar": "https://cloudflare-ipfs.com/ipfs/Qmd3W5DuhgHirLHGVixi6V76LhCkZUz6pnFt5AJBiyvHye/avatar/627.jpg",
        "email": "Noelia_Kovacek20@hotmail.com",
        "id": "64192",
        "username": "Percy68",
      },
      "belongs_to": "bk47168",
      "id": "cm90018672313",
      "is_folded": false,
      "meta": Object {
        "created_at": "2021-12-28T23:59:38.336Z",
        "dislike": 611,
        "likes": 343,
        "location": "Yemen",
        "rates": 96,
        "short_review": "Modi iste alias.",
      },
      "msg": Object {
        "content": Array [
          Object {
            "attrs": Object {
              "level": 1,
            },
            "content": Array [
              Object {
                "text": "Quisquam qui doloremque voluptas et iusto magnam itaque architecto excepturi.",
                "type": "text",
              },
            ],
            "type": "heading",
          },
          Object {
            "content": Array [
              Object {
                "text": "Et quaerat cumque est consequatur voluptatem minus reprehenderit reiciendis. Sit totam totam accusantium eveniet. Vel minima minima laborum et omnis cumque.<br/> Rem recusandae qui. Iure aliquid non et nobis temporibus impedit doloremque. Deserunt pariatur corporis numquam est unde nihil architecto. Hic quos tempore a et. Ex cum sed in et animi voluptas. Tempore magni minus recusandae est.<br/> Praesentium veritatis quia voluptates sed in deleniti dolor. Voluptatibus vel eligendi. Aperiam eum assumenda.",
                "type": "text",
              },
            ],
            "type": "paragraph",
          },
        ],
        "type": "doc",
      },
      "responds": Array [
        Object {
          "author_meta": Object {
            "avatar": "https://cloudflare-ipfs.com/ipfs/Qmd3W5DuhgHirLHGVixi6V76LhCkZUz6pnFt5AJBiyvHye/avatar/469.jpg",
            "email": "Barrett93@hotmail.com",
            "id": "91522",
            "username": "Louisa18",
          },
          "belongs_to": "cm90018672313",
          "id": "cm90018672313-1",
          "is_folded": false,
          "meta": Object {
            "created_at": "2021-12-23T22:31:19.660Z",
            "dislike": 388,
            "likes": 715,
            "location": "South Georgia and the South Sandwich Islands",
          },
          "msg": Object {
            "content": Array [
              Object {
                "content": Array [
                  Object {
                    "text": "Nihil ipsum est ipsa perspiciatis quia architecto. Consequatur enim in. Sed excepturi voluptas. Aliquam nobis esse corrupti officiis natus rem. Tempore qui ut et possimus molestiae accusantium ut maiores laudantium. Maiores eum sed et et vel ducimus corporis beatae.",
                    "type": "text",
                  },
                ],
                "type": "paragraph",
              },
            ],
            "type": "doc",
          },
        },
        Object {
          "author_meta": Object {
            "avatar": "https://cloudflare-ipfs.com/ipfs/Qmd3W5DuhgHirLHGVixi6V76LhCkZUz6pnFt5AJBiyvHye/avatar/318.jpg",
            "email": "Donald79@hotmail.com",
            "id": "16983",
            "username": "Rey.Stiedemann49",
          },
          "belongs_to": "cm90018672313",
          "id": "cm90018672313-2",
          "is_folded": true,
          "meta": Object {
            "created_at": "2021-12-28T19:18:45.625Z",
            "dislike": 566,
            "likes": 21,
            "location": "Tajikistan",
          },
          "msg": Object {
            "content": Array [
              Object {
                "content": Array [
                  Object {
                    "text": "Dolorem ipsa adipisci accusantium qui occaecati cupiditate. Expedita fugiat ea in et quae dicta et. Labore possimus veniam delectus ut et et. Molestias corporis officia et.",
                    "type": "text",
                  },
                ],
                "type": "paragraph",
              },
            ],
            "type": "doc",
          },
        },
      ],
    },
    Object {
      "author_meta": Object {
        "avatar": "https://cloudflare-ipfs.com/ipfs/Qmd3W5DuhgHirLHGVixi6V76LhCkZUz6pnFt5AJBiyvHye/avatar/536.jpg",
        "email": "Elwin.Daugherty@gmail.com",
        "id": "52792",
        "username": "Nick.Kassulke49",
      },
      "belongs_to": "bk11376",
      "id": "cm90018672313",
      "is_folded": false,
      "meta": Object {
        "created_at": "2021-12-30T19:07:06.563Z",
        "dislike": 605,
        "likes": 44,
        "location": "Lithuania",
        "rates": 46,
        "short_review": "Perspiciatis temporibus explicabo nostrum a excepturi quo ex dicta.",
      },
      "msg": Object {
        "content": Array [
          Object {
            "attrs": Object {
              "level": 1,
            },
            "content": Array [
              Object {
                "text": "Quia sunt velit ratione qui provident quisquam est voluptatem repudiandae.",
                "type": "text",
              },
            ],
            "type": "heading",
          },
          Object {
            "content": Array [
              Object {
                "text": "Non sit et. Velit dolorum quo. Cupiditate non sed architecto et laudantium. Consequatur architecto consequatur. Quia et voluptatibus.<br/> Aliquid itaque iusto libero animi sequi optio non magni optio. Eaque non dolorem voluptatibus enim natus. Cumque deleniti dicta. Debitis officia totam.<br/> Pariatur magnam numquam autem voluptas deserunt voluptatem. Et laborum eum est harum animi aliquam praesentium magnam neque. Natus dolores corporis id sed quod cupiditate officiis. In molestiae voluptates eaque vel facilis et tempora quas aut. Fugit rem eum aut dignissimos exercitationem corporis quaerat officia.",
                "type": "text",
              },
            ],
            "type": "paragraph",
          },
        ],
        "type": "doc",
      },
      "responds": Array [
        Object {
          "author_meta": Object {
            "avatar": "https://cloudflare-ipfs.com/ipfs/Qmd3W5DuhgHirLHGVixi6V76LhCkZUz6pnFt5AJBiyvHye/avatar/70.jpg",
            "email": "Macey8@yahoo.com",
            "id": "63643",
            "username": "Jared.Friesen",
          },
          "belongs_to": "cm90018672313",
          "id": "cm90018672313-1",
          "is_folded": false,
          "meta": Object {
            "created_at": "2021-12-30T16:13:12.138Z",
            "dislike": 602,
            "likes": 197,
            "location": "Finland",
          },
          "msg": Object {
            "content": Array [
              Object {
                "content": Array [
                  Object {
                    "text": "Modi illo perspiciatis sed doloribus nam tempore quia. Adipisci explicabo impedit similique molestias voluptatibus dolor. Ut enim et qui voluptas laudantium sint. Error similique nemo cumque quasi expedita. Esse sit asperiores cumque impedit dolores in.",
                    "type": "text",
                  },
                ],
                "type": "paragraph",
              },
            ],
            "type": "doc",
          },
        },
        Object {
          "author_meta": Object {
            "avatar": "https://cloudflare-ipfs.com/ipfs/Qmd3W5DuhgHirLHGVixi6V76LhCkZUz6pnFt5AJBiyvHye/avatar/1248.jpg",
            "email": "Peyton11@hotmail.com",
            "id": "95349",
            "username": "Philip72",
          },
          "belongs_to": "cm90018672313",
          "id": "cm90018672313-2",
          "is_folded": false,
          "meta": Object {
            "created_at": "2021-12-26T19:01:44.053Z",
            "dislike": 65,
            "likes": 200,
            "location": "Guernsey",
          },
          "msg": Object {
            "content": Array [
              Object {
                "content": Array [
                  Object {
                    "text": "Corporis amet nemo. Cum qui numquam sit quibusdam quasi. Tempora dolorem repudiandae recusandae expedita magnam. Accusamus voluptatem repudiandae veritatis. Cupiditate aut aut quae optio asperiores vitae blanditiis modi vel. Odio laudantium beatae nostrum harum et.",
                    "type": "text",
                  },
                ],
                "type": "paragraph",
              },
            ],
            "type": "doc",
          },
        },
      ],
    },
    Object {
      "author_meta": Object {
        "avatar": "https://cloudflare-ipfs.com/ipfs/Qmd3W5DuhgHirLHGVixi6V76LhCkZUz6pnFt5AJBiyvHye/avatar/500.jpg",
        "email": "Peggie.Abernathy@gmail.com",
        "id": "14549",
        "username": "Tracey.Kub5",
      },
      "belongs_to": "bk21540",
      "id": "cm90018672313",
      "is_folded": true,
      "meta": Object {
        "created_at": "2021-12-24T22:23:48.695Z",
        "dislike": 564,
        "likes": 277,
        "location": "Canada",
        "rates": 96,
        "short_review": "Atque dolorem minus odit atque repellendus dolore delectus sint.",
      },
      "msg": Object {
        "content": Array [
          Object {
            "attrs": Object {
              "level": 1,
            },
            "content": Array [
              Object {
                "text": "Adipisci est sequi sunt.",
                "type": "text",
              },
            ],
            "type": "heading",
          },
          Object {
            "content": Array [
              Object {
                "text": "Beatae vitae qui beatae non. Hic illum illo reiciendis rerum. Nostrum odio temporibus laborum ut fugit eveniet sed.<br/> Veniam reprehenderit fugiat consequatur. Assumenda quam mollitia ratione. Minus quia quod occaecati amet.<br/> Quibusdam provident officiis repellendus. Deserunt voluptatibus est enim ex qui ipsa occaecati natus voluptas. Inventore vel fugit voluptatem. Et eum perspiciatis laboriosam. Velit sed sed vel dolor odio.",
                "type": "text",
              },
            ],
            "type": "paragraph",
          },
        ],
        "type": "doc",
      },
      "responds": Array [
        Object {
          "author_meta": Object {
            "avatar": "https://cloudflare-ipfs.com/ipfs/Qmd3W5DuhgHirLHGVixi6V76LhCkZUz6pnFt5AJBiyvHye/avatar/1107.jpg",
            "email": "Reuben2@hotmail.com",
            "id": "65336",
            "username": "Eleonore.Kovacek41",
          },
          "belongs_to": "cm90018672313-2",
          "id": "cm90018672313-1",
          "is_folded": true,
          "meta": Object {
            "created_at": "2021-12-31T06:47:14.379Z",
            "dislike": 693,
            "likes": 951,
            "location": "Virgin Islands, British",
          },
          "msg": Object {
            "content": Array [
              Object {
                "content": Array [
                  Object {
                    "text": "Explicabo recusandae suscipit enim consectetur cumque eum earum. Sed delectus consequatur illo. Eos culpa dolores placeat. Qui sit quam libero non est. Non asperiores reiciendis quo neque dolor laboriosam eligendi.",
                    "type": "text",
                  },
                ],
                "type": "paragraph",
              },
            ],
            "type": "doc",
          },
        },
        Object {
          "author_meta": Object {
            "avatar": "https://cloudflare-ipfs.com/ipfs/Qmd3W5DuhgHirLHGVixi6V76LhCkZUz6pnFt5AJBiyvHye/avatar/518.jpg",
            "email": "Jarrod.Dach@gmail.com",
            "id": "85973",
            "username": "Marisol.Becker",
          },
          "belongs_to": "cm90018672313-2",
          "id": "cm90018672313-2",
          "is_folded": false,
          "meta": Object {
            "created_at": "2021-12-23T23:20:06.678Z",
            "dislike": 116,
            "likes": 358,
            "location": "Poland",
          },
          "msg": Object {
            "content": Array [
              Object {
                "content": Array [
                  Object {
                    "text": "Autem qui sed mollitia ut eveniet accusantium exercitationem doloribus aspernatur. Ad nihil et nihil et blanditiis recusandae ipsa. Doloribus aliquid commodi hic sunt ut numquam veritatis voluptas. Ab maiores nemo vel minus quas.",
                    "type": "text",
                  },
                ],
                "type": "paragraph",
              },
            ],
            "type": "doc",
          },
        },
      ],
    },
    Object {
      "author_meta": Object {
        "avatar": "https://cloudflare-ipfs.com/ipfs/Qmd3W5DuhgHirLHGVixi6V76LhCkZUz6pnFt5AJBiyvHye/avatar/922.jpg",
        "email": "Alexandria93@gmail.com",
        "id": "79779",
        "username": "Rebeca38",
      },
      "belongs_to": "bk69879",
      "id": "cm90018672313",
      "is_folded": true,
      "meta": Object {
        "created_at": "2021-12-27T14:54:53.848Z",
        "dislike": 680,
        "likes": 308,
        "location": "Honduras",
        "rates": 60,
        "short_review": "Qui itaque illo.",
      },
      "msg": Object {
        "content": Array [
          Object {
            "attrs": Object {
              "level": 1,
            },
            "content": Array [
              Object {
                "text": "Corrupti illum reprehenderit repellendus.",
                "type": "text",
              },
            ],
            "type": "heading",
          },
          Object {
            "content": Array [
              Object {
                "text": "Dolore nisi dolorum. Atque tempora qui dolor. Dolorem quaerat id officia. Impedit ea in non. Suscipit architecto sit molestias minus reprehenderit exercitationem laborum.<br/> Aut consectetur quis. Ut veniam ad est rerum necessitatibus. Unde quaerat voluptas sint nostrum ut exercitationem rerum rerum. Voluptas dolorum iusto repellat aut et. Nesciunt officiis dolores sed sunt.<br/> Adipisci ratione dolore unde assumenda sit ducimus eligendi enim. Sit non perferendis accusamus rem nesciunt. Tenetur facilis exercitationem sit autem unde inventore natus.",
                "type": "text",
              },
            ],
            "type": "paragraph",
          },
        ],
        "type": "doc",
      },
      "responds": Array [
        Object {
          "author_meta": Object {
            "avatar": "https://cloudflare-ipfs.com/ipfs/Qmd3W5DuhgHirLHGVixi6V76LhCkZUz6pnFt5AJBiyvHye/avatar/1225.jpg",
            "email": "Evalyn_Hirthe@yahoo.com",
            "id": "49687",
            "username": "Schuyler_Schowalter37",
          },
          "belongs_to": "cm90018672313",
          "id": "cm90018672313-1",
          "is_folded": false,
          "meta": Object {
            "created_at": "2021-12-30T01:53:00.357Z",
            "dislike": 576,
            "likes": 718,
            "location": "Croatia",
          },
          "msg": Object {
            "content": Array [
              Object {
                "content": Array [
                  Object {
                    "text": "Ex aut ab earum perspiciatis et quibusdam magni reiciendis voluptas. Ut nihil eaque tenetur culpa facilis ut. Nam totam qui provident quo ex et ullam vitae. Voluptatibus inventore dicta provident et vel assumenda dolorem beatae. Ut sapiente voluptatem expedita assumenda unde inventore. Id ut esse voluptate rerum.",
                    "type": "text",
                  },
                ],
                "type": "paragraph",
              },
            ],
            "type": "doc",
          },
        },
        Object {
          "author_meta": Object {
            "avatar": "https://cloudflare-ipfs.com/ipfs/Qmd3W5DuhgHirLHGVixi6V76LhCkZUz6pnFt5AJBiyvHye/avatar/19.jpg",
            "email": "Bridgette68@hotmail.com",
            "id": "39950",
            "username": "Gideon29",
          },
          "belongs_to": "cm90018672313-0",
          "id": "cm90018672313-2",
          "is_folded": true,
          "meta": Object {
            "created_at": "2021-12-25T08:51:33.660Z",
            "dislike": 557,
            "likes": 377,
            "location": "Guinea",
          },
          "msg": Object {
            "content": Array [
              Object {
                "content": Array [
                  Object {
                    "text": "Quas voluptate eveniet. Aliquam consequatur temporibus temporibus perspiciatis quis saepe eaque. Sapiente laborum eligendi cum dignissimos vel. Magni eos incidunt et neque temporibus qui accusantium quod iure. Id laudantium officiis minus non dicta dicta enim numquam.",
                    "type": "text",
                  },
                ],
                "type": "paragraph",
              },
            ],
            "type": "doc",
          },
        },
      ],
    },
    Object {
      "author_meta": Object {
        "avatar": "https://cloudflare-ipfs.com/ipfs/Qmd3W5DuhgHirLHGVixi6V76LhCkZUz6pnFt5AJBiyvHye/avatar/110.jpg",
        "email": "Henry88@gmail.com",
        "id": "37400",
        "username": "Ignacio_Anderson",
      },
      "belongs_to": "bk89104",
      "id": "cm90018672313",
      "is_folded": true,
      "meta": Object {
        "created_at": "2021-12-29T03:03:27.907Z",
        "dislike": 234,
        "likes": 163,
        "location": "Brunei Darussalam",
        "rates": 9,
        "short_review": "Laudantium autem modi.",
      },
      "msg": Object {
        "content": Array [
          Object {
            "attrs": Object {
              "level": 1,
            },
            "content": Array [
              Object {
                "text": "Explicabo perferendis sed minus eveniet.",
                "type": "text",
              },
            ],
            "type": "heading",
          },
          Object {
            "content": Array [
              Object {
                "text": "Adipisci excepturi et sunt culpa officiis aut rem. Dolorum voluptas ea delectus saepe. Velit voluptatem incidunt voluptatum dolor magnam necessitatibus. Odio nulla ratione aliquam odit sapiente repellendus omnis. Est facere itaque placeat et adipisci consequuntur.<br/> Qui et voluptas consequatur ea et est. Porro ut ullam molestiae expedita blanditiis incidunt fuga voluptas molestias. Et provident dignissimos dolorem sed beatae asperiores et. Est ex libero unde iure amet corporis veritatis excepturi. Occaecati et et velit provident.<br/> Et minima quibusdam ullam eius illo maiores. Porro et inventore. Hic provident odio aut ad nemo. Aut iste ut vitae sunt beatae aut eos earum molestias. Tempora commodi harum molestias corporis quia consequatur.",
                "type": "text",
              },
            ],
            "type": "paragraph",
          },
        ],
        "type": "doc",
      },
      "responds": Array [
        Object {
          "author_meta": Object {
            "avatar": "https://cloudflare-ipfs.com/ipfs/Qmd3W5DuhgHirLHGVixi6V76LhCkZUz6pnFt5AJBiyvHye/avatar/1006.jpg",
            "email": "Karelle8@hotmail.com",
            "id": "41791",
            "username": "Alfredo.Brekke",
          },
          "belongs_to": "cm90018672313",
          "id": "cm90018672313-1",
          "is_folded": false,
          "meta": Object {
            "created_at": "2021-12-25T21:12:44.212Z",
            "dislike": 836,
            "likes": 738,
            "location": "Palau",
          },
          "msg": Object {
            "content": Array [
              Object {
                "content": Array [
                  Object {
                    "text": "Vel qui qui. Sint quia itaque incidunt quia iure dolorem et et quisquam. Porro porro quae aut accusantium facilis.",
                    "type": "text",
                  },
                ],
                "type": "paragraph",
              },
            ],
            "type": "doc",
          },
        },
        Object {
          "author_meta": Object {
            "avatar": "https://cloudflare-ipfs.com/ipfs/Qmd3W5DuhgHirLHGVixi6V76LhCkZUz6pnFt5AJBiyvHye/avatar/588.jpg",
            "email": "Haven58@hotmail.com",
            "id": "31384",
            "username": "Joana90",
          },
          "belongs_to": "cm90018672313-0",
          "id": "cm90018672313-2",
          "is_folded": false,
          "meta": Object {
            "created_at": "2021-12-24T15:40:57.022Z",
            "dislike": 963,
            "likes": 744,
            "location": "Bouvet Island (Bouvetoya)",
          },
          "msg": Object {
            "content": Array [
              Object {
                "content": Array [
                  Object {
                    "text": "Atque distinctio earum vitae aut aut sequi quos. Beatae dolor quos aut ad officia aut. Molestias suscipit numquam et voluptatibus architecto hic est sapiente. Error voluptas eaque beatae voluptates et nobis voluptatum possimus et. Illo vel velit et. Quisquam temporibus corrupti eaque.",
                    "type": "text",
                  },
                ],
                "type": "paragraph",
              },
            ],
            "type": "doc",
          },
        },
      ],
    },
    Object {
      "author_meta": Object {
        "avatar": "https://cloudflare-ipfs.com/ipfs/Qmd3W5DuhgHirLHGVixi6V76LhCkZUz6pnFt5AJBiyvHye/avatar/666.jpg",
        "email": "Leta_Walsh79@hotmail.com",
        "id": "12067",
        "username": "Arthur33",
      },
      "belongs_to": "bk99939",
      "id": "cm90018672313",
      "is_folded": false,
      "meta": Object {
        "created_at": "2021-12-29T13:48:57.295Z",
        "dislike": 981,
        "likes": 311,
        "location": "French Polynesia",
        "rates": 48,
        "short_review": "Ex id nam minus autem est.",
      },
      "msg": Object {
        "content": Array [
          Object {
            "attrs": Object {
              "level": 1,
            },
            "content": Array [
              Object {
                "text": "Rerum dolor ipsam est assumenda vel beatae aliquam enim illum.",
                "type": "text",
              },
            ],
            "type": "heading",
          },
          Object {
            "content": Array [
              Object {
                "text": "Cum quia velit commodi sunt quidem id quia quidem. Tempore dolor sint et sed quod et rem tempora. Ipsum et amet provident nulla voluptatibus et. Est rerum voluptatibus eius temporibus neque minus maiores. Ut qui nulla in ut. Quisquam quis delectus quos.<br/> Qui ipsam unde quo. Accusantium ea sed qui. Maxime sunt autem ullam alias.<br/> In repudiandae aut velit alias vel. Voluptatem illum accusantium quia nemo sunt. Et doloremque doloremque voluptatem. Tempora eius nobis.",
                "type": "text",
              },
            ],
            "type": "paragraph",
          },
        ],
        "type": "doc",
      },
      "responds": Array [
        Object {
          "author_meta": Object {
            "avatar": "https://cloudflare-ipfs.com/ipfs/Qmd3W5DuhgHirLHGVixi6V76LhCkZUz6pnFt5AJBiyvHye/avatar/589.jpg",
            "email": "Kody.Koepp@gmail.com",
            "id": "57319",
            "username": "Aron.Sipes",
          },
          "belongs_to": "cm90018672313-0",
          "id": "cm90018672313-1",
          "is_folded": false,
          "meta": Object {
            "created_at": "2021-12-25T13:24:02.284Z",
            "dislike": 908,
            "likes": 863,
            "location": "Holy See (Vatican City State)",
          },
          "msg": Object {
            "content": Array [
              Object {
                "content": Array [
                  Object {
                    "text": "Et quae laudantium atque qui. Omnis velit suscipit quae exercitationem totam sapiente animi dolorem in. Hic officia corporis. Vel quisquam aut. Molestiae nam quia impedit earum sunt. Eos consequatur molestiae ullam esse rerum.",
                    "type": "text",
                  },
                ],
                "type": "paragraph",
              },
            ],
            "type": "doc",
          },
        },
        Object {
          "author_meta": Object {
            "avatar": "https://cloudflare-ipfs.com/ipfs/Qmd3W5DuhgHirLHGVixi6V76LhCkZUz6pnFt5AJBiyvHye/avatar/283.jpg",
            "email": "Nellie.Wyman@hotmail.com",
            "id": "66090",
            "username": "Virginia.Swaniawski",
          },
          "belongs_to": "cm90018672313",
          "id": "cm90018672313-2",
          "is_folded": true,
          "meta": Object {
            "created_at": "2021-12-29T04:05:32.305Z",
            "dislike": 257,
            "likes": 558,
            "location": "Serbia",
          },
          "msg": Object {
            "content": Array [
              Object {
                "content": Array [
                  Object {
                    "text": "Natus eligendi voluptate saepe doloribus eveniet dolores quam quis perspiciatis. Et et corrupti nam ut dolores reiciendis quas vel at. Voluptatem animi ex porro esse voluptatum.",
                    "type": "text",
                  },
                ],
                "type": "paragraph",
              },
            ],
            "type": "doc",
          },
        },
      ],
    },
    Object {
      "author_meta": Object {
        "avatar": "https://cloudflare-ipfs.com/ipfs/Qmd3W5DuhgHirLHGVixi6V76LhCkZUz6pnFt5AJBiyvHye/avatar/341.jpg",
        "email": "Wallace_Rolfson45@yahoo.com",
        "id": "19261",
        "username": "Rosendo.Lehner9",
      },
      "belongs_to": "bk77608",
      "id": "cm90018672313",
      "is_folded": false,
      "meta": Object {
        "created_at": "2021-12-31T02:52:50.391Z",
        "dislike": 567,
        "likes": 351,
        "location": "Liechtenstein",
        "rates": 49,
        "short_review": "Mollitia consequatur qui totam consequatur repellat.",
      },
      "msg": Object {
        "content": Array [
          Object {
            "attrs": Object {
              "level": 1,
            },
            "content": Array [
              Object {
                "text": "Odio sed qui nobis.",
                "type": "text",
              },
            ],
            "type": "heading",
          },
          Object {
            "content": Array [
              Object {
                "text": "Explicabo sed modi quia rerum recusandae. Nisi ducimus officiis fugit qui voluptatem ex alias accusamus. Et quo omnis aut mollitia cupiditate. Ut rerum ut nemo hic facilis quaerat aliquam expedita cupiditate. Repudiandae praesentium ut. Impedit minus voluptas eum doloremque perferendis.<br/> Fugit illum sunt nesciunt beatae ut veniam sed quos. Tempora est non veniam quaerat ducimus ea ipsa. Eius sed sit tempora maxime beatae placeat a totam.<br/> Vel atque et beatae quia id dolor. Qui libero voluptatem quasi itaque deserunt nihil sit aut in. Consequatur voluptatem alias. In assumenda aliquid rerum.",
                "type": "text",
              },
            ],
            "type": "paragraph",
          },
        ],
        "type": "doc",
      },
      "responds": Array [
        Object {
          "author_meta": Object {
            "avatar": "https://cloudflare-ipfs.com/ipfs/Qmd3W5DuhgHirLHGVixi6V76LhCkZUz6pnFt5AJBiyvHye/avatar/196.jpg",
            "email": "Roxane_Senger@gmail.com",
            "id": "60298",
            "username": "Kiera.Stracke",
          },
          "belongs_to": "cm90018672313",
          "id": "cm90018672313-1",
          "is_folded": true,
          "meta": Object {
            "created_at": "2021-12-29T09:16:18.519Z",
            "dislike": 880,
            "likes": 707,
            "location": "French Polynesia",
          },
          "msg": Object {
            "content": Array [
              Object {
                "content": Array [
                  Object {
                    "text": "Laboriosam eos vero hic nesciunt ut ut. Deleniti voluptatem fugiat saepe qui enim et qui vitae qui. Animi quasi sunt unde iusto perferendis excepturi. Laboriosam laudantium est similique labore enim.",
                    "type": "text",
                  },
                ],
                "type": "paragraph",
              },
            ],
            "type": "doc",
          },
        },
        Object {
          "author_meta": Object {
            "avatar": "https://cloudflare-ipfs.com/ipfs/Qmd3W5DuhgHirLHGVixi6V76LhCkZUz6pnFt5AJBiyvHye/avatar/776.jpg",
            "email": "Tina_Kub@gmail.com",
            "id": "18851",
            "username": "Brigitte2",
          },
          "belongs_to": "cm90018672313-2",
          "id": "cm90018672313-2",
          "is_folded": false,
          "meta": Object {
            "created_at": "2021-12-28T08:38:44.837Z",
            "dislike": 84,
            "likes": 504,
            "location": "British Indian Ocean Territory (Chagos Archipelago)",
          },
          "msg": Object {
            "content": Array [
              Object {
                "content": Array [
                  Object {
                    "text": "Aspernatur inventore quod blanditiis pariatur. Cum totam mollitia autem vero inventore nostrum. Qui et doloremque nihil. Maiores sed quo aperiam fugiat. Dolorum voluptatum voluptatibus velit unde ea iusto incidunt ipsum atque.",
                    "type": "text",
                  },
                ],
                "type": "paragraph",
              },
            ],
            "type": "doc",
          },
        },
      ],
    },
    Object {
      "author_meta": Object {
        "avatar": "https://cloudflare-ipfs.com/ipfs/Qmd3W5DuhgHirLHGVixi6V76LhCkZUz6pnFt5AJBiyvHye/avatar/5.jpg",
        "email": "Neha.Williamson54@yahoo.com",
        "id": "34520",
        "username": "Lulu_Green50",
      },
      "belongs_to": "bk86425",
      "id": "cm90018672313",
      "is_folded": true,
      "meta": Object {
        "created_at": "2021-12-23T22:18:47.829Z",
        "dislike": 603,
        "likes": 391,
        "location": "Russian Federation",
        "rates": 90,
        "short_review": "Porro et tempora ut sequi et odit pariatur.",
      },
      "msg": Object {
        "content": Array [
          Object {
            "attrs": Object {
              "level": 1,
            },
            "content": Array [
              Object {
                "text": "Beatae et distinctio eum.",
                "type": "text",
              },
            ],
            "type": "heading",
          },
          Object {
            "content": Array [
              Object {
                "text": "Deserunt maiores omnis rerum voluptatem velit autem consequatur veritatis minus. Architecto in placeat sit similique quam eius. Atque dolore dolor cum. Ipsa est placeat fugit nihil animi harum rerum. Nostrum optio modi fuga consequuntur.<br/> Omnis consequuntur delectus rem. Commodi qui architecto sit sit inventore at. Animi numquam porro eos maxime est sed sed aliquam quia. In facilis quam sed similique. Sint reiciendis eos quae hic sed ipsam voluptas. Sed nisi molestias iste accusamus enim dolores.<br/> Repellat voluptate architecto accusantium. Repudiandae aliquid minima asperiores ea. Aut deleniti sed dignissimos ex ut accusamus quo consectetur ut.",
                "type": "text",
              },
            ],
            "type": "paragraph",
          },
        ],
        "type": "doc",
      },
      "responds": Array [
        Object {
          "author_meta": Object {
            "avatar": "https://cloudflare-ipfs.com/ipfs/Qmd3W5DuhgHirLHGVixi6V76LhCkZUz6pnFt5AJBiyvHye/avatar/357.jpg",
            "email": "Britney90@yahoo.com",
            "id": "94973",
            "username": "Zachery25",
          },
          "belongs_to": "cm90018672313-2",
          "id": "cm90018672313-1",
          "is_folded": false,
          "meta": Object {
            "created_at": "2021-12-23T21:27:29.662Z",
            "dislike": 53,
            "likes": 76,
            "location": "Saint Martin",
          },
          "msg": Object {
            "content": Array [
              Object {
                "content": Array [
                  Object {
                    "text": "Laudantium enim vel voluptatum unde mollitia voluptatem non. Hic amet itaque praesentium voluptatem vel. Culpa omnis corrupti nisi sapiente in et ut hic sit.",
                    "type": "text",
                  },
                ],
                "type": "paragraph",
              },
            ],
            "type": "doc",
          },
        },
        Object {
          "author_meta": Object {
            "avatar": "https://cloudflare-ipfs.com/ipfs/Qmd3W5DuhgHirLHGVixi6V76LhCkZUz6pnFt5AJBiyvHye/avatar/997.jpg",
            "email": "Hermann.Waelchi23@hotmail.com",
            "id": "98062",
            "username": "Savanah.Aufderhar84",
          },
          "belongs_to": "cm90018672313",
          "id": "cm90018672313-2",
          "is_folded": false,
          "meta": Object {
            "created_at": "2021-12-28T05:06:39.745Z",
            "dislike": 174,
            "likes": 987,
            "location": "Swaziland",
          },
          "msg": Object {
            "content": Array [
              Object {
                "content": Array [
                  Object {
                    "text": "Facere veritatis omnis voluptates consequuntur repellat ullam sint ipsum. Est dolores iure reprehenderit qui. Debitis quia voluptatem eos quaerat quia qui. Et excepturi deleniti vel praesentium debitis hic eum.",
                    "type": "text",
                  },
                ],
                "type": "paragraph",
              },
            ],
            "type": "doc",
          },
        },
      ],
    },
    Object {
      "author_meta": Object {
        "avatar": "https://cloudflare-ipfs.com/ipfs/Qmd3W5DuhgHirLHGVixi6V76LhCkZUz6pnFt5AJBiyvHye/avatar/851.jpg",
        "email": "Gaetano.Bernhard29@yahoo.com",
        "id": "14602",
        "username": "Adalberto64",
      },
      "belongs_to": "bk21318",
      "id": "cm90018672313",
      "is_folded": true,
      "meta": Object {
        "created_at": "2021-12-27T16:23:23.536Z",
        "dislike": 0,
        "likes": 710,
        "location": "Comoros",
        "rates": 44,
        "short_review": "Accusamus esse dignissimos animi.",
      },
      "msg": Object {
        "content": Array [
          Object {
            "attrs": Object {
              "level": 1,
            },
            "content": Array [
              Object {
                "text": "Quia et vel repudiandae quod consequatur.",
                "type": "text",
              },
            ],
            "type": "heading",
          },
          Object {
            "content": Array [
              Object {
                "text": "Cumque officiis rerum magni amet cum voluptatum ad. Est similique sit nam fuga maiores expedita ducimus. Accusamus omnis dolorem exercitationem quia voluptas qui voluptatibus.<br/> Minima excepturi earum accusamus quis enim enim sequi voluptatem quidem. Sit esse nobis et perspiciatis libero. Aut accusamus et ut dolores saepe minus recusandae. Beatae quaerat ut molestiae libero asperiores dignissimos hic.<br/> Optio ut consequatur tempora hic ipsum similique voluptate commodi consectetur. Voluptatibus culpa qui qui earum impedit vitae. Est vero perferendis. Ut necessitatibus a aut sit omnis enim. Repellendus voluptatem quia harum impedit qui molestiae dolores consequatur dolores.",
                "type": "text",
              },
            ],
            "type": "paragraph",
          },
        ],
        "type": "doc",
      },
      "responds": Array [
        Object {
          "author_meta": Object {
            "avatar": "https://cloudflare-ipfs.com/ipfs/Qmd3W5DuhgHirLHGVixi6V76LhCkZUz6pnFt5AJBiyvHye/avatar/1037.jpg",
            "email": "Emery_Dickens72@hotmail.com",
            "id": "67780",
            "username": "Rachelle29",
          },
          "belongs_to": "cm90018672313",
          "id": "cm90018672313-1",
          "is_folded": false,
          "meta": Object {
            "created_at": "2021-12-30T06:33:23.740Z",
            "dislike": 876,
            "likes": 26,
            "location": "Armenia",
          },
          "msg": Object {
            "content": Array [
              Object {
                "content": Array [
                  Object {
                    "text": "Sit qui illo illum qui aperiam ut fuga maxime quibusdam. Facilis nam et tempora quia neque labore autem est. Nihil deserunt voluptatum fuga ex voluptas illo accusamus corrupti. Ea quidem iure voluptatem saepe corporis. Et quasi tempore.",
                    "type": "text",
                  },
                ],
                "type": "paragraph",
              },
            ],
            "type": "doc",
          },
        },
        Object {
          "author_meta": Object {
            "avatar": "https://cloudflare-ipfs.com/ipfs/Qmd3W5DuhgHirLHGVixi6V76LhCkZUz6pnFt5AJBiyvHye/avatar/611.jpg",
            "email": "Edmund.Auer6@gmail.com",
            "id": "66532",
            "username": "Tyrese_Kovacek",
          },
          "belongs_to": "cm90018672313",
          "id": "cm90018672313-2",
          "is_folded": true,
          "meta": Object {
            "created_at": "2021-12-24T06:11:46.229Z",
            "dislike": 188,
            "likes": 536,
            "location": "Saint Martin",
          },
          "msg": Object {
            "content": Array [
              Object {
                "content": Array [
                  Object {
                    "text": "Officiis voluptatem beatae nisi unde temporibus possimus eaque similique. Est eius repellat qui dicta dolor consectetur beatae. Eveniet voluptatum asperiores earum aut.",
                    "type": "text",
                  },
                ],
                "type": "paragraph",
              },
            ],
            "type": "doc",
          },
        },
      ],
    },
    Object {
      "author_meta": Object {
        "avatar": "https://cloudflare-ipfs.com/ipfs/Qmd3W5DuhgHirLHGVixi6V76LhCkZUz6pnFt5AJBiyvHye/avatar/1125.jpg",
        "email": "Lloyd50@hotmail.com",
        "id": "56481",
        "username": "Caitlyn_Bahringer",
      },
      "belongs_to": "bk75240",
      "id": "cm90018672313",
      "is_folded": true,
      "meta": Object {
        "created_at": "2021-12-31T17:51:42.823Z",
        "dislike": 799,
        "likes": 570,
        "location": "Brunei Darussalam",
        "rates": 20,
        "short_review": "Nostrum est omnis magni non fuga distinctio.",
      },
      "msg": Object {
        "content": Array [
          Object {
            "attrs": Object {
              "level": 1,
            },
            "content": Array [
              Object {
                "text": "Quia minima fugit.",
                "type": "text",
              },
            ],
            "type": "heading",
          },
          Object {
            "content": Array [
              Object {
                "text": "Aspernatur et iste delectus recusandae corporis id. Ut iusto labore sint id non tenetur autem ratione neque. Sunt pariatur veniam voluptas sint aperiam. Vel architecto dolore ut. Neque autem ad similique nesciunt quo modi.<br/> Magnam optio alias et sunt eos tenetur. Laborum praesentium voluptatem aut. Alias ut ullam architecto inventore molestiae aut et quo. Qui voluptatibus sit amet officia provident repudiandae nihil. Inventore est excepturi voluptatem dolor deserunt. In voluptate et sapiente aut repellat commodi voluptatum accusamus.<br/> Ea dolor vero. In aperiam aut laborum in. Ut tempora enim et expedita.",
                "type": "text",
              },
            ],
            "type": "paragraph",
          },
        ],
        "type": "doc",
      },
      "responds": Array [
        Object {
          "author_meta": Object {
            "avatar": "https://cloudflare-ipfs.com/ipfs/Qmd3W5DuhgHirLHGVixi6V76LhCkZUz6pnFt5AJBiyvHye/avatar/632.jpg",
            "email": "Fritz3@gmail.com",
            "id": "41299",
            "username": "Rudolph_Ernser",
          },
          "belongs_to": "cm90018672313",
          "id": "cm90018672313-1",
          "is_folded": false,
          "meta": Object {
            "created_at": "2021-12-22T23:45:16.474Z",
            "dislike": 968,
            "likes": 215,
            "location": "Iceland",
          },
          "msg": Object {
            "content": Array [
              Object {
                "content": Array [
                  Object {
                    "text": "Dolorem incidunt a. Id saepe soluta animi est nemo dolore. Recusandae consequatur laudantium et modi neque quibusdam aliquam. Hic velit vitae omnis quidem ut aut aspernatur voluptatem quibusdam. Voluptatem soluta velit quae ea cupiditate veritatis. Enim aliquid recusandae.",
                    "type": "text",
                  },
                ],
                "type": "paragraph",
              },
            ],
            "type": "doc",
          },
        },
        Object {
          "author_meta": Object {
            "avatar": "https://cloudflare-ipfs.com/ipfs/Qmd3W5DuhgHirLHGVixi6V76LhCkZUz6pnFt5AJBiyvHye/avatar/99.jpg",
            "email": "Baylee.Hintz85@gmail.com",
            "id": "70236",
            "username": "King.Langworth28",
          },
          "belongs_to": "cm90018672313",
          "id": "cm90018672313-2",
          "is_folded": true,
          "meta": Object {
            "created_at": "2021-12-22T11:49:06.431Z",
            "dislike": 238,
            "likes": 377,
            "location": "Bulgaria",
          },
          "msg": Object {
            "content": Array [
              Object {
                "content": Array [
                  Object {
                    "text": "Labore culpa dolor exercitationem facilis reprehenderit totam nesciunt maxime a. Quo temporibus et unde est. Ex minima error dolores nihil inventore qui est voluptatem ut. Exercitationem et voluptas laboriosam eum dignissimos corrupti dolores.",
                    "type": "text",
                  },
                ],
                "type": "paragraph",
              },
            ],
            "type": "doc",
          },
        },
      ],
    },
    Object {
      "author_meta": Object {
        "avatar": "https://cloudflare-ipfs.com/ipfs/Qmd3W5DuhgHirLHGVixi6V76LhCkZUz6pnFt5AJBiyvHye/avatar/1075.jpg",
        "email": "Isabell_Senger41@yahoo.com",
        "id": "31826",
        "username": "Hattie.Franey",
      },
      "belongs_to": "bk39605",
      "id": "cm90018672313",
      "is_folded": false,
      "meta": Object {
        "created_at": "2021-12-26T11:11:08.508Z",
        "dislike": 161,
        "likes": 902,
        "location": "Iceland",
        "rates": 78,
        "short_review": "Ipsum voluptate occaecati non est.",
      },
      "msg": Object {
        "content": Array [
          Object {
            "attrs": Object {
              "level": 1,
            },
            "content": Array [
              Object {
                "text": "Asperiores voluptas et explicabo deleniti dolor itaque nam illum.",
                "type": "text",
              },
            ],
            "type": "heading",
          },
          Object {
            "content": Array [
              Object {
                "text": "Accusamus eligendi et sed aut doloremque et omnis eveniet voluptatem. Iste quos aut aut. Aliquam dolorem minima asperiores unde saepe mollitia sit. Ratione quia voluptatem amet id molestiae corporis voluptatum. Modi molestiae cumque quis autem repellendus sunt et magnam. Veritatis aut voluptatem animi minima.<br/> Rem corrupti ad non asperiores sunt asperiores suscipit alias. Quam expedita et cum quis rerum velit. Porro tempora molestiae enim corporis et adipisci quaerat eligendi.<br/> Ullam iure occaecati laboriosam vel fugiat. Qui est qui ipsum odio. Dignissimos voluptatem voluptatem.",
                "type": "text",
              },
            ],
            "type": "paragraph",
          },
        ],
        "type": "doc",
      },
      "responds": Array [
        Object {
          "author_meta": Object {
            "avatar": "https://cloudflare-ipfs.com/ipfs/Qmd3W5DuhgHirLHGVixi6V76LhCkZUz6pnFt5AJBiyvHye/avatar/990.jpg",
            "email": "Diego_Beer93@yahoo.com",
            "id": "84652",
            "username": "Kennedy84",
          },
          "belongs_to": "cm90018672313-2",
          "id": "cm90018672313-1",
          "is_folded": false,
          "meta": Object {
            "created_at": "2021-12-26T14:45:31.583Z",
            "dislike": 619,
            "likes": 821,
            "location": "Brazil",
          },
          "msg": Object {
            "content": Array [
              Object {
                "content": Array [
                  Object {
                    "text": "Rerum voluptates ex ducimus ut accusantium consequuntur veniam illum. Ab et eligendi voluptatem culpa tenetur debitis exercitationem. Et cupiditate earum delectus distinctio voluptatem. Cupiditate sint enim nobis placeat et magnam veritatis. Explicabo ipsa alias saepe asperiores itaque tempore aut. Quisquam quia nostrum maxime animi rerum.",
                    "type": "text",
                  },
                ],
                "type": "paragraph",
              },
            ],
            "type": "doc",
          },
        },
        Object {
          "author_meta": Object {
            "avatar": "https://cloudflare-ipfs.com/ipfs/Qmd3W5DuhgHirLHGVixi6V76LhCkZUz6pnFt5AJBiyvHye/avatar/1115.jpg",
            "email": "Marcelle.Casper58@gmail.com",
            "id": "71421",
            "username": "Nils.Bradtke",
          },
          "belongs_to": "cm90018672313",
          "id": "cm90018672313-2",
          "is_folded": true,
          "meta": Object {
            "created_at": "2021-12-31T23:15:26.698Z",
            "dislike": 379,
            "likes": 386,
            "location": "Timor-Leste",
          },
          "msg": Object {
            "content": Array [
              Object {
                "content": Array [
                  Object {
                    "text": "Soluta voluptatem et quia ea ab expedita magni. Voluptas facilis adipisci ipsum. Officia reprehenderit magnam sint aut repellat nostrum dolor id est. Animi sint porro saepe error sapiente molestiae.",
                    "type": "text",
                  },
                ],
                "type": "paragraph",
              },
            ],
            "type": "doc",
          },
        },
      ],
    },
    Object {
      "author_meta": Object {
        "avatar": "https://cloudflare-ipfs.com/ipfs/Qmd3W5DuhgHirLHGVixi6V76LhCkZUz6pnFt5AJBiyvHye/avatar/676.jpg",
        "email": "Jacques_Jast@yahoo.com",
        "id": "36314",
        "username": "Antwon45",
      },
      "belongs_to": "bk63494",
      "id": "cm90018672313",
      "is_folded": false,
      "meta": Object {
        "created_at": "2021-12-22T18:25:17.075Z",
        "dislike": 287,
        "likes": 516,
        "location": "Colombia",
        "rates": 96,
        "short_review": "Quis est dolor numquam.",
      },
      "msg": Object {
        "content": Array [
          Object {
            "attrs": Object {
              "level": 1,
            },
            "content": Array [
              Object {
                "text": "Voluptas sint ea praesentium fuga perferendis et placeat.",
                "type": "text",
              },
            ],
            "type": "heading",
          },
          Object {
            "content": Array [
              Object {
                "text": "Voluptatem optio est ut nulla. Non eum corporis ut eos. Voluptatem et in aut sit et minima itaque. Ullam officia optio quidem qui. Dignissimos laudantium architecto vitae sit velit. Perspiciatis corporis et voluptatem libero reiciendis dolorem deserunt et.<br/> Earum dolores laudantium illum doloribus mollitia. Molestias ab quidem neque quibusdam pariatur ut error nulla dolores. Et sed sint adipisci veniam. Ut repellendus temporibus. Id corrupti hic nostrum id consequatur omnis exercitationem perferendis.<br/> Aut et non illo. Delectus qui veniam. Et possimus debitis. Ea officia rerum eligendi quo nemo vel quae magni tempore.",
                "type": "text",
              },
            ],
            "type": "paragraph",
          },
        ],
        "type": "doc",
      },
      "responds": Array [
        Object {
          "author_meta": Object {
            "avatar": "https://cloudflare-ipfs.com/ipfs/Qmd3W5DuhgHirLHGVixi6V76LhCkZUz6pnFt5AJBiyvHye/avatar/82.jpg",
            "email": "Juliet_Flatley86@hotmail.com",
            "id": "30773",
            "username": "Jarrod.Mohr",
          },
          "belongs_to": "cm90018672313-1",
          "id": "cm90018672313-1",
          "is_folded": true,
          "meta": Object {
            "created_at": "2021-12-25T15:53:42.920Z",
            "dislike": 122,
            "likes": 156,
            "location": "United States Minor Outlying Islands",
          },
          "msg": Object {
            "content": Array [
              Object {
                "content": Array [
                  Object {
                    "text": "Quia dolor et. Expedita accusantium praesentium voluptas. Ut officia est earum modi cupiditate. Quia sint necessitatibus quod. Qui id eos. Enim illo vel provident sed quia.",
                    "type": "text",
                  },
                ],
                "type": "paragraph",
              },
            ],
            "type": "doc",
          },
        },
        Object {
          "author_meta": Object {
            "avatar": "https://cloudflare-ipfs.com/ipfs/Qmd3W5DuhgHirLHGVixi6V76LhCkZUz6pnFt5AJBiyvHye/avatar/116.jpg",
            "email": "Amelie.Stiedemann29@hotmail.com",
            "id": "55026",
            "username": "Ilene.Stroman",
          },
          "belongs_to": "cm90018672313-2",
          "id": "cm90018672313-2",
          "is_folded": false,
          "meta": Object {
            "created_at": "2021-12-27T16:11:35.299Z",
            "dislike": 454,
            "likes": 132,
            "location": "Tuvalu",
          },
          "msg": Object {
            "content": Array [
              Object {
                "content": Array [
                  Object {
                    "text": "Optio commodi quis. Et qui et voluptate quia odit dignissimos reprehenderit asperiores qui. Ut sit libero. Qui dolorum maiores voluptas vel soluta voluptas ipsum. Ducimus libero voluptas odio. Est minima at eveniet laborum quae exercitationem.",
                    "type": "text",
                  },
                ],
                "type": "paragraph",
              },
            ],
            "type": "doc",
          },
        },
      ],
    },
  ],
  "error": undefined,
  "isLoading": false,
  "isValidating": false,
  "mutate": [Function],
}
`;
