// Jest Snapshot v1, https://goo.gl/fbAQLP

exports[`useTags snapshot tags 1`] = `
Object {
  "data": Object {
    "Bedfordshire": Array [
      "radical",
      "parse",
      "withdrawal",
      "digital",
      "orchestrate",
      "Table",
      "Account",
      "North",
      "deposit",
    ],
    "Fresh": Array [
      "indigo",
      "orchestrate",
      "portals",
      "Organic",
      "Outdoors",
      "lavender",
      "Card",
      "Turnpike",
      "Oregon",
    ],
    "Kids": Array [
      "utilisation",
      "Oriental",
      "innovative",
      "Pants",
      "Assurance",
    ],
    "Savings": Array [
      "synthesize",
      "Car",
      "Granite",
      "Beauty",
      "Borders",
      "Elegant",
      "Communications",
    ],
    "invoice": Array [
      "Loaf",
      "quantify",
      "Account",
      "Auto",
      "defect",
      "Account",
      "calculating",
      "engineer",
      "Oklahoma",
    ],
  },
  "error": undefined,
  "isLoading": false,
  "isValidating": false,
  "mutate": [Function],
}
`;
