// Jest Snapshot v1, https://goo.gl/fbAQLP

exports[`useUsers should return data 1`] = `
Object {
  "data": Object {
    "avatar": "https://cloudflare-ipfs.com/ipfs/Qmd3W5DuhgHirLHGVixi6V76LhCkZUz6pnFt5AJBiyvHye/avatar/1123.jpg",
    "birthdate": "Tue, 29 Jun 1965 01:55:39 GMT",
    "city": "Lake Rociomouth",
    "description": "Ut facilis et dolorem. Omnis qui neque velit. Dolore similique accusantium officiis adipisci. Dolorum cum et totam eveniet culpa qui quibusdam ad facere. Rerum distinctio atque consequatur amet iure sequi voluptas dolorem. Suscipit non quam. Deserunt omnis sint similique cum aliquid est sunt odio nemo. Inventore est ut ut magnam ea dolores ipsum ea recusandae. Et facere cumque quae fuga dolor ipsa dolor. Unde sit cupiditate. Sint aspernatur ullam a est repellendus ducimus. Maxime id est dolor nobis fuga.",
    "email": "Camylle_Grady61@hotmail.com",
    "fullname": "Alessandra Mueller",
    "uid": "1000",
    "username": "Britney.Skiles",
  },
  "error": undefined,
  "isLoading": false,
  "isValidating": false,
  "mutate": [Function],
}
`;
