// Jest Snapshot v1, https://goo.gl/fbAQLP

exports[`TagsCotroller should render correctly 1`] = `
<div>
  <div
    class="flex flex-col"
  >
    <h1
      class="text-2xl w-full py-2"
    >
      Tags
    </h1>
    <div
      class="flex flex-col items-start my-2"
    >
      <h2
        class="text-lg capitalize w-full my-2"
      >
        Fresh
      </h2>
      <div
        class="flex flex-wrap gap-2"
      >
        <a
          aria-label="tag"
          class="btn btn-xs normal-case"
          href="/tags/indigo"
        >
          indigo
        </a>
        <a
          aria-label="tag"
          class="btn btn-xs normal-case"
          href="/tags/orchestrate"
        >
          orchestrate
        </a>
        <a
          aria-label="tag"
          class="btn btn-xs normal-case"
          href="/tags/portals"
        >
          portals
        </a>
        <a
          aria-label="tag"
          class="btn btn-xs normal-case"
          href="/tags/Organic"
        >
          Organic
        </a>
        <a
          aria-label="tag"
          class="btn btn-xs normal-case"
          href="/tags/Outdoors"
        >
          Outdoors
        </a>
        <a
          aria-label="tag"
          class="btn btn-xs normal-case"
          href="/tags/lavender"
        >
          lavender
        </a>
        <a
          aria-label="tag"
          class="btn btn-xs normal-case"
          href="/tags/Card"
        >
          Card
        </a>
        <a
          aria-label="tag"
          class="btn btn-xs normal-case"
          href="/tags/Turnpike"
        >
          Turnpike
        </a>
        <a
          aria-label="tag"
          class="btn btn-xs normal-case"
          href="/tags/Oregon"
        >
          Oregon
        </a>
      </div>
    </div>
    <div
      class="flex flex-col items-start my-2"
    >
      <h2
        class="text-lg capitalize w-full my-2"
      >
        Bedfordshire
      </h2>
      <div
        class="flex flex-wrap gap-2"
      >
        <a
          aria-label="tag"
          class="btn btn-xs normal-case"
          href="/tags/radical"
        >
          radical
        </a>
        <a
          aria-label="tag"
          class="btn btn-xs normal-case"
          href="/tags/parse"
        >
          parse
        </a>
        <a
          aria-label="tag"
          class="btn btn-xs normal-case"
          href="/tags/withdrawal"
        >
          withdrawal
        </a>
        <a
          aria-label="tag"
          class="btn btn-xs normal-case"
          href="/tags/digital"
        >
          digital
        </a>
        <a
          aria-label="tag"
          class="btn btn-xs normal-case"
          href="/tags/orchestrate"
        >
          orchestrate
        </a>
        <a
          aria-label="tag"
          class="btn btn-xs normal-case"
          href="/tags/Table"
        >
          Table
        </a>
        <a
          aria-label="tag"
          class="btn btn-xs normal-case"
          href="/tags/Account"
        >
          Account
        </a>
        <a
          aria-label="tag"
          class="btn btn-xs normal-case"
          href="/tags/North"
        >
          North
        </a>
        <a
          aria-label="tag"
          class="btn btn-xs normal-case"
          href="/tags/deposit"
        >
          deposit
        </a>
      </div>
    </div>
    <div
      class="flex flex-col items-start my-2"
    >
      <h2
        class="text-lg capitalize w-full my-2"
      >
        Kids
      </h2>
      <div
        class="flex flex-wrap gap-2"
      >
        <a
          aria-label="tag"
          class="btn btn-xs normal-case"
          href="/tags/utilisation"
        >
          utilisation
        </a>
        <a
          aria-label="tag"
          class="btn btn-xs normal-case"
          href="/tags/Oriental"
        >
          Oriental
        </a>
        <a
          aria-label="tag"
          class="btn btn-xs normal-case"
          href="/tags/innovative"
        >
          innovative
        </a>
        <a
          aria-label="tag"
          class="btn btn-xs normal-case"
          href="/tags/Pants"
        >
          Pants
        </a>
        <a
          aria-label="tag"
          class="btn btn-xs normal-case"
          href="/tags/Assurance"
        >
          Assurance
        </a>
      </div>
    </div>
    <div
      class="flex flex-col items-start my-2"
    >
      <h2
        class="text-lg capitalize w-full my-2"
      >
        Savings
      </h2>
      <div
        class="flex flex-wrap gap-2"
      >
        <a
          aria-label="tag"
          class="btn btn-xs normal-case"
          href="/tags/synthesize"
        >
          synthesize
        </a>
        <a
          aria-label="tag"
          class="btn btn-xs normal-case"
          href="/tags/Car"
        >
          Car
        </a>
        <a
          aria-label="tag"
          class="btn btn-xs normal-case"
          href="/tags/Granite"
        >
          Granite
        </a>
        <a
          aria-label="tag"
          class="btn btn-xs normal-case"
          href="/tags/Beauty"
        >
          Beauty
        </a>
        <a
          aria-label="tag"
          class="btn btn-xs normal-case"
          href="/tags/Borders"
        >
          Borders
        </a>
        <a
          aria-label="tag"
          class="btn btn-xs normal-case"
          href="/tags/Elegant"
        >
          Elegant
        </a>
        <a
          aria-label="tag"
          class="btn btn-xs normal-case"
          href="/tags/Communications"
        >
          Communications
        </a>
      </div>
    </div>
    <div
      class="flex flex-col items-start my-2"
    >
      <h2
        class="text-lg capitalize w-full my-2"
      >
        invoice
      </h2>
      <div
        class="flex flex-wrap gap-2"
      >
        <a
          aria-label="tag"
          class="btn btn-xs normal-case"
          href="/tags/Loaf"
        >
          Loaf
        </a>
        <a
          aria-label="tag"
          class="btn btn-xs normal-case"
          href="/tags/quantify"
        >
          quantify
        </a>
        <a
          aria-label="tag"
          class="btn btn-xs normal-case"
          href="/tags/Account"
        >
          Account
        </a>
        <a
          aria-label="tag"
          class="btn btn-xs normal-case"
          href="/tags/Auto"
        >
          Auto
        </a>
        <a
          aria-label="tag"
          class="btn btn-xs normal-case"
          href="/tags/defect"
        >
          defect
        </a>
        <a
          aria-label="tag"
          class="btn btn-xs normal-case"
          href="/tags/Account"
        >
          Account
        </a>
        <a
          aria-label="tag"
          class="btn btn-xs normal-case"
          href="/tags/calculating"
        >
          calculating
        </a>
        <a
          aria-label="tag"
          class="btn btn-xs normal-case"
          href="/tags/engineer"
        >
          engineer
        </a>
        <a
          aria-label="tag"
          class="btn btn-xs normal-case"
          href="/tags/Oklahoma"
        >
          Oklahoma
        </a>
      </div>
    </div>
  </div>
</div>
`;
