// Jest Snapshot v1, https://goo.gl/fbAQLP

exports[`bookList renders a BookList 1`] = `
<div>
  <div
    class="flex flex-col"
  >
    <div>
      <div
        class="flex py-4 gap-3"
      >
        <figure
          aria-label="Cover Image"
          class="flex justify-center items-center"
        >
          <a
            class="relative w-28 h-[calc(7rem/2*3)]"
            href="/books/bk90"
          >
            <span
              style="box-sizing: border-box; display: block; overflow: hidden; background: none; opacity: 1; border: 0px; margin: 0px; padding: 0px; position: absolute; top: 0px; left: 0px; bottom: 0px; right: 0px;"
            >
              <img
                alt="catch"
                data-nimg="fill"
                decoding="async"
                src="data:image/gif;base64,R0lGODlhAQABAIAAAAAAAP///yH5BAEAAAAALAAAAAABAAEAAAIBRAA7"
                style="position: absolute; top: 0px; left: 0px; bottom: 0px; right: 0px; box-sizing: border-box; padding: 0px; margin: auto; display: block; width: 0px; height: 0px; min-width: 100%; max-width: 100%; min-height: 100%; max-height: 100%;"
              />
              <noscript />
            </span>
          </a>
        </figure>
        <div
          class="flex flex-col gap-2 h-[calc(7rem/2*3)]"
        >
          <div
            class="inline-flex justify-start"
          >
            <a
              class="link no-underline text-primary hover:bg-primary hover:text-primary-content focus:bg-primary-focus focus:text-primary-content"
              href="/books/bk90"
            >
              <h2
                class="truncate"
              >
                catch
              </h2>
            </a>
          </div>
          <p
            class="truncate"
          >
            Gracie
          </p>
          <div
            class="inline-flex items-center text-amber-400"
          >
            <svg
              fill="currentColor"
              height="1em"
              stroke="currentColor"
              stroke-width="0"
              viewBox="0 0 512 512"
              width="1em"
              xmlns="http://www.w3.org/2000/svg"
            >
              <path
                d="M463 192H315.9L271.2 58.6C269 52.1 262.9 48 256 48s-13 4.1-15.2 10.6L196.1 192H48c-8.8 0-16 7.2-16 16 0 .9.1 1.9.3 2.7.2 3.5 1.8 7.4 6.7 11.3l120.9 85.2-46.4 134.9c-2.3 6.5 0 13.8 5.5 18 2.9 2.1 5.6 3.9 9 3.9 3.3 0 7.2-1.7 10-3.6l118-84.1 118 84.1c2.8 2 6.7 3.6 10 3.6 3.4 0 6.1-1.7 8.9-3.9 5.6-4.2 7.8-11.4 5.5-18L352 307.2l119.9-86 2.9-2.5c2.6-2.8 5.2-6.6 5.2-10.7 0-8.8-8.2-16-17-16z"
              />
            </svg>
            <svg
              fill="currentColor"
              height="1em"
              stroke="currentColor"
              stroke-width="0"
              viewBox="0 0 512 512"
              width="1em"
              xmlns="http://www.w3.org/2000/svg"
            >
              <path
                d="M463 192H315.9L271.2 58.6C269 52.1 262.9 48 256 48s-13 4.1-15.2 10.6L196.1 192H48c-8.8 0-16 7.2-16 16 0 .9.1 1.9.3 2.7.2 3.5 1.8 7.4 6.7 11.3l120.9 85.2-46.4 134.9c-2.3 6.5 0 13.8 5.5 18 2.9 2.1 5.6 3.9 9 3.9 3.3 0 7.2-1.7 10-3.6l118-84.1 118 84.1c2.8 2 6.7 3.6 10 3.6 3.4 0 6.1-1.7 8.9-3.9 5.6-4.2 7.8-11.4 5.5-18L352 307.2l119.9-86 2.9-2.5c2.6-2.8 5.2-6.6 5.2-10.7 0-8.8-8.2-16-17-16z"
              />
            </svg>
            <svg
              fill="currentColor"
              height="1em"
              stroke="currentColor"
              stroke-width="0"
              viewBox="0 0 512 512"
              width="1em"
              xmlns="http://www.w3.org/2000/svg"
            >
              <path
                d="M463 192H315.9L271.2 58.6C269 52.1 262.9 48 256 48s-13 4.1-15.2 10.6L196.1 192H48c-8.8 0-16 7.2-16 16 0 .9.1 1.9.3 2.7.2 3.5 1.8 7.4 6.7 11.3l120.9 85.2-46.4 134.9c-2.3 6.5 0 13.8 5.5 18 2.9 2.1 5.6 3.9 9 3.9 3.3 0 7.2-1.7 10-3.6l118-84.1 118 84.1c2.8 2 6.7 3.6 10 3.6 3.4 0 6.1-1.7 8.9-3.9 5.6-4.2 7.8-11.4 5.5-18L352 307.2l119.9-86 2.9-2.5c2.6-2.8 5.2-6.6 5.2-10.7 0-8.8-8.2-16-17-16z"
              />
            </svg>
            <svg
              fill="currentColor"
              height="1em"
              stroke="currentColor"
              stroke-width="0"
              viewBox="0 0 512 512"
              width="1em"
              xmlns="http://www.w3.org/2000/svg"
            >
              <path
                d="M463 192H315.9L271.2 58.6C269 52.1 262.9 48 256 48s-13 4.1-15.2 10.6L196.1 192H48c-8.8 0-16 7.2-16 16 0 .9.1 1.9.3 2.7.2 3.5 1.8 7.4 6.7 11.3l120.9 85.2-46.4 134.9c-2.3 6.5 0 13.8 5.5 18 2.9 2.1 5.6 3.9 9 3.9 3.3 0 7.2-1.7 10-3.6l118-84.1 118 84.1c2.8 2 6.7 3.6 10 3.6 3.4 0 6.1-1.7 8.9-3.9 5.6-4.2 7.8-11.4 5.5-18L352 307.2l119.9-86 2.9-2.5c2.6-2.8 5.2-6.6 5.2-10.7 0-8.8-8.2-16-17-16zm-47.4 35.2l-79.8 57.3c-10 7.2-14.2 20.2-10.2 31.8l30.1 87.7c1.3 3.7-2.9 6.8-6.1 4.6l-77.4-55.2-.1-.1c-10-7-16.1-18.3-16.1-30.5V113.3c0-2.2 3.1-2.7 3.8-.6l29.6 88.2c3.8 11.4 14.5 19.1 26.5 19.1h97.3c3.9 0 5.5 5 2.4 7.2z"
              />
            </svg>
            <svg
              fill="currentColor"
              height="1em"
              stroke="currentColor"
              stroke-width="0"
              viewBox="0 0 512 512"
              width="1em"
              xmlns="http://www.w3.org/2000/svg"
            >
              <path
                d="M463 192H315.9L271.2 58.6C269 52.1 262.9 48 256 48s-13 4.1-15.2 10.6L196.1 192H48c-8.8 0-16 7.2-16 16 0 .9.1 1.9.3 2.7.2 3.5 1.8 7.4 6.7 11.3l120.9 85.2-46.4 134.9c-2.3 6.5 0 13.8 5.5 18 2.9 2.1 5.6 3.9 9 3.9 3.3 0 7.2-1.7 10-3.6l118-84.1 118 84.1c2.8 2 6.7 3.6 10 3.6 3.4 0 6.1-1.7 8.9-3.9 5.6-4.2 7.8-11.4 5.5-18L352 307.2l119.9-86 2.9-2.5c2.6-2.8 5.2-6.6 5.2-10.7 0-8.8-8.2-16-17-16zm-127.2 92.5c-10 7.2-14.2 20.2-10.2 31.8l30.1 87.7c1.3 3.7-2.9 6.8-6.1 4.6l-77.4-55.2c-4.9-3.5-10.6-5.2-16.3-5.2-5.7 0-11.4 1.7-16.2 5.2l-77.4 55.1c-3.2 2.3-7.4-.9-6.1-4.6l30.1-87.7c4-11.8-.2-24.8-10.3-32l-81-57.1c-3.2-2.2-1.6-7.3 2.3-7.3H196c12 0 22.7-7.7 26.5-19.1l29.6-88.2c1.2-3.6 6.4-3.6 7.6 0l29.6 88.2c3.8 11.4 14.5 19.1 26.5 19.1h97.3c3.9 0 5.5 5 2.3 7.2l-79.6 57.5z"
              />
            </svg>
            <span
              aria-label="rates"
              class="text-base ml-2"
              role="presentation"
            >
              7.8
            </span>
          </div>
          <p
            class="line-clamp-3 text-ellipsis"
          >
            Quis dolore similique accusantium officiis adipisci. Dolorum cum et totam eveniet culpa qui quibusdam ad facere. Rerum distinctio atque consequatur amet iure sequi voluptas dolorem. Suscipit non quam. Deserunt omnis sint similique cum aliquid est sunt odio nemo. Inventore est ut ut magnam ea dolores ipsum ea recusandae. Et facere cumque quae fuga dolor ipsa dolor. Unde sit cupiditate. Sint aspernatur ullam a est repellendus ducimus. Maxime id est dolor nobis fuga.
          </p>
        </div>
      </div>
      <div
        class="flex py-4 gap-3"
      >
        <figure
          aria-label="Cover Image"
          class="flex justify-center items-center"
        >
          <a
            class="relative w-28 h-[calc(7rem/2*3)]"
            href="/books/bk88"
          >
            <span
              style="box-sizing: border-box; display: block; overflow: hidden; background: none; opacity: 1; border: 0px; margin: 0px; padding: 0px; position: absolute; top: 0px; left: 0px; bottom: 0px; right: 0px;"
            >
              <img
                alt="cheek"
                data-nimg="fill"
                decoding="async"
                src="data:image/gif;base64,R0lGODlhAQABAIAAAAAAAP///yH5BAEAAAAALAAAAAABAAEAAAIBRAA7"
                style="position: absolute; top: 0px; left: 0px; bottom: 0px; right: 0px; box-sizing: border-box; padding: 0px; margin: auto; display: block; width: 0px; height: 0px; min-width: 100%; max-width: 100%; min-height: 100%; max-height: 100%;"
              />
              <noscript />
            </span>
          </a>
        </figure>
        <div
          class="flex flex-col gap-2 h-[calc(7rem/2*3)]"
        >
          <div
            class="inline-flex justify-start"
          >
            <a
              class="link no-underline text-primary hover:bg-primary hover:text-primary-content focus:bg-primary-focus focus:text-primary-content"
              href="/books/bk88"
            >
              <h2
                class="truncate"
              >
                cheek
              </h2>
            </a>
          </div>
          <p
            class="truncate"
          >
            Lonnie
          </p>
          <div
            class="inline-flex items-center text-amber-400"
          >
            <svg
              fill="currentColor"
              height="1em"
              stroke="currentColor"
              stroke-width="0"
              viewBox="0 0 512 512"
              width="1em"
              xmlns="http://www.w3.org/2000/svg"
            >
              <path
                d="M463 192H315.9L271.2 58.6C269 52.1 262.9 48 256 48s-13 4.1-15.2 10.6L196.1 192H48c-8.8 0-16 7.2-16 16 0 .9.1 1.9.3 2.7.2 3.5 1.8 7.4 6.7 11.3l120.9 85.2-46.4 134.9c-2.3 6.5 0 13.8 5.5 18 2.9 2.1 5.6 3.9 9 3.9 3.3 0 7.2-1.7 10-3.6l118-84.1 118 84.1c2.8 2 6.7 3.6 10 3.6 3.4 0 6.1-1.7 8.9-3.9 5.6-4.2 7.8-11.4 5.5-18L352 307.2l119.9-86 2.9-2.5c2.6-2.8 5.2-6.6 5.2-10.7 0-8.8-8.2-16-17-16z"
              />
            </svg>
            <svg
              fill="currentColor"
              height="1em"
              stroke="currentColor"
              stroke-width="0"
              viewBox="0 0 512 512"
              width="1em"
              xmlns="http://www.w3.org/2000/svg"
            >
              <path
                d="M463 192H315.9L271.2 58.6C269 52.1 262.9 48 256 48s-13 4.1-15.2 10.6L196.1 192H48c-8.8 0-16 7.2-16 16 0 .9.1 1.9.3 2.7.2 3.5 1.8 7.4 6.7 11.3l120.9 85.2-46.4 134.9c-2.3 6.5 0 13.8 5.5 18 2.9 2.1 5.6 3.9 9 3.9 3.3 0 7.2-1.7 10-3.6l118-84.1 118 84.1c2.8 2 6.7 3.6 10 3.6 3.4 0 6.1-1.7 8.9-3.9 5.6-4.2 7.8-11.4 5.5-18L352 307.2l119.9-86 2.9-2.5c2.6-2.8 5.2-6.6 5.2-10.7 0-8.8-8.2-16-17-16z"
              />
            </svg>
            <svg
              fill="currentColor"
              height="1em"
              stroke="currentColor"
              stroke-width="0"
              viewBox="0 0 512 512"
              width="1em"
              xmlns="http://www.w3.org/2000/svg"
            >
              <path
                d="M463 192H315.9L271.2 58.6C269 52.1 262.9 48 256 48s-13 4.1-15.2 10.6L196.1 192H48c-8.8 0-16 7.2-16 16 0 .9.1 1.9.3 2.7.2 3.5 1.8 7.4 6.7 11.3l120.9 85.2-46.4 134.9c-2.3 6.5 0 13.8 5.5 18 2.9 2.1 5.6 3.9 9 3.9 3.3 0 7.2-1.7 10-3.6l118-84.1 118 84.1c2.8 2 6.7 3.6 10 3.6 3.4 0 6.1-1.7 8.9-3.9 5.6-4.2 7.8-11.4 5.5-18L352 307.2l119.9-86 2.9-2.5c2.6-2.8 5.2-6.6 5.2-10.7 0-8.8-8.2-16-17-16z"
              />
            </svg>
            <svg
              fill="currentColor"
              height="1em"
              stroke="currentColor"
              stroke-width="0"
              viewBox="0 0 512 512"
              width="1em"
              xmlns="http://www.w3.org/2000/svg"
            >
              <path
                d="M463 192H315.9L271.2 58.6C269 52.1 262.9 48 256 48s-13 4.1-15.2 10.6L196.1 192H48c-8.8 0-16 7.2-16 16 0 .9.1 1.9.3 2.7.2 3.5 1.8 7.4 6.7 11.3l120.9 85.2-46.4 134.9c-2.3 6.5 0 13.8 5.5 18 2.9 2.1 5.6 3.9 9 3.9 3.3 0 7.2-1.7 10-3.6l118-84.1 118 84.1c2.8 2 6.7 3.6 10 3.6 3.4 0 6.1-1.7 8.9-3.9 5.6-4.2 7.8-11.4 5.5-18L352 307.2l119.9-86 2.9-2.5c2.6-2.8 5.2-6.6 5.2-10.7 0-8.8-8.2-16-17-16z"
              />
            </svg>
            <svg
              fill="currentColor"
              height="1em"
              stroke="currentColor"
              stroke-width="0"
              viewBox="0 0 512 512"
              width="1em"
              xmlns="http://www.w3.org/2000/svg"
            >
              <path
                d="M463 192H315.9L271.2 58.6C269 52.1 262.9 48 256 48s-13 4.1-15.2 10.6L196.1 192H48c-8.8 0-16 7.2-16 16 0 .9.1 1.9.3 2.7.2 3.5 1.8 7.4 6.7 11.3l120.9 85.2-46.4 134.9c-2.3 6.5 0 13.8 5.5 18 2.9 2.1 5.6 3.9 9 3.9 3.3 0 7.2-1.7 10-3.6l118-84.1 118 84.1c2.8 2 6.7 3.6 10 3.6 3.4 0 6.1-1.7 8.9-3.9 5.6-4.2 7.8-11.4 5.5-18L352 307.2l119.9-86 2.9-2.5c2.6-2.8 5.2-6.6 5.2-10.7 0-8.8-8.2-16-17-16zm-47.4 35.2l-79.8 57.3c-10 7.2-14.2 20.2-10.2 31.8l30.1 87.7c1.3 3.7-2.9 6.8-6.1 4.6l-77.4-55.2-.1-.1c-10-7-16.1-18.3-16.1-30.5V113.3c0-2.2 3.1-2.7 3.8-.6l29.6 88.2c3.8 11.4 14.5 19.1 26.5 19.1h97.3c3.9 0 5.5 5 2.4 7.2z"
              />
            </svg>
            <span
              aria-label="rates"
              class="text-base ml-2"
              role="presentation"
            >
              9.5
            </span>
          </div>
          <p
            class="line-clamp-3 text-ellipsis"
          >
            Impedit occaecati magni fuga et cumque excepturi enim voluptas. Quasi ipsum ut. Quia exercitationem sequi voluptates delectus ullam laborum. Porro et consequuntur harum. Hic praesentium maiores qui asperiores qui vero accusantium nemo voluptas. Sequi voluptatum perferendis aperiam qui assumenda velit necessitatibus. Adipisci animi molestias aspernatur quas vel consequatur veniam. Nisi voluptas eos. Facere laboriosam rerum quidem possimus nisi sit totam veniam. Repellendus magni et similique consequatur vel officiis ullam. Est quidem ullam eum voluptas porro et voluptates doloribus. Aut minima reprehenderit commodi nemo ducimus atque. Minima neque natus consequatur pariatur odit quaerat.
          </p>
        </div>
      </div>
      <div
        class="flex py-4 gap-3"
      >
        <figure
          aria-label="Cover Image"
          class="flex justify-center items-center"
        >
          <a
            class="relative w-28 h-[calc(7rem/2*3)]"
            href="/books/bk41"
          >
            <span
              style="box-sizing: border-box; display: block; overflow: hidden; background: none; opacity: 1; border: 0px; margin: 0px; padding: 0px; position: absolute; top: 0px; left: 0px; bottom: 0px; right: 0px;"
            >
              <img
                alt="rivulet"
                data-nimg="fill"
                decoding="async"
                src="data:image/gif;base64,R0lGODlhAQABAIAAAAAAAP///yH5BAEAAAAALAAAAAABAAEAAAIBRAA7"
                style="position: absolute; top: 0px; left: 0px; bottom: 0px; right: 0px; box-sizing: border-box; padding: 0px; margin: auto; display: block; width: 0px; height: 0px; min-width: 100%; max-width: 100%; min-height: 100%; max-height: 100%;"
              />
              <noscript />
            </span>
          </a>
        </figure>
        <div
          class="flex flex-col gap-2 h-[calc(7rem/2*3)]"
        >
          <div
            class="inline-flex justify-start"
          >
            <a
              class="link no-underline text-primary hover:bg-primary hover:text-primary-content focus:bg-primary-focus focus:text-primary-content"
              href="/books/bk41"
            >
              <h2
                class="truncate"
              >
                rivulet
              </h2>
            </a>
          </div>
          <p
            class="truncate"
          >
            Raegan
          </p>
          <div
            class="inline-flex items-center text-amber-400"
          >
            <svg
              fill="currentColor"
              height="1em"
              stroke="currentColor"
              stroke-width="0"
              viewBox="0 0 512 512"
              width="1em"
              xmlns="http://www.w3.org/2000/svg"
            >
              <path
                d="M463 192H315.9L271.2 58.6C269 52.1 262.9 48 256 48s-13 4.1-15.2 10.6L196.1 192H48c-8.8 0-16 7.2-16 16 0 .9.1 1.9.3 2.7.2 3.5 1.8 7.4 6.7 11.3l120.9 85.2-46.4 134.9c-2.3 6.5 0 13.8 5.5 18 2.9 2.1 5.6 3.9 9 3.9 3.3 0 7.2-1.7 10-3.6l118-84.1 118 84.1c2.8 2 6.7 3.6 10 3.6 3.4 0 6.1-1.7 8.9-3.9 5.6-4.2 7.8-11.4 5.5-18L352 307.2l119.9-86 2.9-2.5c2.6-2.8 5.2-6.6 5.2-10.7 0-8.8-8.2-16-17-16zm-127.2 92.5c-10 7.2-14.2 20.2-10.2 31.8l30.1 87.7c1.3 3.7-2.9 6.8-6.1 4.6l-77.4-55.2c-4.9-3.5-10.6-5.2-16.3-5.2-5.7 0-11.4 1.7-16.2 5.2l-77.4 55.1c-3.2 2.3-7.4-.9-6.1-4.6l30.1-87.7c4-11.8-.2-24.8-10.3-32l-81-57.1c-3.2-2.2-1.6-7.3 2.3-7.3H196c12 0 22.7-7.7 26.5-19.1l29.6-88.2c1.2-3.6 6.4-3.6 7.6 0l29.6 88.2c3.8 11.4 14.5 19.1 26.5 19.1h97.3c3.9 0 5.5 5 2.3 7.2l-79.6 57.5z"
              />
            </svg>
            <svg
              fill="currentColor"
              height="1em"
              stroke="currentColor"
              stroke-width="0"
              viewBox="0 0 512 512"
              width="1em"
              xmlns="http://www.w3.org/2000/svg"
            >
              <path
                d="M463 192H315.9L271.2 58.6C269 52.1 262.9 48 256 48s-13 4.1-15.2 10.6L196.1 192H48c-8.8 0-16 7.2-16 16 0 .9.1 1.9.3 2.7.2 3.5 1.8 7.4 6.7 11.3l120.9 85.2-46.4 134.9c-2.3 6.5 0 13.8 5.5 18 2.9 2.1 5.6 3.9 9 3.9 3.3 0 7.2-1.7 10-3.6l118-84.1 118 84.1c2.8 2 6.7 3.6 10 3.6 3.4 0 6.1-1.7 8.9-3.9 5.6-4.2 7.8-11.4 5.5-18L352 307.2l119.9-86 2.9-2.5c2.6-2.8 5.2-6.6 5.2-10.7 0-8.8-8.2-16-17-16zm-127.2 92.5c-10 7.2-14.2 20.2-10.2 31.8l30.1 87.7c1.3 3.7-2.9 6.8-6.1 4.6l-77.4-55.2c-4.9-3.5-10.6-5.2-16.3-5.2-5.7 0-11.4 1.7-16.2 5.2l-77.4 55.1c-3.2 2.3-7.4-.9-6.1-4.6l30.1-87.7c4-11.8-.2-24.8-10.3-32l-81-57.1c-3.2-2.2-1.6-7.3 2.3-7.3H196c12 0 22.7-7.7 26.5-19.1l29.6-88.2c1.2-3.6 6.4-3.6 7.6 0l29.6 88.2c3.8 11.4 14.5 19.1 26.5 19.1h97.3c3.9 0 5.5 5 2.3 7.2l-79.6 57.5z"
              />
            </svg>
            <svg
              fill="currentColor"
              height="1em"
              stroke="currentColor"
              stroke-width="0"
              viewBox="0 0 512 512"
              width="1em"
              xmlns="http://www.w3.org/2000/svg"
            >
              <path
                d="M463 192H315.9L271.2 58.6C269 52.1 262.9 48 256 48s-13 4.1-15.2 10.6L196.1 192H48c-8.8 0-16 7.2-16 16 0 .9.1 1.9.3 2.7.2 3.5 1.8 7.4 6.7 11.3l120.9 85.2-46.4 134.9c-2.3 6.5 0 13.8 5.5 18 2.9 2.1 5.6 3.9 9 3.9 3.3 0 7.2-1.7 10-3.6l118-84.1 118 84.1c2.8 2 6.7 3.6 10 3.6 3.4 0 6.1-1.7 8.9-3.9 5.6-4.2 7.8-11.4 5.5-18L352 307.2l119.9-86 2.9-2.5c2.6-2.8 5.2-6.6 5.2-10.7 0-8.8-8.2-16-17-16zm-127.2 92.5c-10 7.2-14.2 20.2-10.2 31.8l30.1 87.7c1.3 3.7-2.9 6.8-6.1 4.6l-77.4-55.2c-4.9-3.5-10.6-5.2-16.3-5.2-5.7 0-11.4 1.7-16.2 5.2l-77.4 55.1c-3.2 2.3-7.4-.9-6.1-4.6l30.1-87.7c4-11.8-.2-24.8-10.3-32l-81-57.1c-3.2-2.2-1.6-7.3 2.3-7.3H196c12 0 22.7-7.7 26.5-19.1l29.6-88.2c1.2-3.6 6.4-3.6 7.6 0l29.6 88.2c3.8 11.4 14.5 19.1 26.5 19.1h97.3c3.9 0 5.5 5 2.3 7.2l-79.6 57.5z"
              />
            </svg>
            <svg
              fill="currentColor"
              height="1em"
              stroke="currentColor"
              stroke-width="0"
              viewBox="0 0 512 512"
              width="1em"
              xmlns="http://www.w3.org/2000/svg"
            >
              <path
                d="M463 192H315.9L271.2 58.6C269 52.1 262.9 48 256 48s-13 4.1-15.2 10.6L196.1 192H48c-8.8 0-16 7.2-16 16 0 .9.1 1.9.3 2.7.2 3.5 1.8 7.4 6.7 11.3l120.9 85.2-46.4 134.9c-2.3 6.5 0 13.8 5.5 18 2.9 2.1 5.6 3.9 9 3.9 3.3 0 7.2-1.7 10-3.6l118-84.1 118 84.1c2.8 2 6.7 3.6 10 3.6 3.4 0 6.1-1.7 8.9-3.9 5.6-4.2 7.8-11.4 5.5-18L352 307.2l119.9-86 2.9-2.5c2.6-2.8 5.2-6.6 5.2-10.7 0-8.8-8.2-16-17-16zm-127.2 92.5c-10 7.2-14.2 20.2-10.2 31.8l30.1 87.7c1.3 3.7-2.9 6.8-6.1 4.6l-77.4-55.2c-4.9-3.5-10.6-5.2-16.3-5.2-5.7 0-11.4 1.7-16.2 5.2l-77.4 55.1c-3.2 2.3-7.4-.9-6.1-4.6l30.1-87.7c4-11.8-.2-24.8-10.3-32l-81-57.1c-3.2-2.2-1.6-7.3 2.3-7.3H196c12 0 22.7-7.7 26.5-19.1l29.6-88.2c1.2-3.6 6.4-3.6 7.6 0l29.6 88.2c3.8 11.4 14.5 19.1 26.5 19.1h97.3c3.9 0 5.5 5 2.3 7.2l-79.6 57.5z"
              />
            </svg>
            <svg
              fill="currentColor"
              height="1em"
              stroke="currentColor"
              stroke-width="0"
              viewBox="0 0 512 512"
              width="1em"
              xmlns="http://www.w3.org/2000/svg"
            >
              <path
                d="M463 192H315.9L271.2 58.6C269 52.1 262.9 48 256 48s-13 4.1-15.2 10.6L196.1 192H48c-8.8 0-16 7.2-16 16 0 .9.1 1.9.3 2.7.2 3.5 1.8 7.4 6.7 11.3l120.9 85.2-46.4 134.9c-2.3 6.5 0 13.8 5.5 18 2.9 2.1 5.6 3.9 9 3.9 3.3 0 7.2-1.7 10-3.6l118-84.1 118 84.1c2.8 2 6.7 3.6 10 3.6 3.4 0 6.1-1.7 8.9-3.9 5.6-4.2 7.8-11.4 5.5-18L352 307.2l119.9-86 2.9-2.5c2.6-2.8 5.2-6.6 5.2-10.7 0-8.8-8.2-16-17-16zm-127.2 92.5c-10 7.2-14.2 20.2-10.2 31.8l30.1 87.7c1.3 3.7-2.9 6.8-6.1 4.6l-77.4-55.2c-4.9-3.5-10.6-5.2-16.3-5.2-5.7 0-11.4 1.7-16.2 5.2l-77.4 55.1c-3.2 2.3-7.4-.9-6.1-4.6l30.1-87.7c4-11.8-.2-24.8-10.3-32l-81-57.1c-3.2-2.2-1.6-7.3 2.3-7.3H196c12 0 22.7-7.7 26.5-19.1l29.6-88.2c1.2-3.6 6.4-3.6 7.6 0l29.6 88.2c3.8 11.4 14.5 19.1 26.5 19.1h97.3c3.9 0 5.5 5 2.3 7.2l-79.6 57.5z"
              />
            </svg>
            <span
              aria-label="rates"
              class="text-base ml-2"
              role="presentation"
            >
              0.4
            </span>
          </div>
          <p
            class="line-clamp-3 text-ellipsis"
          >
            Dolor ut quos odio quam nihil rerum quia assumenda. Perspiciatis exercitationem in reprehenderit. Molestiae aut quia voluptatem. Voluptatum dolore officiis facere ea hic nihil voluptatem ut. Consequuntur accusamus similique odit. Repellat culpa explicabo. In ex harum veniam. Corporis fuga saepe facilis. Ut labore similique molestias nihil. Aspernatur reprehenderit neque natus. Consequatur blanditiis odio ad blanditiis ab.
          </p>
        </div>
      </div>
      <div
        class="flex py-4 gap-3"
      >
        <figure
          aria-label="Cover Image"
          class="flex justify-center items-center"
        >
          <a
            class="relative w-28 h-[calc(7rem/2*3)]"
            href="/books/bk60"
          >
            <span
              style="box-sizing: border-box; display: block; overflow: hidden; background: none; opacity: 1; border: 0px; margin: 0px; padding: 0px; position: absolute; top: 0px; left: 0px; bottom: 0px; right: 0px;"
            >
              <img
                alt="ceramic"
                data-nimg="fill"
                decoding="async"
                src="data:image/gif;base64,R0lGODlhAQABAIAAAAAAAP///yH5BAEAAAAALAAAAAABAAEAAAIBRAA7"
                style="position: absolute; top: 0px; left: 0px; bottom: 0px; right: 0px; box-sizing: border-box; padding: 0px; margin: auto; display: block; width: 0px; height: 0px; min-width: 100%; max-width: 100%; min-height: 100%; max-height: 100%;"
              />
              <noscript />
            </span>
          </a>
        </figure>
        <div
          class="flex flex-col gap-2 h-[calc(7rem/2*3)]"
        >
          <div
            class="inline-flex justify-start"
          >
            <a
              class="link no-underline text-primary hover:bg-primary hover:text-primary-content focus:bg-primary-focus focus:text-primary-content"
              href="/books/bk60"
            >
              <h2
                class="truncate"
              >
                ceramic
              </h2>
            </a>
          </div>
          <p
            class="truncate"
          >
            Urban
          </p>
          <div
            class="inline-flex items-center text-amber-400"
          >
            <svg
              fill="currentColor"
              height="1em"
              stroke="currentColor"
              stroke-width="0"
              viewBox="0 0 512 512"
              width="1em"
              xmlns="http://www.w3.org/2000/svg"
            >
              <path
                d="M463 192H315.9L271.2 58.6C269 52.1 262.9 48 256 48s-13 4.1-15.2 10.6L196.1 192H48c-8.8 0-16 7.2-16 16 0 .9.1 1.9.3 2.7.2 3.5 1.8 7.4 6.7 11.3l120.9 85.2-46.4 134.9c-2.3 6.5 0 13.8 5.5 18 2.9 2.1 5.6 3.9 9 3.9 3.3 0 7.2-1.7 10-3.6l118-84.1 118 84.1c2.8 2 6.7 3.6 10 3.6 3.4 0 6.1-1.7 8.9-3.9 5.6-4.2 7.8-11.4 5.5-18L352 307.2l119.9-86 2.9-2.5c2.6-2.8 5.2-6.6 5.2-10.7 0-8.8-8.2-16-17-16z"
              />
            </svg>
            <svg
              fill="currentColor"
              height="1em"
              stroke="currentColor"
              stroke-width="0"
              viewBox="0 0 512 512"
              width="1em"
              xmlns="http://www.w3.org/2000/svg"
            >
              <path
                d="M463 192H315.9L271.2 58.6C269 52.1 262.9 48 256 48s-13 4.1-15.2 10.6L196.1 192H48c-8.8 0-16 7.2-16 16 0 .9.1 1.9.3 2.7.2 3.5 1.8 7.4 6.7 11.3l120.9 85.2-46.4 134.9c-2.3 6.5 0 13.8 5.5 18 2.9 2.1 5.6 3.9 9 3.9 3.3 0 7.2-1.7 10-3.6l118-84.1 118 84.1c2.8 2 6.7 3.6 10 3.6 3.4 0 6.1-1.7 8.9-3.9 5.6-4.2 7.8-11.4 5.5-18L352 307.2l119.9-86 2.9-2.5c2.6-2.8 5.2-6.6 5.2-10.7 0-8.8-8.2-16-17-16z"
              />
            </svg>
            <svg
              fill="currentColor"
              height="1em"
              stroke="currentColor"
              stroke-width="0"
              viewBox="0 0 512 512"
              width="1em"
              xmlns="http://www.w3.org/2000/svg"
            >
              <path
                d="M463 192H315.9L271.2 58.6C269 52.1 262.9 48 256 48s-13 4.1-15.2 10.6L196.1 192H48c-8.8 0-16 7.2-16 16 0 .9.1 1.9.3 2.7.2 3.5 1.8 7.4 6.7 11.3l120.9 85.2-46.4 134.9c-2.3 6.5 0 13.8 5.5 18 2.9 2.1 5.6 3.9 9 3.9 3.3 0 7.2-1.7 10-3.6l118-84.1 118 84.1c2.8 2 6.7 3.6 10 3.6 3.4 0 6.1-1.7 8.9-3.9 5.6-4.2 7.8-11.4 5.5-18L352 307.2l119.9-86 2.9-2.5c2.6-2.8 5.2-6.6 5.2-10.7 0-8.8-8.2-16-17-16z"
              />
            </svg>
            <svg
              fill="currentColor"
              height="1em"
              stroke="currentColor"
              stroke-width="0"
              viewBox="0 0 512 512"
              width="1em"
              xmlns="http://www.w3.org/2000/svg"
            >
              <path
                d="M463 192H315.9L271.2 58.6C269 52.1 262.9 48 256 48s-13 4.1-15.2 10.6L196.1 192H48c-8.8 0-16 7.2-16 16 0 .9.1 1.9.3 2.7.2 3.5 1.8 7.4 6.7 11.3l120.9 85.2-46.4 134.9c-2.3 6.5 0 13.8 5.5 18 2.9 2.1 5.6 3.9 9 3.9 3.3 0 7.2-1.7 10-3.6l118-84.1 118 84.1c2.8 2 6.7 3.6 10 3.6 3.4 0 6.1-1.7 8.9-3.9 5.6-4.2 7.8-11.4 5.5-18L352 307.2l119.9-86 2.9-2.5c2.6-2.8 5.2-6.6 5.2-10.7 0-8.8-8.2-16-17-16z"
              />
            </svg>
            <svg
              fill="currentColor"
              height="1em"
              stroke="currentColor"
              stroke-width="0"
              viewBox="0 0 512 512"
              width="1em"
              xmlns="http://www.w3.org/2000/svg"
            >
              <path
                d="M463 192H315.9L271.2 58.6C269 52.1 262.9 48 256 48s-13 4.1-15.2 10.6L196.1 192H48c-8.8 0-16 7.2-16 16 0 .9.1 1.9.3 2.7.2 3.5 1.8 7.4 6.7 11.3l120.9 85.2-46.4 134.9c-2.3 6.5 0 13.8 5.5 18 2.9 2.1 5.6 3.9 9 3.9 3.3 0 7.2-1.7 10-3.6l118-84.1 118 84.1c2.8 2 6.7 3.6 10 3.6 3.4 0 6.1-1.7 8.9-3.9 5.6-4.2 7.8-11.4 5.5-18L352 307.2l119.9-86 2.9-2.5c2.6-2.8 5.2-6.6 5.2-10.7 0-8.8-8.2-16-17-16zm-127.2 92.5c-10 7.2-14.2 20.2-10.2 31.8l30.1 87.7c1.3 3.7-2.9 6.8-6.1 4.6l-77.4-55.2c-4.9-3.5-10.6-5.2-16.3-5.2-5.7 0-11.4 1.7-16.2 5.2l-77.4 55.1c-3.2 2.3-7.4-.9-6.1-4.6l30.1-87.7c4-11.8-.2-24.8-10.3-32l-81-57.1c-3.2-2.2-1.6-7.3 2.3-7.3H196c12 0 22.7-7.7 26.5-19.1l29.6-88.2c1.2-3.6 6.4-3.6 7.6 0l29.6 88.2c3.8 11.4 14.5 19.1 26.5 19.1h97.3c3.9 0 5.5 5 2.3 7.2l-79.6 57.5z"
              />
            </svg>
            <span
              aria-label="rates"
              class="text-base ml-2"
              role="presentation"
            >
              8.5
            </span>
          </div>
          <p
            class="line-clamp-3 text-ellipsis"
          >
            Natus qui eius magni autem iusto. Libero fugit consequatur voluptatibus nisi voluptas enim hic voluptate. Aliquam impedit consectetur. Praesentium libero quisquam. In eligendi labore. Numquam quis voluptas. Aut aut perferendis laborum autem. Sunt et dolore reprehenderit rerum dolorem itaque. In modi minima. Quisquam velit asperiores nemo ipsam iste amet at cumque rerum. Velit est id autem soluta deleniti voluptas. Aut libero nihil iusto deserunt qui id eveniet officia totam.
          </p>
        </div>
      </div>
      <div
        class="flex py-4 gap-3"
      >
        <figure
          aria-label="Cover Image"
          class="flex justify-center items-center"
        >
          <a
            class="relative w-28 h-[calc(7rem/2*3)]"
            href="/books/bk61"
          >
            <span
              style="box-sizing: border-box; display: block; overflow: hidden; background: none; opacity: 1; border: 0px; margin: 0px; padding: 0px; position: absolute; top: 0px; left: 0px; bottom: 0px; right: 0px;"
            >
              <img
                alt="downforce"
                data-nimg="fill"
                decoding="async"
                src="data:image/gif;base64,R0lGODlhAQABAIAAAAAAAP///yH5BAEAAAAALAAAAAABAAEAAAIBRAA7"
                style="position: absolute; top: 0px; left: 0px; bottom: 0px; right: 0px; box-sizing: border-box; padding: 0px; margin: auto; display: block; width: 0px; height: 0px; min-width: 100%; max-width: 100%; min-height: 100%; max-height: 100%;"
              />
              <noscript />
            </span>
          </a>
        </figure>
        <div
          class="flex flex-col gap-2 h-[calc(7rem/2*3)]"
        >
          <div
            class="inline-flex justify-start"
          >
            <a
              class="link no-underline text-primary hover:bg-primary hover:text-primary-content focus:bg-primary-focus focus:text-primary-content"
              href="/books/bk61"
            >
              <h2
                class="truncate"
              >
                downforce
              </h2>
            </a>
          </div>
          <p
            class="truncate"
          >
            Janet
          </p>
          <div
            class="inline-flex items-center text-amber-400"
          >
            <svg
              fill="currentColor"
              height="1em"
              stroke="currentColor"
              stroke-width="0"
              viewBox="0 0 512 512"
              width="1em"
              xmlns="http://www.w3.org/2000/svg"
            >
              <path
                d="M463 192H315.9L271.2 58.6C269 52.1 262.9 48 256 48s-13 4.1-15.2 10.6L196.1 192H48c-8.8 0-16 7.2-16 16 0 .9.1 1.9.3 2.7.2 3.5 1.8 7.4 6.7 11.3l120.9 85.2-46.4 134.9c-2.3 6.5 0 13.8 5.5 18 2.9 2.1 5.6 3.9 9 3.9 3.3 0 7.2-1.7 10-3.6l118-84.1 118 84.1c2.8 2 6.7 3.6 10 3.6 3.4 0 6.1-1.7 8.9-3.9 5.6-4.2 7.8-11.4 5.5-18L352 307.2l119.9-86 2.9-2.5c2.6-2.8 5.2-6.6 5.2-10.7 0-8.8-8.2-16-17-16z"
              />
            </svg>
            <svg
              fill="currentColor"
              height="1em"
              stroke="currentColor"
              stroke-width="0"
              viewBox="0 0 512 512"
              width="1em"
              xmlns="http://www.w3.org/2000/svg"
            >
              <path
                d="M463 192H315.9L271.2 58.6C269 52.1 262.9 48 256 48s-13 4.1-15.2 10.6L196.1 192H48c-8.8 0-16 7.2-16 16 0 .9.1 1.9.3 2.7.2 3.5 1.8 7.4 6.7 11.3l120.9 85.2-46.4 134.9c-2.3 6.5 0 13.8 5.5 18 2.9 2.1 5.6 3.9 9 3.9 3.3 0 7.2-1.7 10-3.6l118-84.1 118 84.1c2.8 2 6.7 3.6 10 3.6 3.4 0 6.1-1.7 8.9-3.9 5.6-4.2 7.8-11.4 5.5-18L352 307.2l119.9-86 2.9-2.5c2.6-2.8 5.2-6.6 5.2-10.7 0-8.8-8.2-16-17-16z"
              />
            </svg>
            <svg
              fill="currentColor"
              height="1em"
              stroke="currentColor"
              stroke-width="0"
              viewBox="0 0 512 512"
              width="1em"
              xmlns="http://www.w3.org/2000/svg"
            >
              <path
                d="M463 192H315.9L271.2 58.6C269 52.1 262.9 48 256 48s-13 4.1-15.2 10.6L196.1 192H48c-8.8 0-16 7.2-16 16 0 .9.1 1.9.3 2.7.2 3.5 1.8 7.4 6.7 11.3l120.9 85.2-46.4 134.9c-2.3 6.5 0 13.8 5.5 18 2.9 2.1 5.6 3.9 9 3.9 3.3 0 7.2-1.7 10-3.6l118-84.1 118 84.1c2.8 2 6.7 3.6 10 3.6 3.4 0 6.1-1.7 8.9-3.9 5.6-4.2 7.8-11.4 5.5-18L352 307.2l119.9-86 2.9-2.5c2.6-2.8 5.2-6.6 5.2-10.7 0-8.8-8.2-16-17-16z"
              />
            </svg>
            <svg
              fill="currentColor"
              height="1em"
              stroke="currentColor"
              stroke-width="0"
              viewBox="0 0 512 512"
              width="1em"
              xmlns="http://www.w3.org/2000/svg"
            >
              <path
                d="M463 192H315.9L271.2 58.6C269 52.1 262.9 48 256 48s-13 4.1-15.2 10.6L196.1 192H48c-8.8 0-16 7.2-16 16 0 .9.1 1.9.3 2.7.2 3.5 1.8 7.4 6.7 11.3l120.9 85.2-46.4 134.9c-2.3 6.5 0 13.8 5.5 18 2.9 2.1 5.6 3.9 9 3.9 3.3 0 7.2-1.7 10-3.6l118-84.1 118 84.1c2.8 2 6.7 3.6 10 3.6 3.4 0 6.1-1.7 8.9-3.9 5.6-4.2 7.8-11.4 5.5-18L352 307.2l119.9-86 2.9-2.5c2.6-2.8 5.2-6.6 5.2-10.7 0-8.8-8.2-16-17-16zm-47.4 35.2l-79.8 57.3c-10 7.2-14.2 20.2-10.2 31.8l30.1 87.7c1.3 3.7-2.9 6.8-6.1 4.6l-77.4-55.2-.1-.1c-10-7-16.1-18.3-16.1-30.5V113.3c0-2.2 3.1-2.7 3.8-.6l29.6 88.2c3.8 11.4 14.5 19.1 26.5 19.1h97.3c3.9 0 5.5 5 2.4 7.2z"
              />
            </svg>
            <svg
              fill="currentColor"
              height="1em"
              stroke="currentColor"
              stroke-width="0"
              viewBox="0 0 512 512"
              width="1em"
              xmlns="http://www.w3.org/2000/svg"
            >
              <path
                d="M463 192H315.9L271.2 58.6C269 52.1 262.9 48 256 48s-13 4.1-15.2 10.6L196.1 192H48c-8.8 0-16 7.2-16 16 0 .9.1 1.9.3 2.7.2 3.5 1.8 7.4 6.7 11.3l120.9 85.2-46.4 134.9c-2.3 6.5 0 13.8 5.5 18 2.9 2.1 5.6 3.9 9 3.9 3.3 0 7.2-1.7 10-3.6l118-84.1 118 84.1c2.8 2 6.7 3.6 10 3.6 3.4 0 6.1-1.7 8.9-3.9 5.6-4.2 7.8-11.4 5.5-18L352 307.2l119.9-86 2.9-2.5c2.6-2.8 5.2-6.6 5.2-10.7 0-8.8-8.2-16-17-16zm-127.2 92.5c-10 7.2-14.2 20.2-10.2 31.8l30.1 87.7c1.3 3.7-2.9 6.8-6.1 4.6l-77.4-55.2c-4.9-3.5-10.6-5.2-16.3-5.2-5.7 0-11.4 1.7-16.2 5.2l-77.4 55.1c-3.2 2.3-7.4-.9-6.1-4.6l30.1-87.7c4-11.8-.2-24.8-10.3-32l-81-57.1c-3.2-2.2-1.6-7.3 2.3-7.3H196c12 0 22.7-7.7 26.5-19.1l29.6-88.2c1.2-3.6 6.4-3.6 7.6 0l29.6 88.2c3.8 11.4 14.5 19.1 26.5 19.1h97.3c3.9 0 5.5 5 2.3 7.2l-79.6 57.5z"
              />
            </svg>
            <span
              aria-label="rates"
              class="text-base ml-2"
              role="presentation"
            >
              7.4
            </span>
          </div>
          <p
            class="line-clamp-3 text-ellipsis"
          >
            Alias aliquid quidem. Iste ab repellendus sunt suscipit. Nulla odit debitis est. Exercitationem non quia ratione itaque molestias qui libero aspernatur. Corporis in repudiandae aut ipsam soluta. Vel vel facere autem modi quos qui eaque. Ea quibusdam totam dolor officiis et aut est corporis. Voluptas est non fugit occaecati numquam dolor fugit ipsa consequatur. Repellat laboriosam nulla eveniet voluptatem fugiat tempore veritatis vitae cumque. Voluptatum est tempora itaque. Nesciunt unde doloribus est est sed et pariatur. Aut vero impedit quidem pariatur non sequi voluptas. Illo nemo voluptatibus deserunt amet dolorum soluta culpa itaque esse.
          </p>
        </div>
      </div>
      <div
        class="flex py-4 gap-3"
      >
        <figure
          aria-label="Cover Image"
          class="flex justify-center items-center"
        >
          <a
            class="relative w-28 h-[calc(7rem/2*3)]"
            href="/books/bk92"
          >
            <span
              style="box-sizing: border-box; display: block; overflow: hidden; background: none; opacity: 1; border: 0px; margin: 0px; padding: 0px; position: absolute; top: 0px; left: 0px; bottom: 0px; right: 0px;"
            >
              <img
                alt="dueling"
                data-nimg="fill"
                decoding="async"
                src="data:image/gif;base64,R0lGODlhAQABAIAAAAAAAP///yH5BAEAAAAALAAAAAABAAEAAAIBRAA7"
                style="position: absolute; top: 0px; left: 0px; bottom: 0px; right: 0px; box-sizing: border-box; padding: 0px; margin: auto; display: block; width: 0px; height: 0px; min-width: 100%; max-width: 100%; min-height: 100%; max-height: 100%;"
              />
              <noscript />
            </span>
          </a>
        </figure>
        <div
          class="flex flex-col gap-2 h-[calc(7rem/2*3)]"
        >
          <div
            class="inline-flex justify-start"
          >
            <a
              class="link no-underline text-primary hover:bg-primary hover:text-primary-content focus:bg-primary-focus focus:text-primary-content"
              href="/books/bk92"
            >
              <h2
                class="truncate"
              >
                dueling
              </h2>
            </a>
          </div>
          <p
            class="truncate"
          >
            Bria
          </p>
          <div
            class="inline-flex items-center text-amber-400"
          >
            <svg
              fill="currentColor"
              height="1em"
              stroke="currentColor"
              stroke-width="0"
              viewBox="0 0 512 512"
              width="1em"
              xmlns="http://www.w3.org/2000/svg"
            >
              <path
                d="M463 192H315.9L271.2 58.6C269 52.1 262.9 48 256 48s-13 4.1-15.2 10.6L196.1 192H48c-8.8 0-16 7.2-16 16 0 .9.1 1.9.3 2.7.2 3.5 1.8 7.4 6.7 11.3l120.9 85.2-46.4 134.9c-2.3 6.5 0 13.8 5.5 18 2.9 2.1 5.6 3.9 9 3.9 3.3 0 7.2-1.7 10-3.6l118-84.1 118 84.1c2.8 2 6.7 3.6 10 3.6 3.4 0 6.1-1.7 8.9-3.9 5.6-4.2 7.8-11.4 5.5-18L352 307.2l119.9-86 2.9-2.5c2.6-2.8 5.2-6.6 5.2-10.7 0-8.8-8.2-16-17-16z"
              />
            </svg>
            <svg
              fill="currentColor"
              height="1em"
              stroke="currentColor"
              stroke-width="0"
              viewBox="0 0 512 512"
              width="1em"
              xmlns="http://www.w3.org/2000/svg"
            >
              <path
                d="M463 192H315.9L271.2 58.6C269 52.1 262.9 48 256 48s-13 4.1-15.2 10.6L196.1 192H48c-8.8 0-16 7.2-16 16 0 .9.1 1.9.3 2.7.2 3.5 1.8 7.4 6.7 11.3l120.9 85.2-46.4 134.9c-2.3 6.5 0 13.8 5.5 18 2.9 2.1 5.6 3.9 9 3.9 3.3 0 7.2-1.7 10-3.6l118-84.1 118 84.1c2.8 2 6.7 3.6 10 3.6 3.4 0 6.1-1.7 8.9-3.9 5.6-4.2 7.8-11.4 5.5-18L352 307.2l119.9-86 2.9-2.5c2.6-2.8 5.2-6.6 5.2-10.7 0-8.8-8.2-16-17-16z"
              />
            </svg>
            <svg
              fill="currentColor"
              height="1em"
              stroke="currentColor"
              stroke-width="0"
              viewBox="0 0 512 512"
              width="1em"
              xmlns="http://www.w3.org/2000/svg"
            >
              <path
                d="M463 192H315.9L271.2 58.6C269 52.1 262.9 48 256 48s-13 4.1-15.2 10.6L196.1 192H48c-8.8 0-16 7.2-16 16 0 .9.1 1.9.3 2.7.2 3.5 1.8 7.4 6.7 11.3l120.9 85.2-46.4 134.9c-2.3 6.5 0 13.8 5.5 18 2.9 2.1 5.6 3.9 9 3.9 3.3 0 7.2-1.7 10-3.6l118-84.1 118 84.1c2.8 2 6.7 3.6 10 3.6 3.4 0 6.1-1.7 8.9-3.9 5.6-4.2 7.8-11.4 5.5-18L352 307.2l119.9-86 2.9-2.5c2.6-2.8 5.2-6.6 5.2-10.7 0-8.8-8.2-16-17-16z"
              />
            </svg>
            <svg
              fill="currentColor"
              height="1em"
              stroke="currentColor"
              stroke-width="0"
              viewBox="0 0 512 512"
              width="1em"
              xmlns="http://www.w3.org/2000/svg"
            >
              <path
                d="M463 192H315.9L271.2 58.6C269 52.1 262.9 48 256 48s-13 4.1-15.2 10.6L196.1 192H48c-8.8 0-16 7.2-16 16 0 .9.1 1.9.3 2.7.2 3.5 1.8 7.4 6.7 11.3l120.9 85.2-46.4 134.9c-2.3 6.5 0 13.8 5.5 18 2.9 2.1 5.6 3.9 9 3.9 3.3 0 7.2-1.7 10-3.6l118-84.1 118 84.1c2.8 2 6.7 3.6 10 3.6 3.4 0 6.1-1.7 8.9-3.9 5.6-4.2 7.8-11.4 5.5-18L352 307.2l119.9-86 2.9-2.5c2.6-2.8 5.2-6.6 5.2-10.7 0-8.8-8.2-16-17-16z"
              />
            </svg>
            <svg
              fill="currentColor"
              height="1em"
              stroke="currentColor"
              stroke-width="0"
              viewBox="0 0 512 512"
              width="1em"
              xmlns="http://www.w3.org/2000/svg"
            >
              <path
                d="M463 192H315.9L271.2 58.6C269 52.1 262.9 48 256 48s-13 4.1-15.2 10.6L196.1 192H48c-8.8 0-16 7.2-16 16 0 .9.1 1.9.3 2.7.2 3.5 1.8 7.4 6.7 11.3l120.9 85.2-46.4 134.9c-2.3 6.5 0 13.8 5.5 18 2.9 2.1 5.6 3.9 9 3.9 3.3 0 7.2-1.7 10-3.6l118-84.1 118 84.1c2.8 2 6.7 3.6 10 3.6 3.4 0 6.1-1.7 8.9-3.9 5.6-4.2 7.8-11.4 5.5-18L352 307.2l119.9-86 2.9-2.5c2.6-2.8 5.2-6.6 5.2-10.7 0-8.8-8.2-16-17-16zm-47.4 35.2l-79.8 57.3c-10 7.2-14.2 20.2-10.2 31.8l30.1 87.7c1.3 3.7-2.9 6.8-6.1 4.6l-77.4-55.2-.1-.1c-10-7-16.1-18.3-16.1-30.5V113.3c0-2.2 3.1-2.7 3.8-.6l29.6 88.2c3.8 11.4 14.5 19.1 26.5 19.1h97.3c3.9 0 5.5 5 2.4 7.2z"
              />
            </svg>
            <span
              aria-label="rates"
              class="text-base ml-2"
              role="presentation"
            >
              9.7
            </span>
          </div>
          <p
            class="line-clamp-3 text-ellipsis"
          >
            Et tempore accusamus et porro doloribus. Voluptatibus minus voluptatibus omnis quo. Voluptas unde neque sit sit id aut voluptas maxime. Inventore quasi impedit deleniti nobis sed perferendis repellendus. Occaecati illo voluptates perspiciatis sequi a. Sint tenetur quod. Quod eaque ducimus aperiam mollitia. Ullam voluptas ad temporibus fugiat qui. Corrupti amet at quidem cumque facilis. Perspiciatis quo placeat aspernatur quos.
          </p>
        </div>
      </div>
      <div
        class="flex py-4 gap-3"
      >
        <figure
          aria-label="Cover Image"
          class="flex justify-center items-center"
        >
          <a
            class="relative w-28 h-[calc(7rem/2*3)]"
            href="/books/bk92"
          >
            <span
              style="box-sizing: border-box; display: block; overflow: hidden; background: none; opacity: 1; border: 0px; margin: 0px; padding: 0px; position: absolute; top: 0px; left: 0px; bottom: 0px; right: 0px;"
            >
              <img
                alt="fortune"
                data-nimg="fill"
                decoding="async"
                src="data:image/gif;base64,R0lGODlhAQABAIAAAAAAAP///yH5BAEAAAAALAAAAAABAAEAAAIBRAA7"
                style="position: absolute; top: 0px; left: 0px; bottom: 0px; right: 0px; box-sizing: border-box; padding: 0px; margin: auto; display: block; width: 0px; height: 0px; min-width: 100%; max-width: 100%; min-height: 100%; max-height: 100%;"
              />
              <noscript />
            </span>
          </a>
        </figure>
        <div
          class="flex flex-col gap-2 h-[calc(7rem/2*3)]"
        >
          <div
            class="inline-flex justify-start"
          >
            <a
              class="link no-underline text-primary hover:bg-primary hover:text-primary-content focus:bg-primary-focus focus:text-primary-content"
              href="/books/bk92"
            >
              <h2
                class="truncate"
              >
                fortune
              </h2>
            </a>
          </div>
          <p
            class="truncate"
          >
            Marta
          </p>
          <div
            class="inline-flex items-center text-amber-400"
          >
            <svg
              fill="currentColor"
              height="1em"
              stroke="currentColor"
              stroke-width="0"
              viewBox="0 0 512 512"
              width="1em"
              xmlns="http://www.w3.org/2000/svg"
            >
              <path
                d="M463 192H315.9L271.2 58.6C269 52.1 262.9 48 256 48s-13 4.1-15.2 10.6L196.1 192H48c-8.8 0-16 7.2-16 16 0 .9.1 1.9.3 2.7.2 3.5 1.8 7.4 6.7 11.3l120.9 85.2-46.4 134.9c-2.3 6.5 0 13.8 5.5 18 2.9 2.1 5.6 3.9 9 3.9 3.3 0 7.2-1.7 10-3.6l118-84.1 118 84.1c2.8 2 6.7 3.6 10 3.6 3.4 0 6.1-1.7 8.9-3.9 5.6-4.2 7.8-11.4 5.5-18L352 307.2l119.9-86 2.9-2.5c2.6-2.8 5.2-6.6 5.2-10.7 0-8.8-8.2-16-17-16zm-127.2 92.5c-10 7.2-14.2 20.2-10.2 31.8l30.1 87.7c1.3 3.7-2.9 6.8-6.1 4.6l-77.4-55.2c-4.9-3.5-10.6-5.2-16.3-5.2-5.7 0-11.4 1.7-16.2 5.2l-77.4 55.1c-3.2 2.3-7.4-.9-6.1-4.6l30.1-87.7c4-11.8-.2-24.8-10.3-32l-81-57.1c-3.2-2.2-1.6-7.3 2.3-7.3H196c12 0 22.7-7.7 26.5-19.1l29.6-88.2c1.2-3.6 6.4-3.6 7.6 0l29.6 88.2c3.8 11.4 14.5 19.1 26.5 19.1h97.3c3.9 0 5.5 5 2.3 7.2l-79.6 57.5z"
              />
            </svg>
            <svg
              fill="currentColor"
              height="1em"
              stroke="currentColor"
              stroke-width="0"
              viewBox="0 0 512 512"
              width="1em"
              xmlns="http://www.w3.org/2000/svg"
            >
              <path
                d="M463 192H315.9L271.2 58.6C269 52.1 262.9 48 256 48s-13 4.1-15.2 10.6L196.1 192H48c-8.8 0-16 7.2-16 16 0 .9.1 1.9.3 2.7.2 3.5 1.8 7.4 6.7 11.3l120.9 85.2-46.4 134.9c-2.3 6.5 0 13.8 5.5 18 2.9 2.1 5.6 3.9 9 3.9 3.3 0 7.2-1.7 10-3.6l118-84.1 118 84.1c2.8 2 6.7 3.6 10 3.6 3.4 0 6.1-1.7 8.9-3.9 5.6-4.2 7.8-11.4 5.5-18L352 307.2l119.9-86 2.9-2.5c2.6-2.8 5.2-6.6 5.2-10.7 0-8.8-8.2-16-17-16zm-127.2 92.5c-10 7.2-14.2 20.2-10.2 31.8l30.1 87.7c1.3 3.7-2.9 6.8-6.1 4.6l-77.4-55.2c-4.9-3.5-10.6-5.2-16.3-5.2-5.7 0-11.4 1.7-16.2 5.2l-77.4 55.1c-3.2 2.3-7.4-.9-6.1-4.6l30.1-87.7c4-11.8-.2-24.8-10.3-32l-81-57.1c-3.2-2.2-1.6-7.3 2.3-7.3H196c12 0 22.7-7.7 26.5-19.1l29.6-88.2c1.2-3.6 6.4-3.6 7.6 0l29.6 88.2c3.8 11.4 14.5 19.1 26.5 19.1h97.3c3.9 0 5.5 5 2.3 7.2l-79.6 57.5z"
              />
            </svg>
            <svg
              fill="currentColor"
              height="1em"
              stroke="currentColor"
              stroke-width="0"
              viewBox="0 0 512 512"
              width="1em"
              xmlns="http://www.w3.org/2000/svg"
            >
              <path
                d="M463 192H315.9L271.2 58.6C269 52.1 262.9 48 256 48s-13 4.1-15.2 10.6L196.1 192H48c-8.8 0-16 7.2-16 16 0 .9.1 1.9.3 2.7.2 3.5 1.8 7.4 6.7 11.3l120.9 85.2-46.4 134.9c-2.3 6.5 0 13.8 5.5 18 2.9 2.1 5.6 3.9 9 3.9 3.3 0 7.2-1.7 10-3.6l118-84.1 118 84.1c2.8 2 6.7 3.6 10 3.6 3.4 0 6.1-1.7 8.9-3.9 5.6-4.2 7.8-11.4 5.5-18L352 307.2l119.9-86 2.9-2.5c2.6-2.8 5.2-6.6 5.2-10.7 0-8.8-8.2-16-17-16zm-127.2 92.5c-10 7.2-14.2 20.2-10.2 31.8l30.1 87.7c1.3 3.7-2.9 6.8-6.1 4.6l-77.4-55.2c-4.9-3.5-10.6-5.2-16.3-5.2-5.7 0-11.4 1.7-16.2 5.2l-77.4 55.1c-3.2 2.3-7.4-.9-6.1-4.6l30.1-87.7c4-11.8-.2-24.8-10.3-32l-81-57.1c-3.2-2.2-1.6-7.3 2.3-7.3H196c12 0 22.7-7.7 26.5-19.1l29.6-88.2c1.2-3.6 6.4-3.6 7.6 0l29.6 88.2c3.8 11.4 14.5 19.1 26.5 19.1h97.3c3.9 0 5.5 5 2.3 7.2l-79.6 57.5z"
              />
            </svg>
            <svg
              fill="currentColor"
              height="1em"
              stroke="currentColor"
              stroke-width="0"
              viewBox="0 0 512 512"
              width="1em"
              xmlns="http://www.w3.org/2000/svg"
            >
              <path
                d="M463 192H315.9L271.2 58.6C269 52.1 262.9 48 256 48s-13 4.1-15.2 10.6L196.1 192H48c-8.8 0-16 7.2-16 16 0 .9.1 1.9.3 2.7.2 3.5 1.8 7.4 6.7 11.3l120.9 85.2-46.4 134.9c-2.3 6.5 0 13.8 5.5 18 2.9 2.1 5.6 3.9 9 3.9 3.3 0 7.2-1.7 10-3.6l118-84.1 118 84.1c2.8 2 6.7 3.6 10 3.6 3.4 0 6.1-1.7 8.9-3.9 5.6-4.2 7.8-11.4 5.5-18L352 307.2l119.9-86 2.9-2.5c2.6-2.8 5.2-6.6 5.2-10.7 0-8.8-8.2-16-17-16zm-127.2 92.5c-10 7.2-14.2 20.2-10.2 31.8l30.1 87.7c1.3 3.7-2.9 6.8-6.1 4.6l-77.4-55.2c-4.9-3.5-10.6-5.2-16.3-5.2-5.7 0-11.4 1.7-16.2 5.2l-77.4 55.1c-3.2 2.3-7.4-.9-6.1-4.6l30.1-87.7c4-11.8-.2-24.8-10.3-32l-81-57.1c-3.2-2.2-1.6-7.3 2.3-7.3H196c12 0 22.7-7.7 26.5-19.1l29.6-88.2c1.2-3.6 6.4-3.6 7.6 0l29.6 88.2c3.8 11.4 14.5 19.1 26.5 19.1h97.3c3.9 0 5.5 5 2.3 7.2l-79.6 57.5z"
              />
            </svg>
            <svg
              fill="currentColor"
              height="1em"
              stroke="currentColor"
              stroke-width="0"
              viewBox="0 0 512 512"
              width="1em"
              xmlns="http://www.w3.org/2000/svg"
            >
              <path
                d="M463 192H315.9L271.2 58.6C269 52.1 262.9 48 256 48s-13 4.1-15.2 10.6L196.1 192H48c-8.8 0-16 7.2-16 16 0 .9.1 1.9.3 2.7.2 3.5 1.8 7.4 6.7 11.3l120.9 85.2-46.4 134.9c-2.3 6.5 0 13.8 5.5 18 2.9 2.1 5.6 3.9 9 3.9 3.3 0 7.2-1.7 10-3.6l118-84.1 118 84.1c2.8 2 6.7 3.6 10 3.6 3.4 0 6.1-1.7 8.9-3.9 5.6-4.2 7.8-11.4 5.5-18L352 307.2l119.9-86 2.9-2.5c2.6-2.8 5.2-6.6 5.2-10.7 0-8.8-8.2-16-17-16zm-127.2 92.5c-10 7.2-14.2 20.2-10.2 31.8l30.1 87.7c1.3 3.7-2.9 6.8-6.1 4.6l-77.4-55.2c-4.9-3.5-10.6-5.2-16.3-5.2-5.7 0-11.4 1.7-16.2 5.2l-77.4 55.1c-3.2 2.3-7.4-.9-6.1-4.6l30.1-87.7c4-11.8-.2-24.8-10.3-32l-81-57.1c-3.2-2.2-1.6-7.3 2.3-7.3H196c12 0 22.7-7.7 26.5-19.1l29.6-88.2c1.2-3.6 6.4-3.6 7.6 0l29.6 88.2c3.8 11.4 14.5 19.1 26.5 19.1h97.3c3.9 0 5.5 5 2.3 7.2l-79.6 57.5z"
              />
            </svg>
            <span
              aria-label="rates"
              class="text-base ml-2"
              role="presentation"
            >
              0.0
            </span>
          </div>
          <p
            class="line-clamp-3 text-ellipsis"
          >
            Esse autem iusto quia rem maxime reprehenderit autem ea optio. Dolorum autem porro. Aut consequatur pariatur soluta magnam laborum exercitationem eligendi. Dolor corrupti earum rerum non. Vero aperiam animi eum vero aspernatur officiis repellendus commodi. Qui in maxime. Ipsa eaque debitis ab consequatur provident nihil fuga qui. Delectus tenetur sint et et nemo. Deleniti fuga eveniet sit fugiat ea consequatur repellendus. Autem quis fugit est nihil itaque inventore aut. Est placeat delectus veritatis veritatis ipsa voluptatum ut ratione. Aut rerum vel sit blanditiis voluptatum autem occaecati ratione animi. Iure odio delectus veniam neque tenetur natus.
          </p>
        </div>
      </div>
      <div
        class="flex py-4 gap-3"
      >
        <figure
          aria-label="Cover Image"
          class="flex justify-center items-center"
        >
          <a
            class="relative w-28 h-[calc(7rem/2*3)]"
            href="/books/bk57"
          >
            <span
              style="box-sizing: border-box; display: block; overflow: hidden; background: none; opacity: 1; border: 0px; margin: 0px; padding: 0px; position: absolute; top: 0px; left: 0px; bottom: 0px; right: 0px;"
            >
              <img
                alt="mist"
                data-nimg="fill"
                decoding="async"
                src="data:image/gif;base64,R0lGODlhAQABAIAAAAAAAP///yH5BAEAAAAALAAAAAABAAEAAAIBRAA7"
                style="position: absolute; top: 0px; left: 0px; bottom: 0px; right: 0px; box-sizing: border-box; padding: 0px; margin: auto; display: block; width: 0px; height: 0px; min-width: 100%; max-width: 100%; min-height: 100%; max-height: 100%;"
              />
              <noscript />
            </span>
          </a>
        </figure>
        <div
          class="flex flex-col gap-2 h-[calc(7rem/2*3)]"
        >
          <div
            class="inline-flex justify-start"
          >
            <a
              class="link no-underline text-primary hover:bg-primary hover:text-primary-content focus:bg-primary-focus focus:text-primary-content"
              href="/books/bk57"
            >
              <h2
                class="truncate"
              >
                mist
              </h2>
            </a>
          </div>
          <p
            class="truncate"
          >
            Florida
          </p>
          <div
            class="inline-flex items-center text-amber-400"
          >
            <svg
              fill="currentColor"
              height="1em"
              stroke="currentColor"
              stroke-width="0"
              viewBox="0 0 512 512"
              width="1em"
              xmlns="http://www.w3.org/2000/svg"
            >
              <path
                d="M463 192H315.9L271.2 58.6C269 52.1 262.9 48 256 48s-13 4.1-15.2 10.6L196.1 192H48c-8.8 0-16 7.2-16 16 0 .9.1 1.9.3 2.7.2 3.5 1.8 7.4 6.7 11.3l120.9 85.2-46.4 134.9c-2.3 6.5 0 13.8 5.5 18 2.9 2.1 5.6 3.9 9 3.9 3.3 0 7.2-1.7 10-3.6l118-84.1 118 84.1c2.8 2 6.7 3.6 10 3.6 3.4 0 6.1-1.7 8.9-3.9 5.6-4.2 7.8-11.4 5.5-18L352 307.2l119.9-86 2.9-2.5c2.6-2.8 5.2-6.6 5.2-10.7 0-8.8-8.2-16-17-16z"
              />
            </svg>
            <svg
              fill="currentColor"
              height="1em"
              stroke="currentColor"
              stroke-width="0"
              viewBox="0 0 512 512"
              width="1em"
              xmlns="http://www.w3.org/2000/svg"
            >
              <path
                d="M463 192H315.9L271.2 58.6C269 52.1 262.9 48 256 48s-13 4.1-15.2 10.6L196.1 192H48c-8.8 0-16 7.2-16 16 0 .9.1 1.9.3 2.7.2 3.5 1.8 7.4 6.7 11.3l120.9 85.2-46.4 134.9c-2.3 6.5 0 13.8 5.5 18 2.9 2.1 5.6 3.9 9 3.9 3.3 0 7.2-1.7 10-3.6l118-84.1 118 84.1c2.8 2 6.7 3.6 10 3.6 3.4 0 6.1-1.7 8.9-3.9 5.6-4.2 7.8-11.4 5.5-18L352 307.2l119.9-86 2.9-2.5c2.6-2.8 5.2-6.6 5.2-10.7 0-8.8-8.2-16-17-16zm-47.4 35.2l-79.8 57.3c-10 7.2-14.2 20.2-10.2 31.8l30.1 87.7c1.3 3.7-2.9 6.8-6.1 4.6l-77.4-55.2-.1-.1c-10-7-16.1-18.3-16.1-30.5V113.3c0-2.2 3.1-2.7 3.8-.6l29.6 88.2c3.8 11.4 14.5 19.1 26.5 19.1h97.3c3.9 0 5.5 5 2.4 7.2z"
              />
            </svg>
            <svg
              fill="currentColor"
              height="1em"
              stroke="currentColor"
              stroke-width="0"
              viewBox="0 0 512 512"
              width="1em"
              xmlns="http://www.w3.org/2000/svg"
            >
              <path
                d="M463 192H315.9L271.2 58.6C269 52.1 262.9 48 256 48s-13 4.1-15.2 10.6L196.1 192H48c-8.8 0-16 7.2-16 16 0 .9.1 1.9.3 2.7.2 3.5 1.8 7.4 6.7 11.3l120.9 85.2-46.4 134.9c-2.3 6.5 0 13.8 5.5 18 2.9 2.1 5.6 3.9 9 3.9 3.3 0 7.2-1.7 10-3.6l118-84.1 118 84.1c2.8 2 6.7 3.6 10 3.6 3.4 0 6.1-1.7 8.9-3.9 5.6-4.2 7.8-11.4 5.5-18L352 307.2l119.9-86 2.9-2.5c2.6-2.8 5.2-6.6 5.2-10.7 0-8.8-8.2-16-17-16zm-127.2 92.5c-10 7.2-14.2 20.2-10.2 31.8l30.1 87.7c1.3 3.7-2.9 6.8-6.1 4.6l-77.4-55.2c-4.9-3.5-10.6-5.2-16.3-5.2-5.7 0-11.4 1.7-16.2 5.2l-77.4 55.1c-3.2 2.3-7.4-.9-6.1-4.6l30.1-87.7c4-11.8-.2-24.8-10.3-32l-81-57.1c-3.2-2.2-1.6-7.3 2.3-7.3H196c12 0 22.7-7.7 26.5-19.1l29.6-88.2c1.2-3.6 6.4-3.6 7.6 0l29.6 88.2c3.8 11.4 14.5 19.1 26.5 19.1h97.3c3.9 0 5.5 5 2.3 7.2l-79.6 57.5z"
              />
            </svg>
            <svg
              fill="currentColor"
              height="1em"
              stroke="currentColor"
              stroke-width="0"
              viewBox="0 0 512 512"
              width="1em"
              xmlns="http://www.w3.org/2000/svg"
            >
              <path
                d="M463 192H315.9L271.2 58.6C269 52.1 262.9 48 256 48s-13 4.1-15.2 10.6L196.1 192H48c-8.8 0-16 7.2-16 16 0 .9.1 1.9.3 2.7.2 3.5 1.8 7.4 6.7 11.3l120.9 85.2-46.4 134.9c-2.3 6.5 0 13.8 5.5 18 2.9 2.1 5.6 3.9 9 3.9 3.3 0 7.2-1.7 10-3.6l118-84.1 118 84.1c2.8 2 6.7 3.6 10 3.6 3.4 0 6.1-1.7 8.9-3.9 5.6-4.2 7.8-11.4 5.5-18L352 307.2l119.9-86 2.9-2.5c2.6-2.8 5.2-6.6 5.2-10.7 0-8.8-8.2-16-17-16zm-127.2 92.5c-10 7.2-14.2 20.2-10.2 31.8l30.1 87.7c1.3 3.7-2.9 6.8-6.1 4.6l-77.4-55.2c-4.9-3.5-10.6-5.2-16.3-5.2-5.7 0-11.4 1.7-16.2 5.2l-77.4 55.1c-3.2 2.3-7.4-.9-6.1-4.6l30.1-87.7c4-11.8-.2-24.8-10.3-32l-81-57.1c-3.2-2.2-1.6-7.3 2.3-7.3H196c12 0 22.7-7.7 26.5-19.1l29.6-88.2c1.2-3.6 6.4-3.6 7.6 0l29.6 88.2c3.8 11.4 14.5 19.1 26.5 19.1h97.3c3.9 0 5.5 5 2.3 7.2l-79.6 57.5z"
              />
            </svg>
            <svg
              fill="currentColor"
              height="1em"
              stroke="currentColor"
              stroke-width="0"
              viewBox="0 0 512 512"
              width="1em"
              xmlns="http://www.w3.org/2000/svg"
            >
              <path
                d="M463 192H315.9L271.2 58.6C269 52.1 262.9 48 256 48s-13 4.1-15.2 10.6L196.1 192H48c-8.8 0-16 7.2-16 16 0 .9.1 1.9.3 2.7.2 3.5 1.8 7.4 6.7 11.3l120.9 85.2-46.4 134.9c-2.3 6.5 0 13.8 5.5 18 2.9 2.1 5.6 3.9 9 3.9 3.3 0 7.2-1.7 10-3.6l118-84.1 118 84.1c2.8 2 6.7 3.6 10 3.6 3.4 0 6.1-1.7 8.9-3.9 5.6-4.2 7.8-11.4 5.5-18L352 307.2l119.9-86 2.9-2.5c2.6-2.8 5.2-6.6 5.2-10.7 0-8.8-8.2-16-17-16zm-127.2 92.5c-10 7.2-14.2 20.2-10.2 31.8l30.1 87.7c1.3 3.7-2.9 6.8-6.1 4.6l-77.4-55.2c-4.9-3.5-10.6-5.2-16.3-5.2-5.7 0-11.4 1.7-16.2 5.2l-77.4 55.1c-3.2 2.3-7.4-.9-6.1-4.6l30.1-87.7c4-11.8-.2-24.8-10.3-32l-81-57.1c-3.2-2.2-1.6-7.3 2.3-7.3H196c12 0 22.7-7.7 26.5-19.1l29.6-88.2c1.2-3.6 6.4-3.6 7.6 0l29.6 88.2c3.8 11.4 14.5 19.1 26.5 19.1h97.3c3.9 0 5.5 5 2.3 7.2l-79.6 57.5z"
              />
            </svg>
            <span
              aria-label="rates"
              class="text-base ml-2"
              role="presentation"
            >
              3.4
            </span>
          </div>
          <p
            class="line-clamp-3 text-ellipsis"
          >
            Quod ex cum qui sit qui eum qui exercitationem autem. Quae eligendi cupiditate sed nihil deserunt. Consequuntur aut placeat sequi magni. Voluptatem unde occaecati animi eum molestiae a sunt labore. Corporis quia et sed ullam. Id et officiis aut. Blanditiis eveniet doloribus ea. Autem dolorem tenetur reprehenderit ut excepturi qui. Delectus est nihil quidem hic est. Provident cumque est esse totam voluptas et in dolores. Quo et id ea minima repellendus quia sed porro necessitatibus.
          </p>
        </div>
      </div>
      <div
        class="flex py-4 gap-3"
      >
        <figure
          aria-label="Cover Image"
          class="flex justify-center items-center"
        >
          <a
            class="relative w-28 h-[calc(7rem/2*3)]"
            href="/books/bk33"
          >
            <span
              style="box-sizing: border-box; display: block; overflow: hidden; background: none; opacity: 1; border: 0px; margin: 0px; padding: 0px; position: absolute; top: 0px; left: 0px; bottom: 0px; right: 0px;"
            >
              <img
                alt="tablecloth"
                data-nimg="fill"
                decoding="async"
                src="data:image/gif;base64,R0lGODlhAQABAIAAAAAAAP///yH5BAEAAAAALAAAAAABAAEAAAIBRAA7"
                style="position: absolute; top: 0px; left: 0px; bottom: 0px; right: 0px; box-sizing: border-box; padding: 0px; margin: auto; display: block; width: 0px; height: 0px; min-width: 100%; max-width: 100%; min-height: 100%; max-height: 100%;"
              />
              <noscript />
            </span>
          </a>
        </figure>
        <div
          class="flex flex-col gap-2 h-[calc(7rem/2*3)]"
        >
          <div
            class="inline-flex justify-start"
          >
            <a
              class="link no-underline text-primary hover:bg-primary hover:text-primary-content focus:bg-primary-focus focus:text-primary-content"
              href="/books/bk33"
            >
              <h2
                class="truncate"
              >
                tablecloth
              </h2>
            </a>
          </div>
          <p
            class="truncate"
          >
            Muhammad
          </p>
          <div
            class="inline-flex items-center text-amber-400"
          >
            <svg
              fill="currentColor"
              height="1em"
              stroke="currentColor"
              stroke-width="0"
              viewBox="0 0 512 512"
              width="1em"
              xmlns="http://www.w3.org/2000/svg"
            >
              <path
                d="M463 192H315.9L271.2 58.6C269 52.1 262.9 48 256 48s-13 4.1-15.2 10.6L196.1 192H48c-8.8 0-16 7.2-16 16 0 .9.1 1.9.3 2.7.2 3.5 1.8 7.4 6.7 11.3l120.9 85.2-46.4 134.9c-2.3 6.5 0 13.8 5.5 18 2.9 2.1 5.6 3.9 9 3.9 3.3 0 7.2-1.7 10-3.6l118-84.1 118 84.1c2.8 2 6.7 3.6 10 3.6 3.4 0 6.1-1.7 8.9-3.9 5.6-4.2 7.8-11.4 5.5-18L352 307.2l119.9-86 2.9-2.5c2.6-2.8 5.2-6.6 5.2-10.7 0-8.8-8.2-16-17-16z"
              />
            </svg>
            <svg
              fill="currentColor"
              height="1em"
              stroke="currentColor"
              stroke-width="0"
              viewBox="0 0 512 512"
              width="1em"
              xmlns="http://www.w3.org/2000/svg"
            >
              <path
                d="M463 192H315.9L271.2 58.6C269 52.1 262.9 48 256 48s-13 4.1-15.2 10.6L196.1 192H48c-8.8 0-16 7.2-16 16 0 .9.1 1.9.3 2.7.2 3.5 1.8 7.4 6.7 11.3l120.9 85.2-46.4 134.9c-2.3 6.5 0 13.8 5.5 18 2.9 2.1 5.6 3.9 9 3.9 3.3 0 7.2-1.7 10-3.6l118-84.1 118 84.1c2.8 2 6.7 3.6 10 3.6 3.4 0 6.1-1.7 8.9-3.9 5.6-4.2 7.8-11.4 5.5-18L352 307.2l119.9-86 2.9-2.5c2.6-2.8 5.2-6.6 5.2-10.7 0-8.8-8.2-16-17-16zm-127.2 92.5c-10 7.2-14.2 20.2-10.2 31.8l30.1 87.7c1.3 3.7-2.9 6.8-6.1 4.6l-77.4-55.2c-4.9-3.5-10.6-5.2-16.3-5.2-5.7 0-11.4 1.7-16.2 5.2l-77.4 55.1c-3.2 2.3-7.4-.9-6.1-4.6l30.1-87.7c4-11.8-.2-24.8-10.3-32l-81-57.1c-3.2-2.2-1.6-7.3 2.3-7.3H196c12 0 22.7-7.7 26.5-19.1l29.6-88.2c1.2-3.6 6.4-3.6 7.6 0l29.6 88.2c3.8 11.4 14.5 19.1 26.5 19.1h97.3c3.9 0 5.5 5 2.3 7.2l-79.6 57.5z"
              />
            </svg>
            <svg
              fill="currentColor"
              height="1em"
              stroke="currentColor"
              stroke-width="0"
              viewBox="0 0 512 512"
              width="1em"
              xmlns="http://www.w3.org/2000/svg"
            >
              <path
                d="M463 192H315.9L271.2 58.6C269 52.1 262.9 48 256 48s-13 4.1-15.2 10.6L196.1 192H48c-8.8 0-16 7.2-16 16 0 .9.1 1.9.3 2.7.2 3.5 1.8 7.4 6.7 11.3l120.9 85.2-46.4 134.9c-2.3 6.5 0 13.8 5.5 18 2.9 2.1 5.6 3.9 9 3.9 3.3 0 7.2-1.7 10-3.6l118-84.1 118 84.1c2.8 2 6.7 3.6 10 3.6 3.4 0 6.1-1.7 8.9-3.9 5.6-4.2 7.8-11.4 5.5-18L352 307.2l119.9-86 2.9-2.5c2.6-2.8 5.2-6.6 5.2-10.7 0-8.8-8.2-16-17-16zm-127.2 92.5c-10 7.2-14.2 20.2-10.2 31.8l30.1 87.7c1.3 3.7-2.9 6.8-6.1 4.6l-77.4-55.2c-4.9-3.5-10.6-5.2-16.3-5.2-5.7 0-11.4 1.7-16.2 5.2l-77.4 55.1c-3.2 2.3-7.4-.9-6.1-4.6l30.1-87.7c4-11.8-.2-24.8-10.3-32l-81-57.1c-3.2-2.2-1.6-7.3 2.3-7.3H196c12 0 22.7-7.7 26.5-19.1l29.6-88.2c1.2-3.6 6.4-3.6 7.6 0l29.6 88.2c3.8 11.4 14.5 19.1 26.5 19.1h97.3c3.9 0 5.5 5 2.3 7.2l-79.6 57.5z"
              />
            </svg>
            <svg
              fill="currentColor"
              height="1em"
              stroke="currentColor"
              stroke-width="0"
              viewBox="0 0 512 512"
              width="1em"
              xmlns="http://www.w3.org/2000/svg"
            >
              <path
                d="M463 192H315.9L271.2 58.6C269 52.1 262.9 48 256 48s-13 4.1-15.2 10.6L196.1 192H48c-8.8 0-16 7.2-16 16 0 .9.1 1.9.3 2.7.2 3.5 1.8 7.4 6.7 11.3l120.9 85.2-46.4 134.9c-2.3 6.5 0 13.8 5.5 18 2.9 2.1 5.6 3.9 9 3.9 3.3 0 7.2-1.7 10-3.6l118-84.1 118 84.1c2.8 2 6.7 3.6 10 3.6 3.4 0 6.1-1.7 8.9-3.9 5.6-4.2 7.8-11.4 5.5-18L352 307.2l119.9-86 2.9-2.5c2.6-2.8 5.2-6.6 5.2-10.7 0-8.8-8.2-16-17-16zm-127.2 92.5c-10 7.2-14.2 20.2-10.2 31.8l30.1 87.7c1.3 3.7-2.9 6.8-6.1 4.6l-77.4-55.2c-4.9-3.5-10.6-5.2-16.3-5.2-5.7 0-11.4 1.7-16.2 5.2l-77.4 55.1c-3.2 2.3-7.4-.9-6.1-4.6l30.1-87.7c4-11.8-.2-24.8-10.3-32l-81-57.1c-3.2-2.2-1.6-7.3 2.3-7.3H196c12 0 22.7-7.7 26.5-19.1l29.6-88.2c1.2-3.6 6.4-3.6 7.6 0l29.6 88.2c3.8 11.4 14.5 19.1 26.5 19.1h97.3c3.9 0 5.5 5 2.3 7.2l-79.6 57.5z"
              />
            </svg>
            <svg
              fill="currentColor"
              height="1em"
              stroke="currentColor"
              stroke-width="0"
              viewBox="0 0 512 512"
              width="1em"
              xmlns="http://www.w3.org/2000/svg"
            >
              <path
                d="M463 192H315.9L271.2 58.6C269 52.1 262.9 48 256 48s-13 4.1-15.2 10.6L196.1 192H48c-8.8 0-16 7.2-16 16 0 .9.1 1.9.3 2.7.2 3.5 1.8 7.4 6.7 11.3l120.9 85.2-46.4 134.9c-2.3 6.5 0 13.8 5.5 18 2.9 2.1 5.6 3.9 9 3.9 3.3 0 7.2-1.7 10-3.6l118-84.1 118 84.1c2.8 2 6.7 3.6 10 3.6 3.4 0 6.1-1.7 8.9-3.9 5.6-4.2 7.8-11.4 5.5-18L352 307.2l119.9-86 2.9-2.5c2.6-2.8 5.2-6.6 5.2-10.7 0-8.8-8.2-16-17-16zm-127.2 92.5c-10 7.2-14.2 20.2-10.2 31.8l30.1 87.7c1.3 3.7-2.9 6.8-6.1 4.6l-77.4-55.2c-4.9-3.5-10.6-5.2-16.3-5.2-5.7 0-11.4 1.7-16.2 5.2l-77.4 55.1c-3.2 2.3-7.4-.9-6.1-4.6l30.1-87.7c4-11.8-.2-24.8-10.3-32l-81-57.1c-3.2-2.2-1.6-7.3 2.3-7.3H196c12 0 22.7-7.7 26.5-19.1l29.6-88.2c1.2-3.6 6.4-3.6 7.6 0l29.6 88.2c3.8 11.4 14.5 19.1 26.5 19.1h97.3c3.9 0 5.5 5 2.3 7.2l-79.6 57.5z"
              />
            </svg>
            <span
              aria-label="rates"
              class="text-base ml-2"
              role="presentation"
            >
              2.9
            </span>
          </div>
          <p
            class="line-clamp-3 text-ellipsis"
          >
            Ut esse nihil aut possimus. Fuga illo rerum et quia molestiae. Non quis numquam alias quos provident quis eum molestiae et. Ullam occaecati omnis hic magni. Autem consequatur reiciendis voluptatibus doloremque ut. Iusto aut tenetur atque sed placeat. Et omnis praesentium sed quod aspernatur tempore. Libero modi dolorem et eum ipsum vel tenetur. Velit veritatis veniam suscipit possimus. Alias corrupti tempore sapiente modi et necessitatibus quos ut. Molestiae alias accusantium atque. Iusto aut minus ad ab inventore repellendus.
          </p>
        </div>
      </div>
      <div
        class="flex py-4 gap-3"
      >
        <figure
          aria-label="Cover Image"
          class="flex justify-center items-center"
        >
          <a
            class="relative w-28 h-[calc(7rem/2*3)]"
            href="/books/bk92"
          >
            <span
              style="box-sizing: border-box; display: block; overflow: hidden; background: none; opacity: 1; border: 0px; margin: 0px; padding: 0px; position: absolute; top: 0px; left: 0px; bottom: 0px; right: 0px;"
            >
              <img
                alt="sake"
                data-nimg="fill"
                decoding="async"
                src="data:image/gif;base64,R0lGODlhAQABAIAAAAAAAP///yH5BAEAAAAALAAAAAABAAEAAAIBRAA7"
                style="position: absolute; top: 0px; left: 0px; bottom: 0px; right: 0px; box-sizing: border-box; padding: 0px; margin: auto; display: block; width: 0px; height: 0px; min-width: 100%; max-width: 100%; min-height: 100%; max-height: 100%;"
              />
              <noscript />
            </span>
          </a>
        </figure>
        <div
          class="flex flex-col gap-2 h-[calc(7rem/2*3)]"
        >
          <div
            class="inline-flex justify-start"
          >
            <a
              class="link no-underline text-primary hover:bg-primary hover:text-primary-content focus:bg-primary-focus focus:text-primary-content"
              href="/books/bk92"
            >
              <h2
                class="truncate"
              >
                sake
              </h2>
            </a>
          </div>
          <p
            class="truncate"
          >
            Lenora
          </p>
          <div
            class="inline-flex items-center text-amber-400"
          >
            <svg
              fill="currentColor"
              height="1em"
              stroke="currentColor"
              stroke-width="0"
              viewBox="0 0 512 512"
              width="1em"
              xmlns="http://www.w3.org/2000/svg"
            >
              <path
                d="M463 192H315.9L271.2 58.6C269 52.1 262.9 48 256 48s-13 4.1-15.2 10.6L196.1 192H48c-8.8 0-16 7.2-16 16 0 .9.1 1.9.3 2.7.2 3.5 1.8 7.4 6.7 11.3l120.9 85.2-46.4 134.9c-2.3 6.5 0 13.8 5.5 18 2.9 2.1 5.6 3.9 9 3.9 3.3 0 7.2-1.7 10-3.6l118-84.1 118 84.1c2.8 2 6.7 3.6 10 3.6 3.4 0 6.1-1.7 8.9-3.9 5.6-4.2 7.8-11.4 5.5-18L352 307.2l119.9-86 2.9-2.5c2.6-2.8 5.2-6.6 5.2-10.7 0-8.8-8.2-16-17-16z"
              />
            </svg>
            <svg
              fill="currentColor"
              height="1em"
              stroke="currentColor"
              stroke-width="0"
              viewBox="0 0 512 512"
              width="1em"
              xmlns="http://www.w3.org/2000/svg"
            >
              <path
                d="M463 192H315.9L271.2 58.6C269 52.1 262.9 48 256 48s-13 4.1-15.2 10.6L196.1 192H48c-8.8 0-16 7.2-16 16 0 .9.1 1.9.3 2.7.2 3.5 1.8 7.4 6.7 11.3l120.9 85.2-46.4 134.9c-2.3 6.5 0 13.8 5.5 18 2.9 2.1 5.6 3.9 9 3.9 3.3 0 7.2-1.7 10-3.6l118-84.1 118 84.1c2.8 2 6.7 3.6 10 3.6 3.4 0 6.1-1.7 8.9-3.9 5.6-4.2 7.8-11.4 5.5-18L352 307.2l119.9-86 2.9-2.5c2.6-2.8 5.2-6.6 5.2-10.7 0-8.8-8.2-16-17-16z"
              />
            </svg>
            <svg
              fill="currentColor"
              height="1em"
              stroke="currentColor"
              stroke-width="0"
              viewBox="0 0 512 512"
              width="1em"
              xmlns="http://www.w3.org/2000/svg"
            >
              <path
                d="M463 192H315.9L271.2 58.6C269 52.1 262.9 48 256 48s-13 4.1-15.2 10.6L196.1 192H48c-8.8 0-16 7.2-16 16 0 .9.1 1.9.3 2.7.2 3.5 1.8 7.4 6.7 11.3l120.9 85.2-46.4 134.9c-2.3 6.5 0 13.8 5.5 18 2.9 2.1 5.6 3.9 9 3.9 3.3 0 7.2-1.7 10-3.6l118-84.1 118 84.1c2.8 2 6.7 3.6 10 3.6 3.4 0 6.1-1.7 8.9-3.9 5.6-4.2 7.8-11.4 5.5-18L352 307.2l119.9-86 2.9-2.5c2.6-2.8 5.2-6.6 5.2-10.7 0-8.8-8.2-16-17-16zm-127.2 92.5c-10 7.2-14.2 20.2-10.2 31.8l30.1 87.7c1.3 3.7-2.9 6.8-6.1 4.6l-77.4-55.2c-4.9-3.5-10.6-5.2-16.3-5.2-5.7 0-11.4 1.7-16.2 5.2l-77.4 55.1c-3.2 2.3-7.4-.9-6.1-4.6l30.1-87.7c4-11.8-.2-24.8-10.3-32l-81-57.1c-3.2-2.2-1.6-7.3 2.3-7.3H196c12 0 22.7-7.7 26.5-19.1l29.6-88.2c1.2-3.6 6.4-3.6 7.6 0l29.6 88.2c3.8 11.4 14.5 19.1 26.5 19.1h97.3c3.9 0 5.5 5 2.3 7.2l-79.6 57.5z"
              />
            </svg>
            <svg
              fill="currentColor"
              height="1em"
              stroke="currentColor"
              stroke-width="0"
              viewBox="0 0 512 512"
              width="1em"
              xmlns="http://www.w3.org/2000/svg"
            >
              <path
                d="M463 192H315.9L271.2 58.6C269 52.1 262.9 48 256 48s-13 4.1-15.2 10.6L196.1 192H48c-8.8 0-16 7.2-16 16 0 .9.1 1.9.3 2.7.2 3.5 1.8 7.4 6.7 11.3l120.9 85.2-46.4 134.9c-2.3 6.5 0 13.8 5.5 18 2.9 2.1 5.6 3.9 9 3.9 3.3 0 7.2-1.7 10-3.6l118-84.1 118 84.1c2.8 2 6.7 3.6 10 3.6 3.4 0 6.1-1.7 8.9-3.9 5.6-4.2 7.8-11.4 5.5-18L352 307.2l119.9-86 2.9-2.5c2.6-2.8 5.2-6.6 5.2-10.7 0-8.8-8.2-16-17-16zm-127.2 92.5c-10 7.2-14.2 20.2-10.2 31.8l30.1 87.7c1.3 3.7-2.9 6.8-6.1 4.6l-77.4-55.2c-4.9-3.5-10.6-5.2-16.3-5.2-5.7 0-11.4 1.7-16.2 5.2l-77.4 55.1c-3.2 2.3-7.4-.9-6.1-4.6l30.1-87.7c4-11.8-.2-24.8-10.3-32l-81-57.1c-3.2-2.2-1.6-7.3 2.3-7.3H196c12 0 22.7-7.7 26.5-19.1l29.6-88.2c1.2-3.6 6.4-3.6 7.6 0l29.6 88.2c3.8 11.4 14.5 19.1 26.5 19.1h97.3c3.9 0 5.5 5 2.3 7.2l-79.6 57.5z"
              />
            </svg>
            <svg
              fill="currentColor"
              height="1em"
              stroke="currentColor"
              stroke-width="0"
              viewBox="0 0 512 512"
              width="1em"
              xmlns="http://www.w3.org/2000/svg"
            >
              <path
                d="M463 192H315.9L271.2 58.6C269 52.1 262.9 48 256 48s-13 4.1-15.2 10.6L196.1 192H48c-8.8 0-16 7.2-16 16 0 .9.1 1.9.3 2.7.2 3.5 1.8 7.4 6.7 11.3l120.9 85.2-46.4 134.9c-2.3 6.5 0 13.8 5.5 18 2.9 2.1 5.6 3.9 9 3.9 3.3 0 7.2-1.7 10-3.6l118-84.1 118 84.1c2.8 2 6.7 3.6 10 3.6 3.4 0 6.1-1.7 8.9-3.9 5.6-4.2 7.8-11.4 5.5-18L352 307.2l119.9-86 2.9-2.5c2.6-2.8 5.2-6.6 5.2-10.7 0-8.8-8.2-16-17-16zm-127.2 92.5c-10 7.2-14.2 20.2-10.2 31.8l30.1 87.7c1.3 3.7-2.9 6.8-6.1 4.6l-77.4-55.2c-4.9-3.5-10.6-5.2-16.3-5.2-5.7 0-11.4 1.7-16.2 5.2l-77.4 55.1c-3.2 2.3-7.4-.9-6.1-4.6l30.1-87.7c4-11.8-.2-24.8-10.3-32l-81-57.1c-3.2-2.2-1.6-7.3 2.3-7.3H196c12 0 22.7-7.7 26.5-19.1l29.6-88.2c1.2-3.6 6.4-3.6 7.6 0l29.6 88.2c3.8 11.4 14.5 19.1 26.5 19.1h97.3c3.9 0 5.5 5 2.3 7.2l-79.6 57.5z"
              />
            </svg>
            <span
              aria-label="rates"
              class="text-base ml-2"
              role="presentation"
            >
              4.8
            </span>
          </div>
          <p
            class="line-clamp-3 text-ellipsis"
          >
            Totam quia voluptatum voluptas. Nobis nulla molestias autem quia consequatur commodi. Qui quia ipsam velit est. Temporibus voluptas et deserunt nemo voluptate et inventore facere. Atque tempora qui ab atque incidunt assumenda similique laborum. Facilis eius quo temporibus sequi omnis quidem. Soluta et error mollitia aut amet ut facere maiores. Dolor voluptas vel et. At molestias debitis est. Veritatis veniam iste.
          </p>
        </div>
      </div>
    </div>
  </div>
  <div />
</div>
`;
